[    0.000000] Initializing cgroup subsys cpuset
[    0.000000] Initializing cgroup subsys cpu
[    0.000000] Initializing cgroup subsys cpuacct
[    0.000000] Linux version 4.4.0-173-generic (buildd@lgw01-amd64-037) (gcc version 5.4.0 20160609 (Ubuntu 5.4.0-6ubuntu1~16.04.12) ) #203-Ubuntu SMP Wed Jan 15 02:55:01 UTC 2020 (Ubuntu 4.4.0-173.203-generic 4.4.208)
[    0.000000] Command line: BOOT_IMAGE=/boot/vmlinuz-4.4.0-173-generic root=LABEL=cloudimg-rootfs ro console=tty1 console=ttyS0
[    0.000000] KERNEL supported cpus:
[    0.000000]   Intel GenuineIntel
[    0.000000]   AMD AuthenticAMD
[    0.000000]   Centaur CentaurHauls
[    0.000000] x86/fpu: xstate_offset[2]:  576, xstate_sizes[2]:  256
[    0.000000] x86/fpu: Supporting XSAVE feature 0x01: 'x87 floating point registers'
[    0.000000] x86/fpu: Supporting XSAVE feature 0x02: 'SSE registers'
[    0.000000] x86/fpu: Supporting XSAVE feature 0x04: 'AVX registers'
[    0.000000] x86/fpu: Enabled xstate features 0x7, context size is 832 bytes, using 'standard' format.
[    0.000000] e820: BIOS-provided physical RAM map:
[    0.000000] BIOS-e820: [mem 0x0000000000000000-0x000000000009fbff] usable
[    0.000000] BIOS-e820: [mem 0x000000000009fc00-0x000000000009ffff] reserved
[    0.000000] BIOS-e820: [mem 0x00000000000f0000-0x00000000000fffff] reserved
[    0.000000] BIOS-e820: [mem 0x0000000000100000-0x000000001ffeffff] usable
[    0.000000] BIOS-e820: [mem 0x000000001fff0000-0x000000001fffffff] ACPI data
[    0.000000] BIOS-e820: [mem 0x00000000fec00000-0x00000000fec00fff] reserved
[    0.000000] BIOS-e820: [mem 0x00000000fee00000-0x00000000fee00fff] reserved
[    0.000000] BIOS-e820: [mem 0x00000000fffc0000-0x00000000ffffffff] reserved
[    0.000000] NX (Execute Disable) protection: active
[    0.000000] SMBIOS 2.5 present.
[    0.000000] Hypervisor detected: KVM
[    0.000000] e820: last_pfn = 0x1fff0 max_arch_pfn = 0x400000000
[    0.000000] MTRR: Disabled
[    0.000000] x86/PAT: MTRRs disabled, skipping PAT initialization too.
[    0.000000] CPU MTRRs all blank - virtualized system.
[    0.000000] x86/PAT: Configuration [0-7]: WB  WT  UC- UC  WB  WT  UC- UC  
[    0.000000] found SMP MP-table at [mem 0x0009fff0-0x0009ffff] mapped at [ffff88000009fff0]
[    0.000000] Scanning 1 areas for low memory corruption
[    0.000000] RAMDISK: [mem 0x1e8bc000-0x1f741fff]
[    0.000000] ACPI: Early table checksum verification disabled
[    0.000000] ACPI: RSDP 0x00000000000E0000 000024 (v02 VBOX  )
[    0.000000] ACPI: XSDT 0x000000001FFF0030 00003C (v01 VBOX   VBOXXSDT 00000001 ASL  00000061)
[    0.000000] ACPI: FACP 0x000000001FFF00F0 0000F4 (v04 VBOX   VBOXFACP 00000001 ASL  00000061)
[    0.000000] ACPI: DSDT 0x000000001FFF0470 002325 (v02 VBOX   VBOXBIOS 00000002 INTL 20100528)
[    0.000000] ACPI: FACS 0x000000001FFF0200 000040
[    0.000000] ACPI: FACS 0x000000001FFF0200 000040
[    0.000000] ACPI: APIC 0x000000001FFF0240 00005C (v02 VBOX   VBOXAPIC 00000001 ASL  00000061)
[    0.000000] ACPI: SSDT 0x000000001FFF02A0 0001CC (v01 VBOX   VBOXCPUT 00000002 INTL 20100528)
[    0.000000] No NUMA configuration found
[    0.000000] Faking a node at [mem 0x0000000000000000-0x000000001ffeffff]
[    0.000000] NODE_DATA(0) allocated [mem 0x1ffeb000-0x1ffeffff]
[    0.000000] kvm-clock: Using msrs 4b564d01 and 4b564d00
[    0.000000] kvm-clock: cpu 0, msr 0:1ffe3001, primary cpu clock
[    0.000000] kvm-clock: using sched offset of 3247444324 cycles
[    0.000000] clocksource: kvm-clock: mask: 0xffffffffffffffff max_cycles: 0x1cd42e4dffb, max_idle_ns: 881590591483 ns
[    0.000000] Zone ranges:
[    0.000000]   DMA      [mem 0x0000000000001000-0x0000000000ffffff]
[    0.000000]   DMA32    [mem 0x0000000001000000-0x000000001ffeffff]
[    0.000000]   Normal   empty
[    0.000000]   Device   empty
[    0.000000] Movable zone start for each node
[    0.000000] Early memory node ranges
[    0.000000]   node   0: [mem 0x0000000000001000-0x000000000009efff]
[    0.000000]   node   0: [mem 0x0000000000100000-0x000000001ffeffff]
[    0.000000] Initmem setup node 0 [mem 0x0000000000001000-0x000000001ffeffff]
[    0.000000] ACPI: PM-Timer IO Port: 0x4008
[    0.000000] IOAPIC[0]: apic_id 2, version 32, address 0xfec00000, GSI 0-23
[    0.000000] ACPI: INT_SRC_OVR (bus 0 bus_irq 0 global_irq 2 dfl dfl)
[    0.000000] ACPI: INT_SRC_OVR (bus 0 bus_irq 9 global_irq 9 low level)
[    0.000000] Using ACPI (MADT) for SMP configuration information
[    0.000000] smpboot: Allowing 2 CPUs, 0 hotplug CPUs
[    0.000000] PM: Registered nosave memory: [mem 0x00000000-0x00000fff]
[    0.000000] PM: Registered nosave memory: [mem 0x0009f000-0x0009ffff]
[    0.000000] PM: Registered nosave memory: [mem 0x000a0000-0x000effff]
[    0.000000] PM: Registered nosave memory: [mem 0x000f0000-0x000fffff]
[    0.000000] e820: [mem 0x20000000-0xfebfffff] available for PCI devices
[    0.000000] Booting paravirtualized kernel on KVM
[    0.000000] clocksource: refined-jiffies: mask: 0xffffffff max_cycles: 0xffffffff, max_idle_ns: 7645519600211568 ns
[    0.000000] setup_percpu: NR_CPUS:512 nr_cpumask_bits:512 nr_cpu_ids:2 nr_node_ids:1
[    0.000000] PERCPU: Embedded 33 pages/cpu @ffff88001fc00000 s95448 r8192 d31528 u1048576
[    0.000000] Built 1 zonelists in Node order, mobility grouping on.  Total pages: 128888
[    0.000000] Policy zone: DMA32
[    0.000000] Kernel command line: BOOT_IMAGE=/boot/vmlinuz-4.4.0-173-generic root=LABEL=cloudimg-rootfs ro console=tty1 console=ttyS0
[    0.000000] PID hash table entries: 2048 (order: 2, 16384 bytes)
[    0.000000] Memory: 481600K/523832K available (8626K kernel code, 1336K rwdata, 4032K rodata, 1488K init, 1292K bss, 42232K reserved, 0K cma-reserved)
[    0.000000] SLUB: HWalign=64, Order=0-3, MinObjects=0, CPUs=2, Nodes=1
[    0.000000] Kernel/User page tables isolation: enabled
[    0.000000] Hierarchical RCU implementation.
[    0.000000] 	Build-time adjustment of leaf fanout to 64.
[    0.000000] 	RCU restricting CPUs from NR_CPUS=512 to nr_cpu_ids=2.
[    0.000000] RCU: Adjusting geometry for rcu_fanout_leaf=64, nr_cpu_ids=2
[    0.000000] NR_IRQS:33024 nr_irqs:440 16
[    0.000000] Console: colour VGA+ 80x25
[    0.000000] console [tty1] enabled
[    0.000000] console [ttyS0] enabled
[    0.000000] tsc: Detected 2592.002 MHz processor
[    0.139652] Calibrating delay loop (skipped) preset value.. 5184.00 BogoMIPS (lpj=10368008)
[    0.141463] pid_max: default: 32768 minimum: 301
[    0.142564] ACPI: Core revision 20150930
[    0.145834] ACPI: 2 ACPI AML tables successfully acquired and loaded
[    0.147301] Security Framework initialized
[    0.148199] Yama: becoming mindful.
[    0.149002] AppArmor: AppArmor initialized
[    0.149940] Dentry cache hash table entries: 65536 (order: 7, 524288 bytes)
[    0.151462] Inode-cache hash table entries: 32768 (order: 6, 262144 bytes)
[    0.152876] Mount-cache hash table entries: 1024 (order: 1, 8192 bytes)
[    0.154118] Mountpoint-cache hash table entries: 1024 (order: 1, 8192 bytes)
[    0.155577] Initializing cgroup subsys io
[    0.156451] Initializing cgroup subsys memory
[    0.157379] Initializing cgroup subsys devices
[    0.158319] Initializing cgroup subsys freezer
[    0.159349] Initializing cgroup subsys net_cls
[    0.160294] Initializing cgroup subsys perf_event
[    0.161271] Initializing cgroup subsys net_prio
[    0.162256] Initializing cgroup subsys hugetlb
[    0.163309] Initializing cgroup subsys pids
[    0.165331] mce: CPU supports 0 MCE banks
[    0.166221] Last level iTLB entries: 4KB 64, 2MB 8, 4MB 8
[    0.167371] Last level dTLB entries: 4KB 64, 2MB 0, 4MB 0, 1GB 4
[    0.168617] Spectre V1 : Mitigation: usercopy/swapgs barriers and __user pointer sanitization
[    0.170344] Spectre V2 : Mitigation: Full generic retpoline
[    0.171418] Spectre V2 : Spectre v2 / SpectreRSB mitigation: Filling RSB on context switch
[    0.173258] Speculative Store Bypass: Vulnerable
[    0.174689] MDS: Vulnerable: Clear CPU buffers attempted, no microcode
[    0.178826] Freeing SMP alternatives memory: 36K
[    0.185227] ftrace: allocating 32304 entries in 127 pages
[    0.239199] smpboot: APIC(0) Converting physical 0 to logical package 0
[    0.240539] smpboot: Max logical packages: 1
[    0.241793] x2apic enabled
[    0.242770] Switched APIC routing to physical x2apic.
[    0.245495] ..TIMER: vector=0x30 apic1=0 pin1=2 apic2=-1 pin2=-1
[    0.354652] smpboot: CPU0: Intel(R) Core(TM) i7-9750H CPU @ 2.60GHz (family: 0x6, model: 0x9e, stepping: 0xa)
[    0.357036] Performance Events: unsupported p6 CPU model 158 no PMU driver, software events only.
[    0.366896] KVM setup paravirtual spinlock
[    0.368394] x86: Booting SMP configuration:
[    0.369316] .... node  #0, CPUs:      #1
[    0.370349] kvm-clock: cpu 1, msr 0:1ffe3041, secondary cpu clock
[    0.372200] mce: CPU supports 0 MCE banks
[    0.374747] x86: Booted up 1 node, 2 CPUs
[    0.375909] smpboot: Total of 2 processors activated (10368.00 BogoMIPS)
[    0.378031] devtmpfs: initialized
[    0.379895] evm: security.selinux
[    0.380682] evm: security.SMACK64
[    0.381461] evm: security.SMACK64EXEC
[    0.382344] evm: security.SMACK64TRANSMUTE
[    0.383298] evm: security.SMACK64MMAP
[    0.384137] evm: security.ima
[    0.384871] evm: security.capability
[    0.385878] clocksource: jiffies: mask: 0xffffffff max_cycles: 0xffffffff, max_idle_ns: 7645041785100000 ns
[    0.388023] futex hash table entries: 512 (order: 3, 32768 bytes)
[    0.389382] pinctrl core: initialized pinctrl subsystem
[    0.390538] RTC time: 16:18:44, date: 03/17/20
[    0.391698] NET: Registered protocol family 16
[    0.403474] cpuidle: using governor ladder
[    0.416552] cpuidle: using governor menu
[    0.417789] PCCT header not found.
[    0.418999] ACPI: bus type PCI registered
[    0.420191] acpiphp: ACPI Hot Plug PCI Controller Driver version: 0.5
[    0.421569] PCI: Using configuration type 1 for base access
[    0.435912] ACPI: Added _OSI(Module Device)
[    0.436890] ACPI: Added _OSI(Processor Device)
[    0.437804] ACPI: Added _OSI(3.0 _SCP Extensions)
[    0.438871] ACPI: Added _OSI(Processor Aggregator Device)
[    0.440518] ACPI: Executed 1 blocks of module-level executable AML code
[    0.444212] ACPI: Interpreter enabled
[    0.445297] ACPI: (supports S0 S5)
[    0.446107] ACPI: Using IOAPIC for interrupt routing
[    0.447331] PCI: Using host bridge windows from ACPI; if necessary, use "pci=nocrs" and report a bug
[    0.452122] ACPI: PCI Root Bridge [PCI0] (domain 0000 [bus 00-ff])
[    0.453343] acpi PNP0A03:00: _OSC: OS supports [ASPM ClockPM Segments MSI]
[    0.455013] acpi PNP0A03:00: _OSC: not requesting OS control; OS requires [ExtendedConfig ASPM ClockPM MSI]
[    0.456988] acpi PNP0A03:00: fail to add MMCONFIG information, can't access extended PCI configuration space under this bridge.
[    0.459591] PCI host bridge to bus 0000:00
[    0.460667] pci_bus 0000:00: root bus resource [io  0x0000-0x0cf7 window]
[    0.462000] pci_bus 0000:00: root bus resource [io  0x0d00-0xffff window]
[    0.463402] pci_bus 0000:00: root bus resource [mem 0x000a0000-0x000bffff window]
[    0.465114] pci_bus 0000:00: root bus resource [mem 0x20000000-0xfdffffff window]
[    0.466674] pci_bus 0000:00: root bus resource [bus 00-ff]
[    0.469320] pci 0000:00:01.1: legacy IDE quirk: reg 0x10: [io  0x01f0-0x01f7]
[    0.470813] pci 0000:00:01.1: legacy IDE quirk: reg 0x14: [io  0x03f6]
[    0.472034] pci 0000:00:01.1: legacy IDE quirk: reg 0x18: [io  0x0170-0x0177]
[    0.474746] pci 0000:00:01.1: legacy IDE quirk: reg 0x1c: [io  0x0376]
[    0.494761] pci 0000:00:07.0: quirk: [io  0x4000-0x403f] claimed by PIIX4 ACPI
[    0.496181] pci 0000:00:07.0: quirk: [io  0x4100-0x410f] claimed by PIIX4 SMB
[    0.502365] ACPI: PCI Interrupt Link [LNKA] (IRQs 5 9 10 *11)
[    0.503884] ACPI: PCI Interrupt Link [LNKB] (IRQs 5 9 *10 11)
[    0.505290] ACPI: PCI Interrupt Link [LNKC] (IRQs 5 *9 10 11)
[    0.506737] ACPI: PCI Interrupt Link [LNKD] (IRQs 5 9 10 *11)
[    0.508164] ACPI: Enabled 2 GPEs in block 00 to 07
[    0.509506] vgaarb: setting as boot device: PCI:0000:00:02.0
[    0.510533] vgaarb: device added: PCI:0000:00:02.0,decodes=io+mem,owns=io+mem,locks=none
[    0.512080] vgaarb: loaded
[    0.512744] vgaarb: bridge control possible 0000:00:02.0
[    0.513874] SCSI subsystem initialized
[    0.514787] ACPI: bus type USB registered
[    0.515603] usbcore: registered new interface driver usbfs
[    0.516599] usbcore: registered new interface driver hub
[    0.517656] usbcore: registered new device driver usb
[    0.518892] PCI: Using ACPI for IRQ routing
[    0.519956] NetLabel: Initializing
[    0.520673] NetLabel:  domain hash size = 128
[    0.521517] NetLabel:  protocols = UNLABELED CIPSOv4
[    0.522473] NetLabel:  unlabeled traffic allowed by default
[    0.523671] amd_nb: Cannot enumerate AMD northbridges
[    0.524677] clocksource: Switched to clocksource kvm-clock
[    0.530539] AppArmor: AppArmor Filesystem Enabled
[    0.531600] pnp: PnP ACPI init
[    0.533146] pnp: PnP ACPI: found 3 devices
[    0.542603] clocksource: acpi_pm: mask: 0xffffff max_cycles: 0xffffff, max_idle_ns: 2085701024 ns
[    0.544492] NET: Registered protocol family 2
[    0.545615] TCP established hash table entries: 4096 (order: 3, 32768 bytes)
[    0.547000] TCP bind hash table entries: 4096 (order: 4, 65536 bytes)
[    0.548253] TCP: Hash tables configured (established 4096 bind 4096)
[    0.549565] UDP hash table entries: 256 (order: 1, 8192 bytes)
[    0.550746] UDP-Lite hash table entries: 256 (order: 1, 8192 bytes)
[    0.552026] NET: Registered protocol family 1
[    0.553031] pci 0000:00:00.0: Limiting direct PCI/PCI transfers
[    0.554247] pci 0000:00:01.0: Activating ISA DMA hang workarounds
[    0.556043] Unpacking initramfs...
[    0.704051] Freeing initrd memory: 14872K
[    0.705047] clocksource: tsc: mask: 0xffffffffffffffff max_cycles: 0x255cb8d7d74, max_idle_ns: 440795265546 ns
[    0.707074] platform rtc_cmos: registered platform RTC device (no PNP device found)
[    0.708715] Scanning for low memory corruption every 60 seconds
[    0.710267] audit: initializing netlink subsys (disabled)
[    0.711352] audit: type=2000 audit(1584461929.407:1): initialized
[    0.712721] Initialise system trusted keyring
[    0.713789] HugeTLB registered 2 MB page size, pre-allocated 0 pages
[    0.715964] zbud: loaded
[    0.717035] VFS: Disk quotas dquot_6.6.0
[    0.717903] VFS: Dquot-cache hash table entries: 512 (order 0, 4096 bytes)
[    0.719373] squashfs: version 4.0 (2009/01/31) Phillip Lougher
[    0.720779] fuse init (API version 7.23)
[    0.721890] Key type big_key registered
[    0.722690] Allocating IMA MOK and blacklist keyrings.
[    0.725596] Key type asymmetric registered
[    0.726581] Asymmetric key parser 'x509' registered
[    0.728049] Block layer SCSI generic (bsg) driver version 0.4 loaded (major 249)
[    0.730545] io scheduler noop registered
[    0.731537] io scheduler deadline registered (default)
[    0.732920] io scheduler cfq registered
[    0.733971] pci_hotplug: PCI Hot Plug PCI Core version: 0.5
[    0.735427] pciehp: PCI Express Hot Plug Controller Driver version: 0.4
[    0.736870] ACPI: AC Adapter [AC] (on-line)
[    0.737805] input: Power Button as /devices/LNXSYSTM:00/LNXPWRBN:00/input/input0
[    0.739395] ACPI: Power Button [PWRF]
[    0.740281] input: Sleep Button as /devices/LNXSYSTM:00/LNXSLPBN:00/input/input1
[    0.742123] ACPI: Sleep Button [SLPF]
[    0.743704] GHES: HEST is not enabled!
[    0.744245] ACPI: Battery Slot [BAT0] (battery present)
[    0.745807] Serial: 8250/16550 driver, 32 ports, IRQ sharing enabled
[    0.767483] 00:02: ttyS0 at I/O 0x3f8 (irq = 4, base_baud = 115200) is a 16550A
[    0.771622] Linux agpgart interface v0.103
[    0.773842] loop: module loaded
[    0.775556] scsi host0: ata_piix
[    0.776649] scsi host1: ata_piix
[    0.777504] ata1: PATA max UDMA/33 cmd 0x1f0 ctl 0x3f6 bmdma 0xd000 irq 14
[    0.778821] ata2: PATA max UDMA/33 cmd 0x170 ctl 0x376 bmdma 0xd008 irq 15
[    0.780217] libphy: Fixed MDIO Bus: probed
[    0.781121] tun: Universal TUN/TAP device driver, 1.6
[    0.782142] tun: (C) 1999-2004 Max Krasnyansky <maxk@qualcomm.com>
[    0.783411] PPP generic driver version 2.4.2
[    0.784402] ehci_hcd: USB 2.0 'Enhanced' Host Controller (EHCI) Driver
[    0.785809] ehci-pci: EHCI PCI platform driver
[    0.786744] ehci-platform: EHCI generic platform driver
[    0.787796] ohci_hcd: USB 1.1 'Open' Host Controller (OHCI) Driver
[    0.788967] ohci-pci: OHCI PCI platform driver
[    0.790051] ohci-platform: OHCI generic platform driver
[    0.791111] uhci_hcd: USB Universal Host Controller Interface driver
[    0.792404] i8042: PNP: PS/2 Controller [PNP0303:PS2K,PNP0f03:PS2M] at 0x60,0x64 irq 1,12
[    0.794706] serio: i8042 KBD port at 0x60,0x64 irq 1
[    0.795785] serio: i8042 AUX port at 0x60,0x64 irq 12
[    0.797186] mousedev: PS/2 mouse device common for all mice
[    0.798632] input: AT Translated Set 2 keyboard as /devices/platform/i8042/serio0/input/input2
[    0.800792] rtc_cmos rtc_cmos: rtc core: registered rtc_cmos as rtc0
[    0.802100] rtc_cmos rtc_cmos: alarms up to one day, 114 bytes nvram
[    0.803301] i2c /dev entries driver
[    0.804169] device-mapper: uevent: version 1.0.3
[    0.805313] device-mapper: ioctl: 4.34.0-ioctl (2015-10-28) initialised: dm-devel@redhat.com
[    0.807169] ledtrig-cpu: registered to indicate activity on CPUs
[    0.808848] NET: Registered protocol family 10
[    0.810060] NET: Registered protocol family 17
[    0.811039] Key type dns_resolver registered
[    0.812497] registered taskstats version 1
[    0.813432] Loading compiled-in X.509 certificates
[    0.814881] Loaded X.509 cert 'Build time autogenerated kernel key: 4e6a82653c7e3a258f066f23f1954299de63b157'
[    0.816919] zswap: loaded using pool lzo/zbud
[    0.819228] Key type trusted registered
[    0.822600] Key type encrypted registered
[    0.823483] AppArmor: AppArmor sha1 policy hashing enabled
[    0.824729] ima: No TPM chip found, activating TPM-bypass!
[    0.825868] ima: Allocated hash algorithm: sha1
[    0.826848] evm: HMAC attrs: 0x1
[    0.827956]   Magic number: 12:227:338
[    0.828804] tty tty59: hash matches
[    0.829733] rtc_cmos rtc_cmos: setting system clock to 2020-03-17 16:18:45 UTC (1584461925)
[    0.831640] BIOS EDD facility v0.16 2004-Jun-25, 0 devices found
[    0.832847] EDD information not available.
[    0.956992] Freeing unused kernel memory: 1488K
[    0.957968] Write protecting the kernel read-only data: 14336k
[    0.959725] Freeing unused kernel memory: 1604K
[    0.960856] Freeing unused kernel memory: 64K
Loading, please wait...
starting version 229
[    0.971955] random: systemd-udevd: uninitialized urandom read (16 bytes read, 3 bits of entropy available)
[    0.972871] random: udevadm: uninitialized urandom read (16 bytes read, 3 bits of entropy available)
[    0.972885] random: udevadm: uninitialized urandom read (16 bytes read, 3 bits of entropy available)
[    0.978143] random: systemd-udevd: uninitialized urandom read (16 bytes read, 3 bits of entropy available)
[    0.979620] random: udevadm: uninitialized urandom read (16 bytes read, 3 bits of entropy available)
[    0.979708] random: udevadm: uninitialized urandom read (16 bytes read, 3 bits of entropy available)
[    0.979994] random: udevadm: uninitialized urandom read (16 bytes read, 3 bits of entropy available)
[    0.980094] random: udevadm: uninitialized urandom read (16 bytes read, 3 bits of entropy available)
[    0.980131] random: udevadm: uninitialized urandom read (16 bytes read, 3 bits of entropy available)
[    0.980168] random: udevadm: uninitialized urandom read (16 bytes read, 3 bits of entropy available)
[    1.012406] e1000: Intel(R) PRO/1000 Network Driver - version 7.3.21-k8-NAPI
[    1.013854] e1000: Copyright (c) 1999-2006 Intel Corporation.
[    1.018589] Fusion MPT base driver 3.04.20
[    1.019489] Copyright (c) 1999-2008 LSI Corporation
[    1.029060] Fusion MPT SPI Host driver 3.04.20
[    1.034798] AVX2 version of gcm_enc/dec engaged.
[    1.035770] AES CTR mode by8 optimization enabled
[    1.250719] input: ImExPS/2 Generic Explorer Mouse as /devices/platform/i8042/serio1/input/input4
[    1.728933] e1000 0000:00:03.0 eth0: (PCI:33MHz:32-bit) 02:0e:0c:9a:00:f0
[    1.731155] e1000 0000:00:03.0 eth0: Intel(R) PRO/1000 Network Connection
[    2.728363] e1000 0000:00:08.0 eth1: (PCI:33MHz:32-bit) 08:00:27:16:59:33
[    2.729670] e1000 0000:00:08.0 eth1: Intel(R) PRO/1000 Network Connection
[    2.731546] mptbase: ioc0: Initiating bringup
[    2.731656] e1000 0000:00:08.0 enp0s8: renamed from eth1
[    2.750466] e1000 0000:00:03.0 enp0s3: renamed from eth0
[    2.801651] ioc0: LSI53C1030 A0: Capabilities={Initiator}
[    2.969376] scsi host2: ioc0: LSI53C1030 A0, FwRev=00000000h, Ports=1, MaxQ=256, IRQ=20
[    3.090313] scsi 2:0:0:0: Direct-Access     VBOX     HARDDISK         1.0  PQ: 0 ANSI: 5
[    3.095461] scsi target2:0:0: Beginning Domain Validation
[    3.098673] scsi target2:0:0: Domain Validation skipping write tests
[    3.099910] scsi target2:0:0: Ending Domain Validation
[    3.100993] scsi target2:0:0: asynchronous
[    3.102212] scsi 2:0:1:0: Direct-Access     VBOX     HARDDISK         1.0  PQ: 0 ANSI: 5
[    3.114273] scsi target2:0:1: Beginning Domain Validation
[    3.117225] scsi target2:0:1: Domain Validation skipping write tests
[    3.118306] scsi target2:0:1: Ending Domain Validation
[    3.119267] scsi target2:0:1: asynchronous
[    3.124616] sd 2:0:0:0: Attached scsi generic sg0 type 0
[    3.125730] sd 2:0:0:0: [sda] 20971520 512-byte logical blocks: (10.7 GB/10.0 GiB)
[    3.127317] sd 2:0:1:0: Attached scsi generic sg1 type 0
[    3.128414] sd 2:0:1:0: [sdb] 20480 512-byte logical blocks: (10.5 MB/10.0 MiB)
[    3.130039] sd 2:0:0:0: [sda] Write Protect is off
[    3.131037] sd 2:0:1:0: [sdb] Write Protect is off
[    3.132074] sd 2:0:0:0: [sda] Incomplete mode parameter data
[    3.133092] sd 2:0:0:0: [sda] Assuming drive cache: write through
[    3.133163] sd 2:0:1:0: [sdb] Incomplete mode parameter data
[    3.133164] sd 2:0:1:0: [sdb] Assuming drive cache: write through
[    3.216030]  sda: sda1
[    3.219146] sd 2:0:1:0: [sdb] Attached SCSI disk
[    3.224826] sd 2:0:0:0: [sda] Attached SCSI disk
Begin: Loading essential drivers ... [    4.644832] md: linear personality registered for level -1
[    4.647495] md: multipath personality registered for level -4
[    4.650242] md: raid0 personality registered for level 0
[    4.654556] md: raid1 personality registered for level 1
[    4.725129] raid6: sse2x1   gen() 12297 MB/s
[    4.793244] raid6: sse2x1   xor() 10234 MB/s
[    4.860721] raid6: sse2x2   gen() 17246 MB/s
[    4.929850] raid6: sse2x2   xor() 11965 MB/s
[    4.997413] raid6: sse2x4   gen() 18612 MB/s
[    5.065485] raid6: sse2x4   xor() 13229 MB/s
[    5.132810] raid6: avx2x1   gen() 27116 MB/s
[    5.201123] raid6: avx2x2   gen() 30978 MB/s
[    5.269452] raid6: avx2x4   gen() 33964 MB/s
[    5.270423] raid6: using algorithm avx2x4 gen() 33964 MB/s
[    5.271535] raid6: using avx2x2 recovery algorithm
[    5.273681] xor: automatically using best checksumming function:
[    5.312926]    avx       : 33571.000 MB/sec
[    5.314776] async_tx: api initialized (async)
[    5.322525] md: raid6 personality registered for level 6
[    5.323581] md: raid5 personality registered for level 5
[    5.324641] md: raid4 personality registered for level 4
[    5.330222] md: raid10 personality registered for level 10
done.
Begin: Running /scripts/init-premount ... done.
Begin: Mounting root file system ... Begin: Running /scripts/local-top ... done.
Begin: Running /scripts/local-premount ... [    5.354447] Btrfs loaded
Scanning for Btrfs filesystems
done.
Warning: fsck not present, so skipping root file system
[    5.494065] EXT4-fs (sda1): mounted filesystem with ordered data mode. Opts: (null)
done.
Begin: Running /scripts/local-bottom ... done.
Begin: Running /scripts/init-bottom ... done.
[    5.595504] systemd[1]: systemd 229 running in system mode. (+PAM +AUDIT +SELINUX +IMA +APPARMOR +SMACK +SYSVINIT +UTMP +LIBCRYPTSETUP +GCRYPT +GNUTLS +ACL +XZ -LZ4 +SECCOMP +BLKID +ELFUTILS +KMOD -IDN)
[    5.598966] systemd[1]: Detected virtualization oracle.
[    5.600014] systemd[1]: Detected architecture x86-64.

Welcome to [1mUbuntu 16.04.6 LTS[0m!

[    5.604310] systemd[1]: Set hostname to <ubuntu>.
[    5.609732] systemd[1]: Initializing machine ID from random generator.
[    5.611053] systemd[1]: Installed transient /etc/machine-id file.
[    5.725313] systemd[1]: Reached target System Time Synchronized.
[[0;32m  OK  [0m] Reached target System Time Synchronized.
[    5.727365] systemd[1]: Listening on LVM2 poll daemon socket.
[[0;32m  OK  [0m] Listening on LVM2 poll daemon socket.
[    5.729283] systemd[1]: Listening on /dev/initctl Compatibility Named Pipe.
[[0;32m  OK  [0m] Listening on /dev/initctl Compatibility Named Pipe.
[    5.736971] systemd[1]: Listening on udev Kernel Socket.
[[0;32m  OK  [0m] Listening on udev Kernel Socket.
[    5.745986] systemd[1]: Created slice User and Session Slice.
[[0;32m  OK  [0m] Created slice User and Session Slice.
[    5.748182] systemd[1]: Listening on LVM2 metadata daemon socket.
[[0;32m  OK  [0m] Listening on LVM2 metadata daemon socket.
[    5.757418] systemd[1]: Reached target Encrypted Volumes.
[[0;32m  OK  [0m] Reached target Encrypted Volumes.
[    5.759417] systemd[1]: Started Trigger resolvconf update for networkd DNS.
[[0;32m  OK  [0m] Started Trigger resolvconf update for networkd DNS.
[    5.769243] systemd[1]: Started Forward Password Requests to Wall Directory Watch.
[[0;32m  OK  [0m] Started Forward Password Requests to Wall Directory Watch.
[    5.771682] systemd[1]: Listening on Syslog Socket.
[[0;32m  OK  [0m] Listening on Syslog Socket.
[    5.773485] systemd[1]: Listening on Journal Socket (/dev/log).
[[0;32m  OK  [0m] Listening on Journal Socket (/dev/log).
[    5.780836] systemd[1]: Listening on Journal Audit Socket.
[[0;32m  OK  [0m] Listening on Journal Audit Socket.
[    5.782991] systemd[1]: Set up automount Arbitrary Executable File Formats File System Automount Point.
[[0;32m  OK  [0m] Set up automount Arbitrary Executab...ats File System Automount Point.
[    5.786023] systemd[1]: Listening on udev Control Socket.
[[0;32m  OK  [0m] Listening on udev Control Socket.
[    5.787723] systemd[1]: Reached target Swap.
[[0;32m  OK  [0m] Reached target Swap.
[    5.789214] systemd[1]: Listening on Device-mapper event daemon FIFOs.
[[0;32m  OK  [0m] Listening on Device-mapper event daemon FIFOs.
[    5.791249] systemd[1]: Reached target User and Group Name Lookups.
[[0;32m  OK  [0m] Reached target User and Group Name Lookups.
[    5.793270] systemd[1]: Listening on Journal Socket.
[[0;32m  OK  [0m] Listening on Journal Socket.
[    5.800982] systemd[1]: Created slice System Slice.
[[0;32m  OK  [0m] Created slice System Slice.
[    5.820824] systemd[1]: Starting Remount Root and Kernel File Systems...
         Starting Remount Root and Kernel File Systems...
[    5.823255] systemd[1]: Starting Set console keymap...
         Starting Set console keymap...
[    5.825216] systemd[1]: Mounting Huge Pages File System...
[    5.826511] EXT4-fs (sda1): re-mounted. Opts: (null)
         Mounting Huge Pages File System...
[    5.833464] systemd[1]: Mounting Debug File System...
         Mounting Debug File System...
[    5.836663] systemd[1]: Starting Load Kernel Modules...
         Starting Load Kernel Modules...
[    5.844011] Loading iSCSI transport class v2.0-870.
[    5.845309] systemd[1]: Reached target Slices.
[[0;32m  OK  [0m] Reached target Slices.
[    5.848257] systemd[1]: Starting Nameserver information manager...
         Starting Nameserver information manager...
[    5.851206] systemd[1]: Starting Uncomplicated firewall...
         Starting Uncomplicated firewall...
[    5.853407] iscsi: registered transport (tcp)
[    5.861540] systemd[1]: Starting Journal Service...
         Starting Journal Service...
[    5.866015] systemd[1]: Created slice system-serial\x2dgetty.slice.
[[0;32m  OK  [0m] Created slice system-serial\x2dgetty.slice.
[    5.868516] systemd[1]: Starting Create list of required static device nodes for the current kernel...
         Starting Create list of required st... nodes for the current kernel...
[    5.872186] systemd[1]: Starting Monitoring of LVM2 mirrors, snapshots etc. using dmeventd or progress polling...
         Starting Monitoring of LVM2 mirrors... dmeventd or progress polling...
[    5.877698] systemd[1]: Mounting POSIX Message Queue File System...
         Mounting POSIX Message Queue File System...
[    5.886032] systemd[1]: Mounted Debug File System.
[[0;32m  OK  [0m] Mounted Debug File System.
[    5.888946] systemd[1]: Mounted Huge Pages File System.
[[0;32m  OK  [0m] Mounted Huge Pages File System.
[    5.896035] iscsi: registered transport (iser)
[    5.897115] systemd[1]: Mounted POSIX Message Queue File System.
[[0;32m  OK  [0m] Mounted POSIX Message Queue File System.
[    5.898985] systemd[1]: Started Journal Service.
[[0;32m  OK  [0m] Started Journal Service.
[[0;32m  OK  [0m] Started Remount Root and Kernel File Systems.
[[0;32m  OK  [0m] Started Set console keymap.
[[0;32m  OK  [0m] Started Load Kernel Modules.
[[0;32m  OK  [0m] Started Uncomplicated firewall.
[[0;32m  OK  [0m] Started Create list of required sta...ce nodes for the current kernel.
[[0;32m  OK  [0m] Started Nameserver information manager.
[[0;32m  OK  [0m] Started LVM2 metadata daemon.
         Starting Create Static Device Nodes in /dev...
         Mounting FUSE Control File System...
         Starting Apply Kernel Variables...
         Starting Load/Save Random Seed...
         Starting udev Coldplug all Devices...
         Starting Flush Journal to Persistent Storage...
[[0;32m  OK  [0m] Mounted FUSE Control File System.
[[0;32m  OK  [0m] Started Load/Save Random Seed.
[    5.979911] systemd-journald[385]: Received request to flush runtime journal from PID 1
[[0;32m  OK  [0m] Started Flush Journal to Persistent Storage.
[[0;32m  OK  [0m] Started Apply Kernel Variables.
[[0;32m  OK  [0m] Started Create Static Device Nodes in /dev.
[[0;32m  OK  [0m] Started udev Coldplug all Devices.
         Starting udev Kernel Device Manager...
[[0;32m  OK  [0m] Started udev Kernel Device Manager.
[[0;32m  OK  [0m] Started Dispatch Password Requests to Console Directory Watch.
[[0;32m  OK  [0m] Found device /dev/ttyS0.
[[0;32m  OK  [0m] Listening on Load/Save RF Kill Switch Status /dev/rfkill Watch.
[[0;32m  OK  [0m] Started Monitoring of LVM2 mirrors,...ng dmeventd or progress polling.
[[0;32m  OK  [0m] Reached target Local File Systems (Pre).
[[0;32m  OK  [0m] Reached target Local File Systems.
         Starting Set console font and keymap...
         Starting Tell Plymouth To Write Out Runtime Data...
         Starting Commit a transient machine-id on disk...
         Starting Initial cloud-init job (pre-networking)...
         Starting LSB: AppArmor initialization...
         Starting Create Volatile Files and Directories...
[[0;32m  OK  [0m] Started Tell Plymouth To Write Out Runtime Data.
[[0;32m  OK  [0m] Started Create Volatile Files and Directories.
         Starting Update UTMP about System Boot/Shutdown...
[[0;32m  OK  [0m] Started Update UTMP about System Boot/Shutdown.
[[0;32m  OK  [0m] Started Commit a transient machine-id on disk.
[[0;32m  OK  [0m] Started Set console font and keymap.
[[0;32m  OK  [0m] Created slice system-getty.slice.
[    7.797894] cloud-init[646]: Cloud-init v. 19.4-33-gbb4131a2-0ubuntu1~16.04.1 running 'init-local' at Tue, 17 Mar 2020 16:18:52 +0000. Up 7.27 seconds.
[[0;32m  OK  [0m] Started Initial cloud-init job (pre-networking).
[[0;32m  OK  [0m] Reached target Network (Pre).
[[0;32m  OK  [0m] Started LSB: AppArmor initialization.
         Starting Raise network interfaces...
[[0;32m  OK  [0m] Started Raise network interfaces.
         Starting Initial cloud-init job (metadata service crawler)...
[[0;32m  OK  [0m] Reached target Network.
[    9.626923] cloud-init[970]: Cloud-init v. 19.4-33-gbb4131a2-0ubuntu1~16.04.1 running 'init' at Tue, 17 Mar 2020 16:18:53 +0000. Up 9.01 seconds.
[    9.628215] cloud-init[970]: ci-info: ++++++++++++++++++++++++++++++++++++Net device info+++++++++++++++++++++++++++++++++++++
[    9.636846] cloud-init[970]: ci-info: +--------+-------+------------------------+---------------+--------+-------------------+
[    9.644574] cloud-init[970]: ci-info: | Device |   Up  |        Address         |      Mask     | Scope  |     Hw-Address    |
[    9.652376] cloud-init[970]: ci-info: +--------+-------+------------------------+---------------+--------+-------------------+
[[0;32m  OK  [0m] Started Initial cloud-init job (metadata service crawler).
[[0;32m  OK  [0m] Reached target System Initialization.
[[0;32m  OK  [0m] Listening on D-Bus System Message Bus Socket.
         Starting Socket activation for snappy daemon.
[    9.666364] cloud-init[970]: ci-info: | enp0s3 |  True |       10.0.2.15        | 255.255.255.0 | global | 02:0e:0c:9a:00:f0 |
[    9.800360] cloud-init[970]: ci-info: | enp0s3 |  True | fe80::e:cff:fe9a:f0/64 |       .       |  link  | 02:0e:0c:9a:00:f0 |
[    9.813767] cloud-init[970]: ci-info: | enp0s8 | False |           .            |       .       |   .    | 08:00:27:16:59:33 |[[0;32m  OK  [0m] Started Message of the Day.
[[0;32m  OK  [0m] Listening on ACPID Listen Socket.
[[0;32m  OK  [0m] Listening on UUID daemon activation socket.
[[0;32m  OK  [0m] Started Daily Cleanup of Temporary Directories.

[    9.880783] cloud-init[970]: ci-info: |   lo   |  True |       127.0.0.1        |   255.0.0.0   |  host  |         .         |[[0;32m  OK  [0m] Started ACPI Events Check.
[[0;32m  OK  [0m] Reached target Paths.

[   10.380003] [[0;32m  OK  [0m] Started Daily apt download activities.
cloud-init[970]: ci-info: |   lo   |  True |        ::1/128         |       .       |  host  |         .         |
[   10.382313] cloud-init[970]: ci-info: +--------+-------+------------------------+---------------+--------+-------------------+
[   10.388844] cloud-init[970]: ci-info: +++++++++++++++++++++++++++Route IPv4 info++++++++++++++++++++++++++++
[   10.390135] cloud-init[970]: ci-info: +-------+-------------+----------+---------------+-----------+-------+
[   10.391532] cloud-init[970]: ci-info: | Route | Destination | Gateway  |    Genmask    | Interface | Flags |
[   10.392922] cloud-init[970]: ci-info: +-------+-------------+----------+---------------+-----------+-------+
[   10.439688]          cloud-initStarting LXD - unix socket.[970]: 
ci-info: |   0   |   0.0.0.0   | 10.0.2.2 |    0.0.0.0    |   enp0s3  |   UG  |
[   10.440981] [cloud-init[0;32m  OK  [0m[970]: ] ci-info: |   1   |   10.0.2.0  | 0.0.0.0  | 255.255.255.0 |   enp0s3  |   U   |Started Daily apt upgrade and clean activities.

[[0;32m  OK  [0m] Reached target Timers.
[   10.441306] [cloud-init[0;32m  OK  [0m[970]: ] ci-info: +-------+-------------+----------+---------------+-----------+-------+Reached target Cloud-config availability.

[   10.456304] [cloud-init[0;32m  OK  [0m[970]: ] ci-info: +++++++++++++++++++Route IPv6 info+++++++++++++++++++Reached target Network is Online.

[   10.457615] cloud-init[970]: ci-info: +-------+-------------+---------+-----------+-------+
[   10.464226] cloud-init[970]: ci-info: | Route | Destination | Gateway | Interface | Flags |
[   10.465442] cloud-init[970]: ci-info: +-------+-------------+---------+-----------+-------+
[   10.472287]          cloud-initStarting iSCSI initiator daemon (iscsid)...[970]: 
ci-info: |   0   |  fe80::/64  |    ::   |   enp0s3  |   U   |
[   10.480783] cloud-init[970]: ci-info: |   3   |   ff00::/8  |    ::   |   enp0s3  |   U   |
[[0;32m  OK  [0m] Listening on Socket activation for snappy daemon.
[[0;32m  OK  [0m] Listening on LXD - unix socket.
[   10.481729] cloud-init[970]: ci-info: +-------+-------------+---------+-----------+-------+
[   10.493987] cloud-init[970]: Generating public/private rsa key pair.
[   10.500635] cloud-init[970]: Your identification has been saved in /etc/ssh/ssh_host_rsa_key.
[   10.508886] [cloud-init[0;32m  OK  [0m[970]: ] Your public key has been saved in /etc/ssh/ssh_host_rsa_key.pub.Reached target Sockets.

[   10.509878] [cloud-init[0;32m  OK  [0m[970]: ] The key fingerprint is:Reached target Basic System.

[   10.510664] cloud-init[970]: SHA256:WH8VxMTzvxQQYwwQxzmfQkX9wNSCs2Si7iicgQ0Y4Pc root@ubuntu-xenial         Starting Accounts Service...

[   10.513663]          Starting Login Service...
cloud-init[970]:          Starting LSB: Record successful boot for GRUB...
         Starting /etc/rc.local Compatibility...
         Starting LSB: MD monitoring daemon...
[[0;32m  OK  [0m] Started D-Bus System Message Bus.
The key's randomart image is:
[   10.520175] cloud-init[970]: +---[RSA 2048]----+
[   10.526317] cloud-init[970]: |o        o+o*#B. |
[   10.527417] cloud-init[970]: |o         o=*oOo.|
[   10.529031] cloud-init[970]: | + .    ...+oo+=.|
[   10.530631] cloud-init[970]: |. o .  o.. ..+ .o|
[   10.531716] cloud-init[970]: |   + E..S . o   o|
[   10.533220] cloud-init[970]: |  . o   .  .   ..|
[   10.534166] cloud-init[970]: |   . o o      . .|
[   10.535221] cloud-init[970]: |    + . .      . |
[   10.536292] cloud-init[970]: |     .           |
[   10.537341] cloud-init[970]: +----[SHA256]-----+
[   10.538392] cloud-init[970]: Generating public/private dsa key pair.
[   10.539616] cloud-init[970]: Your identification has been saved in /etc/ssh/ssh_host_dsa_key.
[   10.540918] cloud-init[970]: Your public key has been saved in /etc/ssh/ssh_host_dsa_key.pub.
[   10.542134] cloud-init[970]: The key fingerprint is:
[   10.543031] cloud-init[970]: SHA256:K5/biFy9MKJyPe1h4dGgiKnyGxIYpSwVpSYGyoXp7Bo root@ubuntu-xenial
[   10.544316] cloud-init[970]: The key's randomart image is:
[   10.545565] cloud-init[970]: +---[DSA 1024]----+
[   10.546435] cloud-init[970]: |. *+.            |
[   10.547539] cloud-init[970]: |=*..             |
[   10.548429] cloud-init[970]: |O+o     .        |
[   10.549294] cloud-init[970]: |+* o . . o       |
[   10.550184] cloud-init[970]: |+ o . . S .      |
[   10.550937] cloud-init[970]: |E+     . =       |
[   10.551809] cloud-init[970]: |=..  .o.O .      |
[   10.553473] cloud-init[970]: |oo...ooB.B .     |
[   10.554499] cloud-init[970]: |  o+. oo*.o      |
[   10.555482] cloud-init[970]: +----[SHA256]-----+
[   10.556671] cloud-init[970]: Generating public/private ecdsa key pair.
[   10.558033] cloud-init[970]: Your identification has been saved in /etc/ssh/ssh_host_ecdsa_key.
[   10.559225] cloud-init[970]: Your public key has been saved in /etc/ssh/ssh_host_ecdsa_key.pub.
[   10.560484] cloud-init[970]: The key fingerprint is:
[   10.561331] cloud-init[970]: SHA256:tqpSP4dfwOklhXkD/kCSJ30O+D9uN3WeMiiTJl25FlE root@ubuntu-xenial
[   10.562536] cloud-init[970]: The key's randomart image is:
[   10.563436] cloud-init[970]: +---[ECDSA 256]---+[[0;32m  OK  [0m] Started FUSE filesystem for LXC.

[   10.564837]          Starting System Logging Service...
cloud-init[970]: |      .+o        |[[0;32m  OK  [0m] Started Regular background program processing daemon.
         Starting Virtualbox guest utils...

         Starting Pollinate to seed the pseudo random number generator...
         Starting LXD - container startup/shutdown...
[[0;32m  OK  [0m] Started Deferred execution scheduler.
[[0;32m  OK  [0m] Started ACPI event daemon.
         Starting Snappy daemon...
[[0;32m  OK  [0m] Started iSCSI initiator daemon (iscsid).
[[0;32m  OK  [0m] Started /etc/rc.local Compatibility.
[   10.579650] cloud-init[970]: |      ++++.  E   |
[   10.584880] cloud-init[970]: |       +=++ .    |
[   10.587057] cloud-init[970]: |       ..*.o     |
[   10.596244] cloud-init[970]: |        S.o o    |
[   10.597302] cloud-init[970]: |    .  o =o+  . .|
[   10.599029] cloud-init[970]: |   . . .+.+.+. o.|
[   10.602968] cloud-init[970]: |  .   +o.Bo+oo ..|
[   10.607182] cloud-init[970]: |   ....++.+. .o  |
         Starting Authenticate and Authorize Users to Run Privileged Tasks...
         Starting Login to default iSCSI targets...
[[0;32m  OK  [0m] Started System Logging Service.
[   10.609073] [[0;32m  OK  [0m] Started LSB: Record successful boot for GRUB.
[[0;32m  OK  [0m] Started LSB: MD monitoring daemon.
[[0;32m  OK  [0m] Started Login Service.
[[0;32m  OK  [0m] Started Unattended Upgrades Shutdown.
cloud-init[970]: +----[SHA256]-----+
[   10.621630] cloud-init[970]: Generating public/private ed25519 key pair.
[   10.624829] cloud-init[970]: Your identification has been saved in /etc/ssh/ssh_host_ed25519_key.
[   10.625836] cloud-init[970]: Your public key has been saved in /etc/ssh/ssh_host_ed25519_key.pub.
[   10.626671] cloud-init[970]: The key fingerprint is:
[   10.627592] cloud-init[970]: SHA256:lrrInD9Wc5561yC8c8tDtGNPtRfxJcyNAE2grpM49Ps root@ubuntu-xenial
[   10.628863] cloud-init[970]: The key's randomart image is:
[   10.629740] cloud-init[970]: +--[ED25519 256]--+
[   10.631927] cloud-init[970]: |          o=o+ o |
[   10.632786] cloud-init[970]: |         .  . =.o|
[[0;32m  OK  [0m] Started Login to default iSCSI targets.
[[0;32m  OK  [0m] Reached target Remote File Systems (Pre).
[[0;32m  OK  [0m] Reached target Remote File Systems.
         Starting LSB: automatic crash report generation...
         Starting LSB: Set the CPU Frequency Scaling governor to "ondemand"...
         Starting Permit User Sessions...
         Starting LSB: daemon to balance interrupts for SMP systems...
[   10.634053] cloud-init[970]: |        .      .+|
[   10.644948] [[0;32m  OK  [0m] Started Permit User Sessions.
cloud-init[970]: |       . .  .  .o|
[   10.648544]          cloud-initStarting Terminate Plymouth Boot Screen...[970]: 
|    .   S. . . .o|
         Starting Hold until boot process finishes up...
[   10.654670] [[0;32m  OK  [0m] Started Hold until boot process finishes up.
cloud-init[970]: |   . o =o + * ...|
[   10.659887] cloud-init[970]: |    o *. + * *  .|
[   10.668135] [[0;32m  OK  [0m] Started Terminate Plymouth Boot Screen.
[[0;32m  OK  [0m] Started LSB: Set the CPU Frequency Scaling governor to "ondemand".
[[0;32m  OK  [0m] Started Authenticate and Authorize Users to Run Privileged Tasks.
cloud-init[970]: |   o +o+  *.+ o  |
[   10.672746] [[0;32m  OK  [0m] Started Accounts Service.
cloud-init[970]: |    =o+oEo +oo   |
         Starting Set console scheme...
[[0;32m  OK  [0m] Started Serial Getty on ttyS0.
[[0;32m  OK  [0m] Started Getty on tty1.
[[0;32m  OK  [0m] Reached target Login Prompts.
[[0;32m  OK  [0m] Started LSB: automatic crash report generation.
[   10.689582] [[0;32m  OK  [0m] Started Set console scheme.
cloud-init[970]: +----[SHA256]-----+
[[0;32m  OK  [0m] Started LSB: daemon to balance interrupts for SMP systems.
[[0;32m  OK  [0m] Started LXD - container startup/shutdown.
[[0;32m  OK  [0m] Started Virtualbox guest utils.
[[0;32m  OK  [0m] Started Snappy daemon.
         Starting Wait until snapd is fully seeded...
[[0;32m  OK  [0m] Started Pollinate to seed the pseudo random number generator.
         Starting OpenBSD Secure Shell server...
[[0;32m  OK  [0m] Started OpenBSD Secure Shell server.
[[0;32m  OK  [0m] Started Wait until snapd is fully seeded.
         Starting Apply the settings specified in cloud-config...
[[0;32m  OK  [0m] Reached target Multi-User System.
[[0;32m  OK  [0m] Reached target Graphical Interface.
         Starting Update UTMP about System Runlevel Changes...
[[0;32m  OK  [0m] Started Update UTMP about System Runlevel Changes.
[[0;32m  OK  [0m] Created slice User Slice of vagrant.
         Starting User Manager for UID 1000...
[[0;32m  OK  [0m] Started Session 1 of user vagrant.
[   12.303015] cloud-init[1319]: Generating locales (this might take a while)...
[[0;32m  OK  [0m] Started User Manager for UID 1000.
[   13.090307] cloud-init[1319]:   en_US.UTF-8... done
[   13.096418] cloud-init[1319]: Generation complete.
[   13.369398] cloud-init[1319]: Cloud-init v. 19.4-33-gbb4131a2-0ubuntu1~16.04.1 running 'modules:config' at Tue, 17 Mar 2020 16:18:57 +0000. Up 12.19 seconds.
[[0;32m  OK  [0m] Started Apply the settings specified in cloud-config.
         Starting Execute cloud user/final scripts...
ci-info: no authorized SSH keys fingerprints found for user ubuntu.
<14>Mar 17 16:18:58 ec2: 
<14>Mar 17 16:18:58 ec2: #############################################################
<14>Mar 17 16:18:58 ec2: -----BEGIN SSH HOST KEY FINGERPRINTS-----
<14>Mar 17 16:18:58 ec2: 1024 SHA256:K5/biFy9MKJyPe1h4dGgiKnyGxIYpSwVpSYGyoXp7Bo root@ubuntu-xenial (DSA)
<14>Mar 17 16:18:58 ec2: 256 SHA256:tqpSP4dfwOklhXkD/kCSJ30O+D9uN3WeMiiTJl25FlE root@ubuntu-xenial (ECDSA)
<14>Mar 17 16:18:58 ec2: 256 SHA256:lrrInD9Wc5561yC8c8tDtGNPtRfxJcyNAE2grpM49Ps root@ubuntu-xenial (ED25519)
<14>Mar 17 16:18:58 ec2: 2048 SHA256:WH8VxMTzvxQQYwwQxzmfQkX9wNSCs2Si7iicgQ0Y4Pc root@ubuntu-xenial (RSA)
<14>Mar 17 16:18:58 ec2: -----END SSH HOST KEY FINGERPRINTS-----
<14>Mar 17 16:18:58 ec2: #############################################################
-----BEGIN SSH HOST KEY KEYS-----
ecdsa-sha2-nistp256 AAAAE2VjZHNhLXNoYTItbmlzdHAyNTYAAAAIbmlzdHAyNTYAAABBBGJxTLx1KVvsUu6ENfQR2/pS+Mf8b09eeGuluLkwBnCc0T4c4ROXJCLhsC+Zsf3JnVpXj5V9k1sPV7D3KLYUBN0= root@ubuntu-xenial
ssh-ed25519 AAAAC3NzaC1lZDI1NTE5AAAAIIbQ41FI+U3vlGZAjU6mKs2TdgU8+KYluJuPVZ84wIH7 root@ubuntu-xenial
ssh-rsa AAAAB3NzaC1yc2EAAAADAQABAAABAQDJ3r1iboJlXjf0BPUmZlw+VcDl3mRNJsIM8hHTJPrfNtwFCH9NHcJVoj+4EdjU3S33LvgmDcHxoDr5CN4Y/2OGuAB2vryp2Voj7SBDBYpxcrxvJwmdwWrQg85yTcHR0frpHdbfOikWrAFRh0KqjCfwG/KF87XJVjsuH5uLYVSbwh0/fLNPpI0Io5ydalKpgl23Q1pGLmdVLUFPrDd76AmmIavpqeS1IDVxJltjCS1Vm8iP27WYOF6M1j04IyVpE6Wn0IRr29sKDwucr3stxZJvh3uuowiuPnlieJOhN7T4tmx7nh1zzg5rAu2tDZEnSxRNfK9SQTTP6dy65gBe2Czh root@ubuntu-xenial
-----END SSH HOST KEY KEYS-----
[   13.888494] cloud-init[1476]: Cloud-init v. 19.4-33-gbb4131a2-0ubuntu1~16.04.1 running 'modules:final' at Tue, 17 Mar 2020 16:18:58 +0000. Up 13.73 seconds.
[   13.896787] cloud-init[1476]: ci-info: no authorized SSH keys fingerprints found for user ubuntu.
[   13.904686] cloud-init[1476]: Cloud-init v. 19.4-33-gbb4131a2-0ubuntu1~16.04.1 finished at Tue, 17 Mar 2020 16:18:58 +0000. Datasource DataSourceNoCloud [seed=/dev/sdb][dsmode=net].  Up 13.88 seconds
[[0;32m  OK  [0m] Started Execute cloud user/final scripts.
[[0;32m  OK  [0m] Reached target Cloud-init target.

Ubuntu 16.04.6 LTS ubuntu-xenial ttyS0

ubuntu-xenial login: 