[    0.000000] Initializing cgroup subsys cpuset
[    0.000000] Initializing cgroup subsys cpu
[    0.000000] Initializing cgroup subsys cpuacct
[    0.000000] Linux version 4.4.0-173-generic (buildd@lgw01-amd64-037) (gcc version 5.4.0 20160609 (Ubuntu 5.4.0-6ubuntu1~16.04.12) ) #203-Ubuntu SMP Wed Jan 15 02:55:01 UTC 2020 (Ubuntu 4.4.0-173.203-generic 4.4.208)
[    0.000000] Command line: BOOT_IMAGE=/boot/vmlinuz-4.4.0-173-generic root=LABEL=cloudimg-rootfs ro console=tty1 console=ttyS0
[    0.000000] KERNEL supported cpus:
[    0.000000]   Intel GenuineIntel
[    0.000000]   AMD AuthenticAMD
[    0.000000]   Centaur CentaurHauls
[    0.000000] x86/fpu: xstate_offset[2]:  576, xstate_sizes[2]:  256
[    0.000000] x86/fpu: Supporting XSAVE feature 0x01: 'x87 floating point registers'
[    0.000000] x86/fpu: Supporting XSAVE feature 0x02: 'SSE registers'
[    0.000000] x86/fpu: Supporting XSAVE feature 0x04: 'AVX registers'
[    0.000000] x86/fpu: Enabled xstate features 0x7, context size is 832 bytes, using 'standard' format.
[    0.000000] e820: BIOS-provided physical RAM map:
[    0.000000] BIOS-e820: [mem 0x0000000000000000-0x000000000009fbff] usable
[    0.000000] BIOS-e820: [mem 0x000000000009fc00-0x000000000009ffff] reserved
[    0.000000] BIOS-e820: [mem 0x00000000000f0000-0x00000000000fffff] reserved
[    0.000000] BIOS-e820: [mem 0x0000000000100000-0x000000001ffeffff] usable
[    0.000000] BIOS-e820: [mem 0x000000001fff0000-0x000000001fffffff] ACPI data
[    0.000000] BIOS-e820: [mem 0x00000000fec00000-0x00000000fec00fff] reserved
[    0.000000] BIOS-e820: [mem 0x00000000fee00000-0x00000000fee00fff] reserved
[    0.000000] BIOS-e820: [mem 0x00000000fffc0000-0x00000000ffffffff] reserved
[    0.000000] NX (Execute Disable) protection: active
[    0.000000] SMBIOS 2.5 present.
[    0.000000] Hypervisor detected: KVM
[    0.000000] e820: last_pfn = 0x1fff0 max_arch_pfn = 0x400000000
[    0.000000] MTRR: Disabled
[    0.000000] x86/PAT: MTRRs disabled, skipping PAT initialization too.
[    0.000000] CPU MTRRs all blank - virtualized system.
[    0.000000] x86/PAT: Configuration [0-7]: WB  WT  UC- UC  WB  WT  UC- UC  
[    0.000000] found SMP MP-table at [mem 0x0009fff0-0x0009ffff] mapped at [ffff88000009fff0]
[    0.000000] Scanning 1 areas for low memory corruption
[    0.000000] RAMDISK: [mem 0x1e8bc000-0x1f741fff]
[    0.000000] ACPI: Early table checksum verification disabled
[    0.000000] ACPI: RSDP 0x00000000000E0000 000024 (v02 VBOX  )
[    0.000000] ACPI: XSDT 0x000000001FFF0030 00003C (v01 VBOX   VBOXXSDT 00000001 ASL  00000061)
[    0.000000] ACPI: FACP 0x000000001FFF00F0 0000F4 (v04 VBOX   VBOXFACP 00000001 ASL  00000061)
[    0.000000] ACPI: DSDT 0x000000001FFF0470 002325 (v02 VBOX   VBOXBIOS 00000002 INTL 20100528)
[    0.000000] ACPI: FACS 0x000000001FFF0200 000040
[    0.000000] ACPI: FACS 0x000000001FFF0200 000040
[    0.000000] ACPI: APIC 0x000000001FFF0240 00005C (v02 VBOX   VBOXAPIC 00000001 ASL  00000061)
[    0.000000] ACPI: SSDT 0x000000001FFF02A0 0001CC (v01 VBOX   VBOXCPUT 00000002 INTL 20100528)
[    0.000000] No NUMA configuration found
[    0.000000] Faking a node at [mem 0x0000000000000000-0x000000001ffeffff]
[    0.000000] NODE_DATA(0) allocated [mem 0x1ffeb000-0x1ffeffff]
[    0.000000] kvm-clock: Using msrs 4b564d01 and 4b564d00
[    0.000000] kvm-clock: cpu 0, msr 0:1ffe3001, primary cpu clock
[    0.000000] kvm-clock: using sched offset of 4276934914 cycles
[    0.000000] clocksource: kvm-clock: mask: 0xffffffffffffffff max_cycles: 0x1cd42e4dffb, max_idle_ns: 881590591483 ns
[    0.000000] Zone ranges:
[    0.000000]   DMA      [mem 0x0000000000001000-0x0000000000ffffff]
[    0.000000]   DMA32    [mem 0x0000000001000000-0x000000001ffeffff]
[    0.000000]   Normal   empty
[    0.000000]   Device   empty
[    0.000000] Movable zone start for each node
[    0.000000] Early memory node ranges
[    0.000000]   node   0: [mem 0x0000000000001000-0x000000000009efff]
[    0.000000]   node   0: [mem 0x0000000000100000-0x000000001ffeffff]
[    0.000000] Initmem setup node 0 [mem 0x0000000000001000-0x000000001ffeffff]
[    0.000000] ACPI: PM-Timer IO Port: 0x4008
[    0.000000] IOAPIC[0]: apic_id 2, version 32, address 0xfec00000, GSI 0-23
[    0.000000] ACPI: INT_SRC_OVR (bus 0 bus_irq 0 global_irq 2 dfl dfl)
[    0.000000] ACPI: INT_SRC_OVR (bus 0 bus_irq 9 global_irq 9 low level)
[    0.000000] Using ACPI (MADT) for SMP configuration information
[    0.000000] smpboot: Allowing 2 CPUs, 0 hotplug CPUs
[    0.000000] PM: Registered nosave memory: [mem 0x00000000-0x00000fff]
[    0.000000] PM: Registered nosave memory: [mem 0x0009f000-0x0009ffff]
[    0.000000] PM: Registered nosave memory: [mem 0x000a0000-0x000effff]
[    0.000000] PM: Registered nosave memory: [mem 0x000f0000-0x000fffff]
[    0.000000] e820: [mem 0x20000000-0xfebfffff] available for PCI devices
[    0.000000] Booting paravirtualized kernel on KVM
[    0.000000] clocksource: refined-jiffies: mask: 0xffffffff max_cycles: 0xffffffff, max_idle_ns: 7645519600211568 ns
[    0.000000] setup_percpu: NR_CPUS:512 nr_cpumask_bits:512 nr_cpu_ids:2 nr_node_ids:1
[    0.000000] PERCPU: Embedded 33 pages/cpu @ffff88001fc00000 s95448 r8192 d31528 u1048576
[    0.000000] Built 1 zonelists in Node order, mobility grouping on.  Total pages: 128888
[    0.000000] Policy zone: DMA32
[    0.000000] Kernel command line: BOOT_IMAGE=/boot/vmlinuz-4.4.0-173-generic root=LABEL=cloudimg-rootfs ro console=tty1 console=ttyS0
[    0.000000] PID hash table entries: 2048 (order: 2, 16384 bytes)
[    0.000000] Memory: 481600K/523832K available (8626K kernel code, 1336K rwdata, 4032K rodata, 1488K init, 1292K bss, 42232K reserved, 0K cma-reserved)
[    0.000000] SLUB: HWalign=64, Order=0-3, MinObjects=0, CPUs=2, Nodes=1
[    0.000000] Kernel/User page tables isolation: enabled
[    0.000000] Hierarchical RCU implementation.
[    0.000000] 	Build-time adjustment of leaf fanout to 64.
[    0.000000] 	RCU restricting CPUs from NR_CPUS=512 to nr_cpu_ids=2.
[    0.000000] RCU: Adjusting geometry for rcu_fanout_leaf=64, nr_cpu_ids=2
[    0.000000] NR_IRQS:33024 nr_irqs:440 16
[    0.000000] Console: colour VGA+ 80x25
[    0.000000] console [tty1] enabled
[    0.000000] console [ttyS0] enabled
[    0.000000] tsc: Detected 2592.002 MHz processor
[    0.357612] Calibrating delay loop (skipped) preset value.. 5184.00 BogoMIPS (lpj=10368008)
[    0.360449] pid_max: default: 32768 minimum: 301
[    0.362119] ACPI: Core revision 20150930
[    0.366827] ACPI: 2 ACPI AML tables successfully acquired and loaded
[    0.369178] Security Framework initialized
[    0.370531] Yama: becoming mindful.
[    0.371813] AppArmor: AppArmor initialized
[    0.373429] Dentry cache hash table entries: 65536 (order: 7, 524288 bytes)
[    0.375526] Inode-cache hash table entries: 32768 (order: 6, 262144 bytes)
[    0.377838] Mount-cache hash table entries: 1024 (order: 1, 8192 bytes)
[    0.379871] Mountpoint-cache hash table entries: 1024 (order: 1, 8192 bytes)
[    0.382043] Initializing cgroup subsys io
[    0.383388] Initializing cgroup subsys memory
[    0.384827] Initializing cgroup subsys devices
[    0.386274] Initializing cgroup subsys freezer
[    0.387756] Initializing cgroup subsys net_cls
[    0.389447] Initializing cgroup subsys perf_event
[    0.391001] Initializing cgroup subsys net_prio
[    0.392640] Initializing cgroup subsys hugetlb
[    0.394086] Initializing cgroup subsys pids
[    0.397311] mce: CPU supports 0 MCE banks
[    0.399725] Last level iTLB entries: 4KB 64, 2MB 8, 4MB 8
[    0.402695] Last level dTLB entries: 4KB 64, 2MB 0, 4MB 0, 1GB 4
[    0.405895] Spectre V1 : Mitigation: usercopy/swapgs barriers and __user pointer sanitization
[    0.410525] Spectre V2 : Mitigation: Full generic retpoline
[    0.413473] Spectre V2 : Spectre v2 / SpectreRSB mitigation: Filling RSB on context switch
[    0.417973] Speculative Store Bypass: Vulnerable
[    0.420725] MDS: Vulnerable: Clear CPU buffers attempted, no microcode
[    0.430962] Freeing SMP alternatives memory: 36K
[    0.448166] ftrace: allocating 32304 entries in 127 pages
[    0.580741] smpboot: APIC(0) Converting physical 0 to logical package 0
[    0.584468] smpboot: Max logical packages: 1
[    0.587621] x2apic enabled
[    0.590210] Switched APIC routing to physical x2apic.
[    0.596106] ..TIMER: vector=0x30 apic1=0 pin1=2 apic2=-1 pin2=-1
[    0.707717] smpboot: CPU0: Intel(R) Core(TM) i7-9750H CPU @ 2.60GHz (family: 0x6, model: 0x9e, stepping: 0xa)
[    0.713498] Performance Events: unsupported p6 CPU model 158 no PMU driver, software events only.
[    0.739988] KVM setup paravirtual spinlock
[    0.743666] x86: Booting SMP configuration:
[    0.746098] .... node  #0, CPUs:      #1
[    0.748684] kvm-clock: cpu 1, msr 0:1ffe3041, secondary cpu clock
[    0.752902] mce: CPU supports 0 MCE banks
[    0.756415] x86: Booted up 1 node, 2 CPUs
[    0.759396] smpboot: Total of 2 processors activated (10368.00 BogoMIPS)
[    0.765517] devtmpfs: initialized
[    0.770647] evm: security.selinux
[    0.772761] evm: security.SMACK64
[    0.774849] evm: security.SMACK64EXEC
[    0.777072] evm: security.SMACK64TRANSMUTE
[    0.779439] evm: security.SMACK64MMAP
[    0.781792] evm: security.ima
[    0.783759] evm: security.capability
[    0.786478] clocksource: jiffies: mask: 0xffffffff max_cycles: 0xffffffff, max_idle_ns: 7645041785100000 ns
[    0.791801] futex hash table entries: 512 (order: 3, 32768 bytes)
[    0.795286] pinctrl core: initialized pinctrl subsystem
[    0.798371] RTC time: 17:09:33, date: 03/18/20
[    0.801273] NET: Registered protocol family 16
[    0.817106] cpuidle: using governor ladder
[    0.828347] cpuidle: using governor menu
[    0.830756] PCCT header not found.
[    0.833106] ACPI: bus type PCI registered
[    0.835454] acpiphp: ACPI Hot Plug PCI Controller Driver version: 0.5
[    0.839198] PCI: Using configuration type 1 for base access
[    0.858088] ACPI: Added _OSI(Module Device)
[    0.860729] ACPI: Added _OSI(Processor Device)
[    0.863270] ACPI: Added _OSI(3.0 _SCP Extensions)
[    0.865946] ACPI: Added _OSI(Processor Aggregator Device)
[    0.870555] ACPI: Executed 1 blocks of module-level executable AML code
[    0.879544] ACPI: Interpreter enabled
[    0.881794] ACPI: (supports S0 S5)
[    0.883884] ACPI: Using IOAPIC for interrupt routing
[    0.886968] PCI: Using host bridge windows from ACPI; if necessary, use "pci=nocrs" and report a bug
[    0.901043] ACPI: PCI Root Bridge [PCI0] (domain 0000 [bus 00-ff])
[    0.904207] acpi PNP0A03:00: _OSC: OS supports [ASPM ClockPM Segments MSI]
[    0.908458] acpi PNP0A03:00: _OSC: not requesting OS control; OS requires [ExtendedConfig ASPM ClockPM MSI]
[    0.913804] acpi PNP0A03:00: fail to add MMCONFIG information, can't access extended PCI configuration space under this bridge.
[    0.920819] PCI host bridge to bus 0000:00
[    0.923265] pci_bus 0000:00: root bus resource [io  0x0000-0x0cf7 window]
[    0.926694] pci_bus 0000:00: root bus resource [io  0x0d00-0xffff window]
[    0.930382] pci_bus 0000:00: root bus resource [mem 0x000a0000-0x000bffff window]
[    0.934649] pci_bus 0000:00: root bus resource [mem 0x20000000-0xfdffffff window]
[    0.939669] pci_bus 0000:00: root bus resource [bus 00-ff]
[    0.947016] pci 0000:00:01.1: legacy IDE quirk: reg 0x10: [io  0x01f0-0x01f7]
[    0.950619] pci 0000:00:01.1: legacy IDE quirk: reg 0x14: [io  0x03f6]
[    0.954041] pci 0000:00:01.1: legacy IDE quirk: reg 0x18: [io  0x0170-0x0177]
[    0.957730] pci 0000:00:01.1: legacy IDE quirk: reg 0x1c: [io  0x0376]
[    1.010003] pci 0000:00:07.0: quirk: [io  0x4000-0x403f] claimed by PIIX4 ACPI
[    1.014434] pci 0000:00:07.0: quirk: [io  0x4100-0x410f] claimed by PIIX4 SMB
[    1.030652] ACPI: PCI Interrupt Link [LNKA] (IRQs 5 9 10 *11)
[    1.035473] ACPI: PCI Interrupt Link [LNKB] (IRQs 5 9 *10 11)
[    1.039799] ACPI: PCI Interrupt Link [LNKC] (IRQs 5 *9 10 11)
[    1.044225] ACPI: PCI Interrupt Link [LNKD] (IRQs 5 9 10 *11)
[    1.048559] ACPI: Enabled 2 GPEs in block 00 to 07
[    1.052006] vgaarb: setting as boot device: PCI:0000:00:02.0
[    1.054909] vgaarb: device added: PCI:0000:00:02.0,decodes=io+mem,owns=io+mem,locks=none
[    1.059668] vgaarb: loaded
[    1.061515] vgaarb: bridge control possible 0000:00:02.0
[    1.064848] SCSI subsystem initialized
[    1.067329] ACPI: bus type USB registered
[    1.069695] usbcore: registered new interface driver usbfs
[    1.072732] usbcore: registered new interface driver hub
[    1.075678] usbcore: registered new device driver usb
[    1.078818] PCI: Using ACPI for IRQ routing
[    1.081952] NetLabel: Initializing
[    1.084113] NetLabel:  domain hash size = 128
[    1.086557] NetLabel:  protocols = UNLABELED CIPSOv4
[    1.089354] NetLabel:  unlabeled traffic allowed by default
[    1.092645] amd_nb: Cannot enumerate AMD northbridges
[    1.095616] clocksource: Switched to clocksource kvm-clock
[    1.111538] AppArmor: AppArmor Filesystem Enabled
[    1.114273] pnp: PnP ACPI init
[    1.118081] pnp: PnP ACPI: found 3 devices
[    1.138163] clocksource: acpi_pm: mask: 0xffffff max_cycles: 0xffffff, max_idle_ns: 2085701024 ns
[    1.143211] NET: Registered protocol family 2
[    1.145976] TCP established hash table entries: 4096 (order: 3, 32768 bytes)
[    1.149559] TCP bind hash table entries: 4096 (order: 4, 65536 bytes)
[    1.152785] TCP: Hash tables configured (established 4096 bind 4096)
[    1.156065] UDP hash table entries: 256 (order: 1, 8192 bytes)
[    1.159135] UDP-Lite hash table entries: 256 (order: 1, 8192 bytes)
[    1.162548] NET: Registered protocol family 1
[    1.165016] pci 0000:00:00.0: Limiting direct PCI/PCI transfers
[    1.168166] pci 0000:00:01.0: Activating ISA DMA hang workarounds
[    1.173255] Unpacking initramfs...
[    1.591948] Freeing initrd memory: 14872K
[    1.594484] clocksource: tsc: mask: 0xffffffffffffffff max_cycles: 0x255cb8d7d74, max_idle_ns: 440795265546 ns
[    1.600007] platform rtc_cmos: registered platform RTC device (no PNP device found)
[    1.604499] Scanning for low memory corruption every 60 seconds
[    1.608488] audit: initializing netlink subsys (disabled)
[    1.611428] audit: type=2000 audit(1584551379.119:1): initialized
[    1.615216] Initialise system trusted keyring
[    1.618262] HugeTLB registered 2 MB page size, pre-allocated 0 pages
[    1.624469] zbud: loaded
[    1.626949] VFS: Disk quotas dquot_6.6.0
[    1.629468] VFS: Dquot-cache hash table entries: 512 (order 0, 4096 bytes)
[    1.633444] squashfs: version 4.0 (2009/01/31) Phillip Lougher
[    1.637310] fuse init (API version 7.23)
[    1.640025] Key type big_key registered
[    1.642439] Allocating IMA MOK and blacklist keyrings.
[    1.650089] Key type asymmetric registered
[    1.652505] Asymmetric key parser 'x509' registered
[    1.655345] Block layer SCSI generic (bsg) driver version 0.4 loaded (major 249)
[    1.659805] io scheduler noop registered
[    1.662208] io scheduler deadline registered (default)
[    1.665087] io scheduler cfq registered
[    1.667574] pci_hotplug: PCI Hot Plug PCI Core version: 0.5
[    1.670573] pciehp: PCI Express Hot Plug Controller Driver version: 0.4
[    1.674275] ACPI: AC Adapter [AC] (off-line)
[    1.676969] input: Power Button as /devices/LNXSYSTM:00/LNXPWRBN:00/input/input0
[    1.680983] ACPI: Power Button [PWRF]
[    1.682311] input: Sleep Button as /devices/LNXSYSTM:00/LNXSLPBN:00/input/input1
[    1.684375] ACPI: Sleep Button [SLPF]
[    1.685888] GHES: HEST is not enabled!
[    1.688616] ACPI: Battery Slot [BAT0] (battery present)
[    1.690063] Serial: 8250/16550 driver, 32 ports, IRQ sharing enabled
[    1.712524] 00:02: ttyS0 at I/O 0x3f8 (irq = 4, base_baud = 115200) is a 16550A
[    1.723804] Linux agpgart interface v0.103
[    1.730694] loop: module loaded
[    1.734113] scsi host0: ata_piix
[    1.736511] scsi host1: ata_piix
[    1.738493] ata1: PATA max UDMA/33 cmd 0x1f0 ctl 0x3f6 bmdma 0xd000 irq 14
[    1.742013] ata2: PATA max UDMA/33 cmd 0x170 ctl 0x376 bmdma 0xd008 irq 15
[    1.746467] libphy: Fixed MDIO Bus: probed
[    1.748911] tun: Universal TUN/TAP device driver, 1.6
[    1.751647] tun: (C) 1999-2004 Max Krasnyansky <maxk@qualcomm.com>
[    1.755064] PPP generic driver version 2.4.2
[    1.757745] ehci_hcd: USB 2.0 'Enhanced' Host Controller (EHCI) Driver
[    1.761099] ehci-pci: EHCI PCI platform driver
[    1.763520] ehci-platform: EHCI generic platform driver
[    1.766268] ohci_hcd: USB 1.1 'Open' Host Controller (OHCI) Driver
[    1.769471] ohci-pci: OHCI PCI platform driver
[    1.771914] ohci-platform: OHCI generic platform driver
[    1.774669] uhci_hcd: USB Universal Host Controller Interface driver
[    1.777926] i8042: PNP: PS/2 Controller [PNP0303:PS2K,PNP0f03:PS2M] at 0x60,0x64 irq 1,12
[    1.783624] serio: i8042 KBD port at 0x60,0x64 irq 1
[    1.786577] serio: i8042 AUX port at 0x60,0x64 irq 12
[    1.790124] mousedev: PS/2 mouse device common for all mice
[    1.794751] rtc_cmos rtc_cmos: rtc core: registered rtc_cmos as rtc0
[    1.798383] input: AT Translated Set 2 keyboard as /devices/platform/i8042/serio0/input/input2
[    1.803521] rtc_cmos rtc_cmos: alarms up to one day, 114 bytes nvram
[    1.807089] i2c /dev entries driver
[    1.809660] device-mapper: uevent: version 1.0.3
[    1.812503] device-mapper: ioctl: 4.34.0-ioctl (2015-10-28) initialised: dm-devel@redhat.com
[    1.817332] ledtrig-cpu: registered to indicate activity on CPUs
[    1.821449] NET: Registered protocol family 10
[    1.823058] NET: Registered protocol family 17
[    1.824316] Key type dns_resolver registered
[    1.826154] registered taskstats version 1
[    1.827389] Loading compiled-in X.509 certificates
[    1.829290] Loaded X.509 cert 'Build time autogenerated kernel key: 4e6a82653c7e3a258f066f23f1954299de63b157'
[    1.831833] zswap: loaded using pool lzo/zbud
[    1.834937] Key type trusted registered
[    1.839226] Key type encrypted registered
[    1.840370] AppArmor: AppArmor sha1 policy hashing enabled
[    1.841759] ima: No TPM chip found, activating TPM-bypass!
[    1.843108] ima: Allocated hash algorithm: sha1
[    1.844434] evm: HMAC attrs: 0x1
[    1.845988]   Magic number: 12:752:188
[    1.847275] rtc_cmos rtc_cmos: setting system clock to 2020-03-18 17:09:34 UTC (1584551374)
[    1.850073] BIOS EDD facility v0.16 2004-Jun-25, 0 devices found
[    1.852037] EDD information not available.
[    1.931870] Freeing unused kernel memory: 1488K
[    1.935156] Write protecting the kernel read-only data: 14336k
[    1.940302] Freeing unused kernel memory: 1604K
[    1.944178] Freeing unused kernel memory: 64K
Loading, please wait...
starting version 229
[    1.981441] random: systemd-udevd: uninitialized urandom read (16 bytes read, 5 bits of entropy available)
[    1.983061] random: udevadm: uninitialized urandom read (16 bytes read, 5 bits of entropy available)
[    1.983102] random: udevadm: uninitialized urandom read (16 bytes read, 5 bits of entropy available)
[    2.001119] random: systemd-udevd: uninitialized urandom read (16 bytes read, 5 bits of entropy available)
[    2.007367] random: udevadm: uninitialized urandom read (16 bytes read, 5 bits of entropy available)
[    2.007467] random: udevadm: uninitialized urandom read (16 bytes read, 5 bits of entropy available)
[    2.007938] random: udevadm: uninitialized urandom read (16 bytes read, 5 bits of entropy available)
[    2.008070] random: udevadm: uninitialized urandom read (16 bytes read, 5 bits of entropy available)
[    2.008337] random: udevadm: uninitialized urandom read (16 bytes read, 5 bits of entropy available)
[    2.008466] random: udevadm: uninitialized urandom read (16 bytes read, 5 bits of entropy available)
[    2.136476] Fusion MPT base driver 3.04.20
[    2.138971] Copyright (c) 1999-2008 LSI Corporation
[    2.145552] e1000: Intel(R) PRO/1000 Network Driver - version 7.3.21-k8-NAPI
[    2.149566] e1000: Copyright (c) 1999-2006 Intel Corporation.
[    2.175773] Fusion MPT SPI Host driver 3.04.20
[    2.179325] AVX2 version of gcm_enc/dec engaged.
[    2.182295] AES CTR mode by8 optimization enabled
[    2.359375] input: ImExPS/2 Generic Explorer Mouse as /devices/platform/i8042/serio1/input/input4
[    2.732062] e1000 0000:00:03.0 eth0: (PCI:33MHz:32-bit) 02:0e:0c:9a:00:f0
[    2.736902] e1000 0000:00:03.0 eth0: Intel(R) PRO/1000 Network Connection
[    2.742985] mptbase: ioc0: Initiating bringup
[    4.118939] ioc0: LSI53C1030 A0: Capabilities={Initiator}
[    6.157245] scsi host2: ioc0: LSI53C1030 A0, FwRev=00000000h, Ports=1, MaxQ=256, IRQ=20
[    7.377184] scsi 2:0:0:0: Direct-Access     VBOX     HARDDISK         1.0  PQ: 0 ANSI: 5
[    7.385282] scsi target2:0:0: Beginning Domain Validation
[    7.392679] scsi target2:0:0: Domain Validation skipping write tests
[    7.396762] scsi target2:0:0: Ending Domain Validation
[    7.400974] scsi target2:0:0: asynchronous
[    7.406665] scsi 2:0:1:0: Direct-Access     VBOX     HARDDISK         1.0  PQ: 0 ANSI: 5
[    7.429486] scsi target2:0:1: Beginning Domain Validation
[    7.467477] scsi target2:0:1: Domain Validation skipping write tests
[    7.472364] scsi target2:0:1: Ending Domain Validation
[    7.475706] scsi target2:0:1: asynchronous
[    7.497465] sd 2:0:0:0: Attached scsi generic sg0 type 0
[    7.535531] sd 2:0:0:0: [sda] 20971520 512-byte logical blocks: (10.7 GB/10.0 GiB)
[    7.540926] sd 2:0:0:0: [sda] Write Protect is off
[    7.544289] sd 2:0:0:0: [sda] Incomplete mode parameter data
[    7.547436] sd 2:0:0:0: [sda] Assuming drive cache: write through
[    7.551181] sd 2:0:1:0: Attached scsi generic sg1 type 0
[    7.554646] sd 2:0:1:0: [sdb] 20480 512-byte logical blocks: (10.5 MB/10.0 MiB)
[    7.560873] sd 2:0:1:0: [sdb] Write Protect is off
[    7.564408] sd 2:0:1:0: [sdb] Incomplete mode parameter data
[    7.567748] sd 2:0:1:0: [sdb] Assuming drive cache: write through
[    7.650549]  sda: sda1
[    7.654827] sd 2:0:0:0: [sda] Attached SCSI disk
[    7.659296] sd 2:0:1:0: [sdb] Attached SCSI disk
[    8.031011] e1000 0000:00:08.0 eth1: (PCI:33MHz:32-bit) 08:00:27:1b:57:a3
[    8.036371] e1000 0000:00:08.0 eth1: Intel(R) PRO/1000 Network Connection
[    8.044941] e1000 0000:00:03.0 enp0s3: renamed from eth0
[    8.060526] e1000 0000:00:08.0 enp0s8: renamed from eth1
Begin: Loading essential drivers ... [   10.089447] md: linear personality registered for level -1
[   10.093554] md: multipath personality registered for level -4
[   10.097526] md: raid0 personality registered for level 0
[   10.102588] md: raid1 personality registered for level 1
[   10.176410] raid6: sse2x1   gen()  5510 MB/s
[   10.243654] raid6: sse2x1   xor()  3758 MB/s
[   10.311895] raid6: sse2x2   gen()  6189 MB/s
[   10.380149] raid6: sse2x2   xor()  4377 MB/s
[   10.447666] raid6: sse2x4   gen()  7001 MB/s
[   10.515631] raid6: sse2x4   xor()  4966 MB/s
[   10.583889] raid6: avx2x1   gen()  9842 MB/s
[   10.652185] raid6: avx2x2   gen() 11472 MB/s
[   10.719629] raid6: avx2x4   gen() 12391 MB/s
[   10.722103] raid6: using algorithm avx2x4 gen() 12391 MB/s
[   10.725151] raid6: using avx2x2 recovery algorithm
[   10.730411] xor: automatically using best checksumming function:
[   10.771733]    avx       : 11578.000 MB/sec
[   10.776368] async_tx: api initialized (async)
[   10.798438] md: raid6 personality registered for level 6
[   10.801514] md: raid5 personality registered for level 5
[   10.804435] md: raid4 personality registered for level 4
[   10.820371] md: raid10 personality registered for level 10
done.
Begin: Running /scripts/init-premount ... done.
Begin: Mounting root file system ... Begin: Running /scripts/local-top ... done.
Begin: Running /scripts/local-premount ... [   10.888700] Btrfs loaded
Scanning for Btrfs filesystems
done.
Warning: fsck not present, so skipping root file system
[   11.047558] EXT4-fs (sda1): mounted filesystem with ordered data mode. Opts: (null)
done.
Begin: Running /scripts/local-bottom ... done.
Begin: Running /scripts/init-bottom ... done.
[   11.216691] systemd[1]: systemd 229 running in system mode. (+PAM +AUDIT +SELINUX +IMA +APPARMOR +SMACK +SYSVINIT +UTMP +LIBCRYPTSETUP +GCRYPT +GNUTLS +ACL +XZ -LZ4 +SECCOMP +BLKID +ELFUTILS +KMOD -IDN)
[   11.227904] systemd[1]: Detected virtualization oracle.
[   11.231472] systemd[1]: Detected architecture x86-64.

Welcome to [1mUbuntu 16.04.6 LTS[0m!

[   11.240901] systemd[1]: Set hostname to <ubuntu>.
[   11.251365] systemd[1]: Initializing machine ID from random generator.
[   11.256289] systemd[1]: Installed transient /etc/machine-id file.
[   11.771696] systemd[1]: Reached target System Time Synchronized.
[[0;32m  OK  [0m] Reached target System Time Synchronized.
[   11.780831] systemd[1]: Created slice System Slice.
[[0;32m  OK  [0m] Created slice System Slice.
[   11.792182] systemd[1]: Listening on udev Control Socket.
[[0;32m  OK  [0m] Listening on udev Control Socket.
[   11.804836] systemd[1]: Listening on Syslog Socket.
[[0;32m  OK  [0m] Listening on Syslog Socket.
[   11.812325] systemd[1]: Created slice system-serial\x2dgetty.slice.
[[0;32m  OK  [0m] Created slice system-serial\x2dgetty.slice.
[   11.820222] systemd[1]: Listening on Device-mapper event daemon FIFOs.
[[0;32m  OK  [0m] Listening on Device-mapper event daemon FIFOs.
[   11.828712] systemd[1]: Listening on Journal Audit Socket.
[[0;32m  OK  [0m] Listening on Journal Audit Socket.
[   11.840201] systemd[1]: Listening on udev Kernel Socket.
[[0;32m  OK  [0m] Listening on udev Kernel Socket.
[   11.852588] systemd[1]: Set up automount Arbitrary Executable File Formats File System Automount Point.
[[0;32m  OK  [0m] Set up automount Arbitrary Executab...ats File System Automount Point.
[   11.863711] systemd[1]: Listening on Journal Socket.
[[0;32m  OK  [0m] Listening on Journal Socket.
[   11.888103] systemd[1]: Mounting Huge Pages File System...
         Mounting Huge Pages File System...
[   11.984270] systemd[1]: Starting Uncomplicated firewall...
         Starting Uncomplicated firewall...
[   11.994009] systemd[1]: Mounting POSIX Message Queue File System...
         Mounting POSIX Message Queue File System...
[   12.008261] systemd[1]: Starting Nameserver information manager...
         Starting Nameserver information manager...
[   12.020572] systemd[1]: Listening on LVM2 poll daemon socket.
[[0;32m  OK  [0m] Listening on LVM2 poll daemon socket.
[   12.044286] systemd[1]: Starting Create list of required static device nodes for the current kernel...
         Starting Create list of required st... nodes for the current kernel...
[   12.053848] systemd[1]: Started Forward Password Requests to Wall Directory Watch.
[[0;32m  OK  [0m] Started Forward Password Requests to Wall Directory Watch.
[   12.062009] systemd[1]: Reached target Swap.
[[0;32m  OK  [0m] Reached target Swap.
[   12.067016] systemd[1]: Started Trigger resolvconf update for networkd DNS.
[[0;32m  OK  [0m] Started Trigger resolvconf update for networkd DNS.
[   12.075151] systemd[1]: Starting Remount Root and Kernel File Systems...
         Starting Remount Root and Kernel File Systems...
[   12.082598] systemd[1]: Created slice User and Session Slice.
[   12.083268] random: nonblocking pool is initialized
[   12.083284] EXT4-fs (sda1): re-mounted. Opts: (null)
[[0;32m  OK  [0m] Created slice User and Session Slice.
[   12.100985] systemd[1]: Reached target Slices.
[[0;32m  OK  [0m] Reached target Slices.
[   12.120091] systemd[1]: Starting Load Kernel Modules...
         Starting Load Kernel Modules...
[   12.127174] systemd[1]: Mounting Debug File System...
         Mounting Debug File System...
[   12.133190] systemd[1]: Listening on /dev/initctl Compatibility Named Pipe.
[[0;32m  OK  [0m] Listening on /dev/initctl Compatibility Named Pipe.
[   12.140977] Loading iSCSI transport class v2.0-870.
[   12.142186] systemd[1]: Starting Set console keymap...
         Starting Set console keymap...
[   12.150947] systemd[1]: Reached target Encrypted Volumes.
[[0;32m  OK  [0m] Reached target Encrypted Volumes.
[   12.157717] systemd[1]: Listening on LVM2 metadata daemon socket.
[[0;32m  OK  [0m] Listening on LVM2 metadata daemon socket.
[   12.165809] systemd[1]: Starting Monitoring of LVM2 mirrors, snapshots etc. using dmeventd or progress polling...
         Starting Monitoring of LVM2 mirrors... dmeventd or progress polling...
[   12.180411] systemd[1]: Reached target User and Group Name Lookups.
[[0;32m  OK  [0m] Reached target User and Group Name Lookups.
[   12.187294] iscsi: registered transport (tcp)
[   12.192175] systemd[1]: Listening on Journal Socket (/dev/log).
[[0;32m  OK  [0m] Listening on Journal Socket (/dev/log).
[   12.223906] systemd[1]: Starting Journal Service...
         Starting Journal Service...
[   12.227667] systemd[1]: Mounted Debug File System.
[[0;32m  OK  [0m] Mounted Debug File System.
[   12.236310] systemd[1]: Mounted Huge Pages File System.
[[0;32m  OK  [0m] Mounted Huge Pages File System.
[   12.238498] systemd[1]: Mounted POSIX Message Queue File System.
[[0;32m  OK  [0m] Mounted POSIX Message Queue File System.
[   12.248592] systemd[1]: Started Uncomplicated firewall.
[[0;32m  OK  [0m] Started Uncomplicated firewall.
[   12.254859] iscsi: registered transport (iser)
[   12.264716] systemd[1]: Started Create list of required static device nodes for the current kernel.
[[0;32m  OK  [0m] Started Create list of required sta...ce nodes for the current kernel.
[   12.269977] systemd[1]: Started Remount Root and Kernel File Systems.
[[0;32m  OK  [0m] Started Remount Root and Kernel File Systems.
[   12.273285] systemd[1]: Started Load Kernel Modules.
[[0;32m  OK  [0m] Started Load Kernel Modules.
[   12.275945] systemd[1]: Started Nameserver information manager.
[[0;32m  OK  [0m] Started Nameserver information manager.
[   12.280200] systemd[1]: Started Journal Service.
[[0;32m  OK  [0m] Started Journal Service.
[[0;32m  OK  [0m] Started LVM2 metadata daemon.
         Mounting FUSE Control File System...
         Starting Apply Kernel Variables...
         Starting Flush Journal to Persistent Storage...
         Starting Load/Save Random Seed...
         Starting udev Coldplug all Devices...
         Starting Create Static Device Nodes in /dev...
[[0;32m  OK  [0m] Mounted FUSE Control File System.
[[0;32m  OK  [0m] Started Load/Save Random Seed.
[   12.308319] systemd-journald[399]: Received request to flush runtime journal from PID 1
[[0;32m  OK  [0m] Started Flush Journal to Persistent Storage.
[[0;32m  OK  [0m] Started Apply Kernel Variables.
[[0;32m  OK  [0m] Started Create Static Device Nodes in /dev.
         Starting udev Kernel Device Manager...
[[0;32m  OK  [0m] Started Set console keymap.
[[0;32m  OK  [0m] Started udev Coldplug all Devices.
[[0;32m  OK  [0m] Started udev Kernel Device Manager.
[[0;32m  OK  [0m] Started Dispatch Password Requests to Console Directory Watch.
[[0;32m  OK  [0m] Started Monitoring of LVM2 mirrors,...ng dmeventd or progress polling.
[[0;32m  OK  [0m] Reached target Local File Systems (Pre).
[[0;32m  OK  [0m] Reached target Local File Systems.
         Starting Initial cloud-init job (pre-networking)...
         Starting Commit a transient machine-id on disk...
         Starting Set console font and keymap...
         Starting Create Volatile Files and Directories...
         Starting LSB: AppArmor initialization...
         Starting Tell Plymouth To Write Out Runtime Data...
[[0;32m  OK  [0m] Started Create Volatile Files and Directories.
         Starting Update UTMP about System Boot/Shutdown...
[[0;32m  OK  [0m] Started Tell Plymouth To Write Out Runtime Data.
[[0;32m  OK  [0m] Started Commit a transient machine-id on disk.
[[0;32m  OK  [0m] Started Update UTMP about System Boot/Shutdown.
[[0;32m  OK  [0m] Found device /dev/ttyS0.
[[0;32m  OK  [0m] Listening on Load/Save RF Kill Switch Status /dev/rfkill Watch.
[   15.328798] cloud-init[480]: Cloud-init v. 19.4-33-gbb4131a2-0ubuntu1~16.04.1 running 'init-local' at Wed, 18 Mar 2020 17:09:47 +0000. Up 14.15 seconds.
[[0;32m  OK  [0m] Started Initial cloud-init job (pre-networking).
[[0;32m  OK  [0m] Reached target Network (Pre).
[[0;32m  OK  [0m] Started LSB: AppArmor initialization.
[[0;32m  OK  [0m] Started Set console font and keymap.
[[0;32m  OK  [0m] Created slice system-getty.slice.
         Starting Raise network interfaces...
[[0;32m  OK  [0m] Started Raise network interfaces.
         Starting Initial cloud-init job (metadata service crawler)...
[[0;32m  OK  [0m] Reached target Network.
[   18.726551] cloud-init[965]: Cloud-init v. 19.4-33-gbb4131a2-0ubuntu1~16.04.1 running 'init' at Wed, 18 Mar 2020 17:09:50 +0000. Up 17.86 seconds.
[   18.732689] cloud-init[965]: ci-info: ++++++++++++++++++++++++++++++++++++Net device info+++++++++++++++++++++++++++++++++++++
[   18.734487] cloud-init[965]: ci-info: +--------+-------+------------------------+---------------+--------+-------------------+
[   18.740406] cloud-init[965]: ci-info: | Device |   Up  |        Address         |      Mask     | Scope  |     Hw-Address    |
[   18.742105] cloud-init[965]: ci-info: +--------+-------+------------------------+---------------+--------+-------------------+
[   18.743660] cloud-init[965]: ci-info: | enp0s3 |  True |       10.0.2.15        | 255.255.255.0 | global | 02:0e:0c:9a:00:f0 |
[   18.745403] cloud-init[965]: ci-info: | enp0s3 |  True | fe80::e:cff:fe9a:f0/64 |       .       |  link  | 02:0e:0c:9a:00:f0 |
[   18.747477] cloud-init[965]: ci-info: | enp0s8 | False |           .            |       .       |   .    | 08:00:27:1b:57:a3 |
[   18.749417] cloud-init[965]: ci-info: |   lo   |  True |       127.0.0.1        |   255.0.0.0   |  host  |         .         |
[   18.751502] cloud-init[965]: ci-info: |   lo   |  True |        ::1/128         |       .       |  host  |         .         |
[   18.753613] cloud-init[965]: ci-info: +--------+-------+------------------------+---------------+--------+-------------------+
[   18.760481] cloud-init[965]: ci-info: +++++++++++++++++++++++++++Route IPv4 info++++++++++++++++++++++++++++
[   18.761778] cloud-init[965]: ci-info: +-------+-------------+----------+---------------+-----------+-------+
[   18.763386] cloud-init[965]: ci-info: | Route | Destination | Gateway  |    Genmask    | Interface | Flags |
[   18.772394] cloud-init[965]: ci-info: +-------+-------------+----------+---------------+-----------+-------+
[   18.773528] [[0;32m  OK  [0m] Started Initial cloud-init job (metadata service crawler).
cloud-init[965]: ci-info: |   0   |   0.0.0.0   | 10.0.2.2 |    0.0.0.0    |   enp0s3  |   UG  |
[[0;32m  OK  [0m] Reached target Network is Online.
[   18.775271] cloud-init[965]: ci-info: |   1   |   10.0.2.0  | 0.0.0.0  | 255.255.255.0 |   enp0s3  |   U   |
[   18.777499] cloud-init[965]: ci-info: +-------+-------------+----------+---------------+-----------+-------+
[   18.779338] cloud-init[965]: ci-info: +++++++++++++++++++Route IPv6 info+++++++++++++++++++
[   18.780697] cloud-init[965]: ci-info: +-------+-------------+---------+-----------+-------+
[   18.782184] cloud-init[965]: ci-info: | Route | Destination | Gateway | Interface | Flags |
[   18.783414] cloud-init[965]: ci-info: +-------+-------------+---------+-----------+-------+
[   18.785035] cloud-init[965]: ci-info: |   0   |  fe80::/64  |    ::   |   enp0s3  |   U   |
[   18.786648] cloud-init[965]: ci-info: |   3   |   ff00::/8  |    ::   |   enp0s3  |   U   |
[   18.788298] cloud-init[965]: ci-info: +-------+-------------+---------+-----------+-------+
[   18.789902] cloud-init[965]: Generating public/private rsa key pair.
[   18.791269] cloud-init[965]: Your identification has been saved in /etc/ssh/ssh_host_rsa_key.         
Starting iSCSI initiator daemon (iscsid)...
[   18.793313] cloud-init[965]: [[0;32m  OK  [0m] Reached target Cloud-config availability.
[[0;32m  OK  [0m] Reached target System Initialization.
Your public key has been saved in /etc/ssh/ssh_host_rsa_key.pub.
[   18.796415] cloud-init[[0;32m  OK  [0m] Started ACPI Events Check.
[[0;32m  OK  [0m] Reached target Paths.
[965]:          Starting LXD - unix socket.
[[0;32m  OK  [0m] Started Daily apt download activities.
[[0;32m  OK  [0m] Started Daily apt upgrade and clean activities.
[[0;32m  OK  [0m] Listening on D-Bus System Message Bus Socket.
[[0;32m  OK  [0m] Listening on ACPID Listen Socket.
[[0;32m  OK  [0m] Started Daily Cleanup of Temporary Directories.
[[0;32m  OK  [0m] Started Message of the Day.
[[0;32m  OK  [0m] Reached target Timers.
[[0;32m  OK  [0m] Listening on UUID daemon activation socket.
         Starting Socket activation for snappy daemon.
[[0;32m  OK  [0m] Listening on Socket activation for snappy daemon.
The key fingerprint is:
[   18.806236] cloud-init[965]: SHA256:aTjNDmZnBIHmNcg1TbkTuYD8H61kuNg0X0VIOs7ekPQ root@ubuntu-xenial
[   18.807900] cloud-init[965]: The key's randomart image is:
[   18.809095] cloud-init[965]: +---[RSA 2048]----+
[   18.809446] cloud-init[965]: |   o ==+.+.o.    |
[   18.809764] cloud-init[965]: |    B +o=.. .    |
[   18.810106] cloud-init[965]: |   o o +== .     |
[   18.810460] cloud-init[965]: |    . =OB=o      |
[   18.810810] cloud-init[965]: |     +*BS=E      |
[   18.811148] cloud-init[965]: |    .ooO+o       |
[   18.811730] cloud-init[965]: |        o .      |
[   18.812259] cloud-init[965]: |                 |
[   18.812725] cloud-init[965]: |                 |
[   18.813094] cloud-init[965]: +----[SHA256]-----+
[   18.813446] cloud-init[965]: Generating public/private dsa key pair.
[   18.813773] cloud-init[965]: Your identification has been saved in /etc/ssh/ssh_host_dsa_key.
[   18.814118] cloud-init[965]: Your public key has been saved in /etc/ssh/ssh_host_dsa_key.pub.
[   18.814708] cloud-init[965]: The key fingerprint is:
[   18.815054] cloud-init[965]: SHA256:vMMHGEiJgRIcz61dmsE8w5E3YRh9MqKMZpNaAAYeax4 root@ubuntu-xenial
[   18.815402] cloud-init[965]: The key's randomart image is:
[   18.815677] cloud-init[965]: +---[DSA 1024]----+
[   18.816412] cloud-init[965]: |B*oo.+=o.        |
[[   18.816556] cloud-init[965]: |*.*.*=o* .       |
[   18.819574] cloud-init[965]: |.E+ooO+.=        |
[0;32m  OK  [0m] [   18.819690] Listening on LXD - unix socket.cloud-init
[965]: |o*ooo B+         |
[   18.819777] cloud-init[965]: |+o.. +. S        |
[   18.833011] cloud-init[965]: |.      . o       |
[   18.833792] cloud-init[965]: |        + .      |
[   18.840400] cloud-init[965]: |         o       |
[   18.840653] cloud-init[965]: |                 |
[   18.840872] cloud-init[965]: +----[SHA256]-----+
[[0;32m  OK  [0m] Reached target Sockets.
[   18.841095] cloud-init[965]: Generating public/private ecdsa key pair.
[[   18.841295] cloud-init[965]: Your identification has been saved in /etc/ssh/ssh_host_ecdsa_key.
[0;32m  OK  [0m] Reached target Basic System.[   18.842827] 
cloud-init[965]: Your public key has been saved in /etc/ssh/ssh_host_ecdsa_key.pub.
[   18.845091] cloud-init[965]: The key fingerprint is:
[   18.846685] cloud-init[965]: SHA256:zvz77ppcla1ry3TqmbDI/QSKzINiQCrl4//LHbDzRL8 root@ubuntu-xenial
[   18.848503] cloud-init[965]: The key's randomart image is:
         Starting System Logging Service...
[   18.849667] cloud-init[965]: +---[ECDSA 256]---+
         Starting Login Service...
[   18.852882] cloud-init[965]: |                 |
         Starting LSB: Record successful boot for GRUB...
[[0;32m  OK  [0m] Started ACPI event daemon.
         Starting Accounts Service...
         Starting Virtualbox guest utils...
[[0;32m  OK  [0m] Started FUSE filesystem for LXC.
[[0;32m  OK  [0m] Started Regular background program processing daemon.
         Starting Snappy daemon...
         Starting LSB: MD monitoring daemon...
         Starting /etc/rc.local Compatibility...[   18.856446] cloud-init[965]: |                 |
[   18.890624] cloud-init
[[0;32m  OK  [0m] Started Deferred execution scheduler.
         Starting Pollinate to seed the pseudo random number generator...
[[0;32m  OK  [0m] Started D-Bus System Message Bus.
[965]: |  o              |
[   18.902532] cloud-init[965]: | =             o |
[   18.909429] cloud-init[965]: |o +   . S   . o .|
[   18.911974] cloud-init[965]: |.. o   @ o . o . |
[   18.916517] cloud-init[965]: |  . o + @ o o + .|
[   18.925314] cloud-init[965]: |   o o = * * *.* |
[   18.927189] cloud-init[965]: |    ..+.o E**+X. |
[   18.928297] cloud-init[965]: +----[SHA256]-----+
[   18.929392] cloud-init[965]: Generating public/private ed25519 key pair.
[   18.931514] cloud-init[965]: Your identification has been saved in /etc/ssh/ssh_host_ed25519_key.
[   18.933349] cloud-init[965]: Your public key has been saved in /etc/ssh/ssh_host_ed25519_key.pub.
[   18.934941] cloud-init[965]: The key fingerprint is:
[   18.935860] cloud-init[965]: SHA256:MTkU+59wW5FaTG1dL1m3Uu3hSm/VYC+WOEYHImzAxu4 root@ubuntu-xenial
[   18.937105] cloud-init[965]: The key's randomart image is:
[   18.937840] cloud-init[965]: +--[ED25519 256]--+
[   18.938723] cloud-init[965]: |     o.o+.. ...oB|
[   18.944444] cloud-init[965]: |      +.o+ ..o==O|
[   18.946223] cloud-init[965]: |     o .*  . =OB+|
[   18.947390] cloud-init[965]: |      .  =  ++=+=|
[   18.948505] cloud-init[965]: |     .  S o.+o+..|
         Starting LXD - container startup/shutdown...
[[0;32m  OK  [0m] Started System Logging Service.
[   18.960608] cloud-init[965]: |      E    + = o |
[[0;32m  OK  [0m] Started iSCSI initiator daemon (iscsid).
[[0;32m  OK  [0m] Started /etc/rc.local Compatibility.
[   18.965324] cloud-init[965]: |            + .  |
[   18.972587] cloud-init[965]: |                 |
[[0;32m  OK  [0m] Started Login Service.
[   18.986051] cloud-init[965]: |                 |
[   18.987139] cloud-init[965]: +----[SHA256]-----+
[[0;32m  OK  [0m] Started Unattended Upgrades Shutdown.
         Starting Authenticate and Authorize Users to Run Privileged Tasks...
         Starting Login to default iSCSI targets...
[[0;32m  OK  [0m] Started LSB: Record successful boot for GRUB.
[[0;32m  OK  [0m] Started LSB: MD monitoring daemon.
[[0;32m  OK  [0m] Started Login to default iSCSI targets.
[[0;32m  OK  [0m] Reached target Remote File Systems (Pre).
[[0;32m  OK  [0m] Reached target Remote File Systems.
         Starting Permit User Sessions...
         Starting LSB: daemon to balance interrupts for SMP systems...
         Starting LSB: Set the CPU Frequency Scaling governor to "ondemand"...
         Starting LSB: automatic crash report generation...
[[0;32m  OK  [0m] Started Permit User Sessions.
         Starting Hold until boot process finishes up...
         Starting Terminate Plymouth Boot Screen...
[[0;32m  OK  [0m] Started Hold until boot process finishes up.
[[0;32m  OK  [0m] Started Getty on tty1.
         Starting Set console scheme...
[[0;32m  OK  [0m] Started Serial Getty on ttyS0.
[[0;32m  OK  [0m] Reached target Login Prompts.
[[0;32m  OK  [0m] Started Terminate Plymouth Boot Screen.
[[0;32m  OK  [0m] Started Set console scheme.
[[0;32m  OK  [0m] Started LSB: Set the CPU Frequency Scaling governor to "ondemand".
[[0;32m  OK  [0m] Started LSB: automatic crash report generation.
[[0;32m  OK  [0m] Started Authenticate and Authorize Users to Run Privileged Tasks.
[[0;32m  OK  [0m] Started LSB: daemon to balance interrupts for SMP systems.
[[0;32m  OK  [0m] Started Accounts Service.
[[0;32m  OK  [0m] Started LXD - container startup/shutdown.
[[0;32m  OK  [0m] Started Virtualbox guest utils.
[[0;32m  OK  [0m] Started Snappy daemon.
         Starting Wait until snapd is fully seeded...
[[0;32m  OK  [0m] Started Pollinate to seed the pseudo random number generator.
         Starting OpenBSD Secure Shell server...
[[0;32m  OK  [0m] Started OpenBSD Secure Shell server.
[[0;32m  OK  [0m] Created slice User Slice of vagrant.
         Starting User Manager for UID 1000...
[[0;32m  OK  [0m] Started Session 1 of user vagrant.
[[0;32m  OK  [0m] Started User Manager for UID 1000.
         Stopping User Manager for UID 1000...
[[0;32m  OK  [0m] Stopped User Manager for UID 1000.
[[0;32m  OK  [0m] Removed slice User Slice of vagrant.
[[0;32m  OK  [0m] Created slice User Slice of vagrant.
         Starting User Manager for UID 1000...
[[0;32m  OK  [0m] Started Session 2 of user vagrant.
[[0;32m  OK  [0m] Started User Manager for UID 1000.

Ubuntu 16.04.6 LTS ubuntu-xenial ttyS0

ubuntu-xenial login: [   31.194876] cloud-init[1953]: Generating locales (this might take a while)...
[   35.204961] cloud-init[1953]:   en_US.UTF-8... done
[   35.206634] cloud-init[1953]: Generation complete.
[   35.959501] cloud-init[1953]: Cloud-init v. 19.4-33-gbb4131a2-0ubuntu1~16.04.1 running 'modules:config' at Wed, 18 Mar 2020 17:10:04 +0000. Up 30.91 seconds.
ci-info: no authorized SSH keys fingerprints found for user ubuntu.
<14>Mar 18 17:10:10 ec2: 
<14>Mar 18 17:10:10 ec2: #############################################################
<14>Mar 18 17:10:10 ec2: -----BEGIN SSH HOST KEY FINGERPRINTS-----
<14>Mar 18 17:10:10 ec2: 1024 SHA256:vMMHGEiJgRIcz61dmsE8w5E3YRh9MqKMZpNaAAYeax4 root@ubuntu-xenial (DSA)
<14>Mar 18 17:10:10 ec2: 256 SHA256:zvz77ppcla1ry3TqmbDI/QSKzINiQCrl4//LHbDzRL8 root@ubuntu-xenial (ECDSA)
<14>Mar 18 17:10:10 ec2: 256 SHA256:MTkU+59wW5FaTG1dL1m3Uu3hSm/VYC+WOEYHImzAxu4 root@ubuntu-xenial (ED25519)
<14>Mar 18 17:10:10 ec2: 2048 SHA256:aTjNDmZnBIHmNcg1TbkTuYD8H61kuNg0X0VIOs7ekPQ root@ubuntu-xenial (RSA)
<14>Mar 18 17:10:10 ec2: -----END SSH HOST KEY FINGERPRINTS-----
<14>Mar 18 17:10:10 ec2: #############################################################
-----BEGIN SSH HOST KEY KEYS-----
ecdsa-sha2-nistp256 AAAAE2VjZHNhLXNoYTItbmlzdHAyNTYAAAAIbmlzdHAyNTYAAABBBHBSoyyOelg0oGGJB85DAJM/B0kpjkixC6ZSvt/d4rBghXxf+3fQjqJVEkiyz6tRDq3AS5NTblXFVlWn8BXVaIE= root@ubuntu-xenial
ssh-ed25519 AAAAC3NzaC1lZDI1NTE5AAAAILdDGk/48UcchUikeMks5ltLoP0twEHivycRQigFuICj root@ubuntu-xenial
ssh-rsa AAAAB3NzaC1yc2EAAAADAQABAAABAQDDIkLn4TXTphUHqEKvYl+V6Iy9ukosRyD9wEE4aK5bgaG01v6zlfOJ72cQEaKfrnrsVKfVhUQHIOdxmyoIAEPeTKYbLDJ4T7EzYuoWgmXqyCSJto2PJi8igMYAT6eVeKBCY7CxZ65DXFA2I0ySta9OeW6nfwNEanRVfJaUdX2eW5vCPbhB5qVzUtsDX3gjNqrgiuk8Kb1InVxMQ20wzNn7jgJExKNBNO7QSPxK2oriaoGus8n7SrVcJ1sIeSKaYkmarR/OfM+uI/D0uEBzY/sn2emizne3NvB0ZLDkjmlIDW3oH+0xRJoCCNV/tdAKLqkb5FDHz4jsidNRqEdgTGEr root@ubuntu-xenial
-----END SSH HOST KEY KEYS-----
[   37.372622] cloud-init[2188]: Cloud-init v. 19.4-33-gbb4131a2-0ubuntu1~16.04.1 running 'modules:final' at Wed, 18 Mar 2020 17:10:10 +0000. Up 36.93 seconds.
[   37.373457] cloud-init[2188]: ci-info: no authorized SSH keys fingerprints found for user ubuntu.
[   37.374258] cloud-init[2188]: Cloud-init v. 19.4-33-gbb4131a2-0ubuntu1~16.04.1 finished at Wed, 18 Mar 2020 17:10:10 +0000. Datasource DataSourceNoCloud [seed=/dev/sdb][dsmode=net].  Up 37.34 seconds
