[    0.000000] Initializing cgroup subsys cpuset
[    0.000000] Initializing cgroup subsys cpu
[    0.000000] Initializing cgroup subsys cpuacct
[    0.000000] Linux version 4.4.0-173-generic (buildd@lgw01-amd64-037) (gcc version 5.4.0 20160609 (Ubuntu 5.4.0-6ubuntu1~16.04.12) ) #203-Ubuntu SMP Wed Jan 15 02:55:01 UTC 2020 (Ubuntu 4.4.0-173.203-generic 4.4.208)
[    0.000000] Command line: BOOT_IMAGE=/boot/vmlinuz-4.4.0-173-generic root=LABEL=cloudimg-rootfs ro console=tty1 console=ttyS0
[    0.000000] KERNEL supported cpus:
[    0.000000]   Intel GenuineIntel
[    0.000000]   AMD AuthenticAMD
[    0.000000]   Centaur CentaurHauls
[    0.000000] x86/fpu: xstate_offset[2]:  576, xstate_sizes[2]:  256
[    0.000000] x86/fpu: Supporting XSAVE feature 0x01: 'x87 floating point registers'
[    0.000000] x86/fpu: Supporting XSAVE feature 0x02: 'SSE registers'
[    0.000000] x86/fpu: Supporting XSAVE feature 0x04: 'AVX registers'
[    0.000000] x86/fpu: Enabled xstate features 0x7, context size is 832 bytes, using 'standard' format.
[    0.000000] e820: BIOS-provided physical RAM map:
[    0.000000] BIOS-e820: [mem 0x0000000000000000-0x000000000009fbff] usable
[    0.000000] BIOS-e820: [mem 0x000000000009fc00-0x000000000009ffff] reserved
[    0.000000] BIOS-e820: [mem 0x00000000000f0000-0x00000000000fffff] reserved
[    0.000000] BIOS-e820: [mem 0x0000000000100000-0x000000001ffeffff] usable
[    0.000000] BIOS-e820: [mem 0x000000001fff0000-0x000000001fffffff] ACPI data
[    0.000000] BIOS-e820: [mem 0x00000000fec00000-0x00000000fec00fff] reserved
[    0.000000] BIOS-e820: [mem 0x00000000fee00000-0x00000000fee00fff] reserved
[    0.000000] BIOS-e820: [mem 0x00000000fffc0000-0x00000000ffffffff] reserved
[    0.000000] NX (Execute Disable) protection: active
[    0.000000] SMBIOS 2.5 present.
[    0.000000] Hypervisor detected: KVM
[    0.000000] e820: last_pfn = 0x1fff0 max_arch_pfn = 0x400000000
[    0.000000] MTRR: Disabled
[    0.000000] x86/PAT: MTRRs disabled, skipping PAT initialization too.
[    0.000000] CPU MTRRs all blank - virtualized system.
[    0.000000] x86/PAT: Configuration [0-7]: WB  WT  UC- UC  WB  WT  UC- UC  
[    0.000000] found SMP MP-table at [mem 0x0009fff0-0x0009ffff] mapped at [ffff88000009fff0]
[    0.000000] Scanning 1 areas for low memory corruption
[    0.000000] RAMDISK: [mem 0x1e8bc000-0x1f741fff]
[    0.000000] ACPI: Early table checksum verification disabled
[    0.000000] ACPI: RSDP 0x00000000000E0000 000024 (v02 VBOX  )
[    0.000000] ACPI: XSDT 0x000000001FFF0030 00003C (v01 VBOX   VBOXXSDT 00000001 ASL  00000061)
[    0.000000] ACPI: FACP 0x000000001FFF00F0 0000F4 (v04 VBOX   VBOXFACP 00000001 ASL  00000061)
[    0.000000] ACPI: DSDT 0x000000001FFF0470 002325 (v02 VBOX   VBOXBIOS 00000002 INTL 20100528)
[    0.000000] ACPI: FACS 0x000000001FFF0200 000040
[    0.000000] ACPI: FACS 0x000000001FFF0200 000040
[    0.000000] ACPI: APIC 0x000000001FFF0240 00005C (v02 VBOX   VBOXAPIC 00000001 ASL  00000061)
[    0.000000] ACPI: SSDT 0x000000001FFF02A0 0001CC (v01 VBOX   VBOXCPUT 00000002 INTL 20100528)
[    0.000000] No NUMA configuration found
[    0.000000] Faking a node at [mem 0x0000000000000000-0x000000001ffeffff]
[    0.000000] NODE_DATA(0) allocated [mem 0x1ffeb000-0x1ffeffff]
[    0.000000] kvm-clock: Using msrs 4b564d01 and 4b564d00
[    0.000000] kvm-clock: cpu 0, msr 0:1ffe3001, primary cpu clock
[    0.000000] kvm-clock: using sched offset of 3331502148 cycles
[    0.000000] clocksource: kvm-clock: mask: 0xffffffffffffffff max_cycles: 0x1cd42e4dffb, max_idle_ns: 881590591483 ns
[    0.000000] Zone ranges:
[    0.000000]   DMA      [mem 0x0000000000001000-0x0000000000ffffff]
[    0.000000]   DMA32    [mem 0x0000000001000000-0x000000001ffeffff]
[    0.000000]   Normal   empty
[    0.000000]   Device   empty
[    0.000000] Movable zone start for each node
[    0.000000] Early memory node ranges
[    0.000000]   node   0: [mem 0x0000000000001000-0x000000000009efff]
[    0.000000]   node   0: [mem 0x0000000000100000-0x000000001ffeffff]
[    0.000000] Initmem setup node 0 [mem 0x0000000000001000-0x000000001ffeffff]
[    0.000000] ACPI: PM-Timer IO Port: 0x4008
[    0.000000] IOAPIC[0]: apic_id 2, version 32, address 0xfec00000, GSI 0-23
[    0.000000] ACPI: INT_SRC_OVR (bus 0 bus_irq 0 global_irq 2 dfl dfl)
[    0.000000] ACPI: INT_SRC_OVR (bus 0 bus_irq 9 global_irq 9 low level)
[    0.000000] Using ACPI (MADT) for SMP configuration information
[    0.000000] smpboot: Allowing 2 CPUs, 0 hotplug CPUs
[    0.000000] PM: Registered nosave memory: [mem 0x00000000-0x00000fff]
[    0.000000] PM: Registered nosave memory: [mem 0x0009f000-0x0009ffff]
[    0.000000] PM: Registered nosave memory: [mem 0x000a0000-0x000effff]
[    0.000000] PM: Registered nosave memory: [mem 0x000f0000-0x000fffff]
[    0.000000] e820: [mem 0x20000000-0xfebfffff] available for PCI devices
[    0.000000] Booting paravirtualized kernel on KVM
[    0.000000] clocksource: refined-jiffies: mask: 0xffffffff max_cycles: 0xffffffff, max_idle_ns: 7645519600211568 ns
[    0.000000] setup_percpu: NR_CPUS:512 nr_cpumask_bits:512 nr_cpu_ids:2 nr_node_ids:1
[    0.000000] PERCPU: Embedded 33 pages/cpu @ffff88001fc00000 s95448 r8192 d31528 u1048576
[    0.000000] Built 1 zonelists in Node order, mobility grouping on.  Total pages: 128888
[    0.000000] Policy zone: DMA32
[    0.000000] Kernel command line: BOOT_IMAGE=/boot/vmlinuz-4.4.0-173-generic root=LABEL=cloudimg-rootfs ro console=tty1 console=ttyS0
[    0.000000] PID hash table entries: 2048 (order: 2, 16384 bytes)
[    0.000000] Memory: 481600K/523832K available (8626K kernel code, 1336K rwdata, 4032K rodata, 1488K init, 1292K bss, 42232K reserved, 0K cma-reserved)
[    0.000000] SLUB: HWalign=64, Order=0-3, MinObjects=0, CPUs=2, Nodes=1
[    0.000000] Kernel/User page tables isolation: enabled
[    0.000000] Hierarchical RCU implementation.
[    0.000000] 	Build-time adjustment of leaf fanout to 64.
[    0.000000] 	RCU restricting CPUs from NR_CPUS=512 to nr_cpu_ids=2.
[    0.000000] RCU: Adjusting geometry for rcu_fanout_leaf=64, nr_cpu_ids=2
[    0.000000] NR_IRQS:33024 nr_irqs:440 16
[    0.000000] Console: colour VGA+ 80x25
[    0.000000] console [tty1] enabled
[    0.000000] console [ttyS0] enabled
[    0.000000] tsc: Detected 2592.000 MHz processor
[    0.146943] Calibrating delay loop (skipped) preset value.. 5184.00 BogoMIPS (lpj=10368000)
[    0.148566] pid_max: default: 32768 minimum: 301
[    0.149475] ACPI: Core revision 20150930
[    0.151697] ACPI: 2 ACPI AML tables successfully acquired and loaded
[    0.152954] Security Framework initialized
[    0.153749] Yama: becoming mindful.
[    0.154529] AppArmor: AppArmor initialized
[    0.155612] Dentry cache hash table entries: 65536 (order: 7, 524288 bytes)
[    0.156857] Inode-cache hash table entries: 32768 (order: 6, 262144 bytes)
[    0.158046] Mount-cache hash table entries: 1024 (order: 1, 8192 bytes)
[    0.159307] Mountpoint-cache hash table entries: 1024 (order: 1, 8192 bytes)
[    0.160728] Initializing cgroup subsys io
[    0.161526] Initializing cgroup subsys memory
[    0.162385] Initializing cgroup subsys devices
[    0.163229] Initializing cgroup subsys freezer
[    0.164070] Initializing cgroup subsys net_cls
[    0.164913] Initializing cgroup subsys perf_event
[    0.165792] Initializing cgroup subsys net_prio
[    0.166664] Initializing cgroup subsys hugetlb
[    0.167511] Initializing cgroup subsys pids
[    0.169295] mce: CPU supports 0 MCE banks
[    0.170145] Last level iTLB entries: 4KB 64, 2MB 8, 4MB 8
[    0.171141] Last level dTLB entries: 4KB 64, 2MB 0, 4MB 0, 1GB 4
[    0.172288] Spectre V1 : Mitigation: usercopy/swapgs barriers and __user pointer sanitization
[    0.174174] Spectre V2 : Mitigation: Full generic retpoline
[    0.175247] Spectre V2 : Spectre v2 / SpectreRSB mitigation: Filling RSB on context switch
[    0.176812] Speculative Store Bypass: Vulnerable
[    0.177735] MDS: Vulnerable: Clear CPU buffers attempted, no microcode
[    0.181810] Freeing SMP alternatives memory: 36K
[    0.189447] ftrace: allocating 32304 entries in 127 pages
[    0.247353] smpboot: APIC(0) Converting physical 0 to logical package 0
[    0.248680] smpboot: Max logical packages: 1
[    0.249949] x2apic enabled
[    0.251058] Switched APIC routing to physical x2apic.
[    0.253503] ..TIMER: vector=0x30 apic1=0 pin1=2 apic2=-1 pin2=-1
[    0.363107] smpboot: CPU0: Intel(R) Core(TM) i7-9750H CPU @ 2.60GHz (family: 0x6, model: 0x9e, stepping: 0xa)
[    0.365504] Performance Events: unsupported p6 CPU model 158 no PMU driver, software events only.
[    0.376226] KVM setup paravirtual spinlock
[    0.377641] x86: Booting SMP configuration:
[    0.378543] .... node  #0, CPUs:      #1
[    0.379528] kvm-clock: cpu 1, msr 0:1ffe3041, secondary cpu clock
[    0.381284] mce: CPU supports 0 MCE banks
[    0.383904] x86: Booted up 1 node, 2 CPUs
[    0.385006] smpboot: Total of 2 processors activated (10368.00 BogoMIPS)
[    0.389263] devtmpfs: initialized
[    0.391285] evm: security.selinux
[    0.392144] evm: security.SMACK64
[    0.392959] evm: security.SMACK64EXEC
[    0.394053] evm: security.SMACK64TRANSMUTE
[    0.394990] evm: security.SMACK64MMAP
[    0.396011] evm: security.ima
[    0.396748] evm: security.capability
[    0.397816] clocksource: jiffies: mask: 0xffffffff max_cycles: 0xffffffff, max_idle_ns: 7645041785100000 ns
[    0.400033] futex hash table entries: 512 (order: 3, 32768 bytes)
[    0.401366] pinctrl core: initialized pinctrl subsystem
[    0.402539] RTC time:  7:43:03, date: 03/22/20
[    0.403693] NET: Registered protocol family 16
[    0.416195] cpuidle: using governor ladder
[    0.428394] cpuidle: using governor menu
[    0.429378] PCCT header not found.
[    0.430411] ACPI: bus type PCI registered
[    0.431324] acpiphp: ACPI Hot Plug PCI Controller Driver version: 0.5
[    0.432799] PCI: Using configuration type 1 for base access
[    0.448479] ACPI: Added _OSI(Module Device)
[    0.449499] ACPI: Added _OSI(Processor Device)
[    0.450509] ACPI: Added _OSI(3.0 _SCP Extensions)
[    0.451509] ACPI: Added _OSI(Processor Aggregator Device)
[    0.453180] ACPI: Executed 1 blocks of module-level executable AML code
[    0.456744] ACPI: Interpreter enabled
[    0.457610] ACPI: (supports S0 S5)
[    0.458500] ACPI: Using IOAPIC for interrupt routing
[    0.459780] PCI: Using host bridge windows from ACPI; if necessary, use "pci=nocrs" and report a bug
[    0.464848] ACPI: PCI Root Bridge [PCI0] (domain 0000 [bus 00-ff])
[    0.466072] acpi PNP0A03:00: _OSC: OS supports [ASPM ClockPM Segments MSI]
[    0.467722] acpi PNP0A03:00: _OSC: not requesting OS control; OS requires [ExtendedConfig ASPM ClockPM MSI]
[    0.469737] acpi PNP0A03:00: fail to add MMCONFIG information, can't access extended PCI configuration space under this bridge.
[    0.472667] PCI host bridge to bus 0000:00
[    0.473581] pci_bus 0000:00: root bus resource [io  0x0000-0x0cf7 window]
[    0.474944] pci_bus 0000:00: root bus resource [io  0x0d00-0xffff window]
[    0.476365] pci_bus 0000:00: root bus resource [mem 0x000a0000-0x000bffff window]
[    0.477995] pci_bus 0000:00: root bus resource [mem 0x20000000-0xfdffffff window]
[    0.479752] pci_bus 0000:00: root bus resource [bus 00-ff]
[    0.482430] pci 0000:00:01.1: legacy IDE quirk: reg 0x10: [io  0x01f0-0x01f7]
[    0.483851] pci 0000:00:01.1: legacy IDE quirk: reg 0x14: [io  0x03f6]
[    0.485115] pci 0000:00:01.1: legacy IDE quirk: reg 0x18: [io  0x0170-0x0177]
[    0.486489] pci 0000:00:01.1: legacy IDE quirk: reg 0x1c: [io  0x0376]
[    0.505819] pci 0000:00:07.0: quirk: [io  0x4000-0x403f] claimed by PIIX4 ACPI
[    0.507410] pci 0000:00:07.0: quirk: [io  0x4100-0x410f] claimed by PIIX4 SMB
[    0.513226] ACPI: PCI Interrupt Link [LNKA] (IRQs 5 9 10 *11)
[    0.515128] ACPI: PCI Interrupt Link [LNKB] (IRQs 5 9 *10 11)
[    0.516839] ACPI: PCI Interrupt Link [LNKC] (IRQs 5 *9 10 11)
[    0.518554] ACPI: PCI Interrupt Link [LNKD] (IRQs 5 9 10 *11)
[    0.520382] ACPI: Enabled 2 GPEs in block 00 to 07
[    0.521512] vgaarb: setting as boot device: PCI:0000:00:02.0
[    0.522531] vgaarb: device added: PCI:0000:00:02.0,decodes=io+mem,owns=io+mem,locks=none
[    0.524102] vgaarb: loaded
[    0.524722] vgaarb: bridge control possible 0000:00:02.0
[    0.525860] SCSI subsystem initialized
[    0.526743] ACPI: bus type USB registered
[    0.527550] usbcore: registered new interface driver usbfs
[    0.528543] usbcore: registered new interface driver hub
[    0.529523] usbcore: registered new device driver usb
[    0.530643] PCI: Using ACPI for IRQ routing
[    0.531714] NetLabel: Initializing
[    0.532431] NetLabel:  domain hash size = 128
[    0.533269] NetLabel:  protocols = UNLABELED CIPSOv4
[    0.536168] NetLabel:  unlabeled traffic allowed by default
[    0.537281] amd_nb: Cannot enumerate AMD northbridges
[    0.538272] clocksource: Switched to clocksource kvm-clock
[    0.545013] AppArmor: AppArmor Filesystem Enabled
[    0.546105] pnp: PnP ACPI init
[    0.547570] pnp: PnP ACPI: found 3 devices
[    0.557047] clocksource: acpi_pm: mask: 0xffffff max_cycles: 0xffffff, max_idle_ns: 2085701024 ns
[    0.558972] NET: Registered protocol family 2
[    0.560015] TCP established hash table entries: 4096 (order: 3, 32768 bytes)
[    0.561421] TCP bind hash table entries: 4096 (order: 4, 65536 bytes)
[    0.562805] TCP: Hash tables configured (established 4096 bind 4096)
[    0.564049] UDP hash table entries: 256 (order: 1, 8192 bytes)
[    0.565216] UDP-Lite hash table entries: 256 (order: 1, 8192 bytes)
[    0.566516] NET: Registered protocol family 1
[    0.567522] pci 0000:00:00.0: Limiting direct PCI/PCI transfers
[    0.568923] pci 0000:00:01.0: Activating ISA DMA hang workarounds
[    0.570742] Unpacking initramfs...
[    0.736824] Freeing initrd memory: 14872K
[    0.737772] clocksource: tsc: mask: 0xffffffffffffffff max_cycles: 0x255cb6cc5db, max_idle_ns: 440795203504 ns
[    0.739954] platform rtc_cmos: registered platform RTC device (no PNP device found)
[    0.743072] Scanning for low memory corruption every 60 seconds
[    0.744806] audit: initializing netlink subsys (disabled)
[    0.745991] audit: type=2000 audit(1584862988.833:1): initialized
[    0.747525] Initialise system trusted keyring
[    0.748834] HugeTLB registered 2 MB page size, pre-allocated 0 pages
[    0.751322] zbud: loaded
[    0.752438] VFS: Disk quotas dquot_6.6.0
[    0.753467] VFS: Dquot-cache hash table entries: 512 (order 0, 4096 bytes)
[    0.755381] squashfs: version 4.0 (2009/01/31) Phillip Lougher
[    0.757090] fuse init (API version 7.23)
[    0.758218] Key type big_key registered
[    0.759194] Allocating IMA MOK and blacklist keyrings.
[    0.762086] Key type asymmetric registered
[    0.763038] Asymmetric key parser 'x509' registered
[    0.764060] Block layer SCSI generic (bsg) driver version 0.4 loaded (major 249)
[    0.765790] io scheduler noop registered
[    0.766666] io scheduler deadline registered (default)
[    0.767713] io scheduler cfq registered
[    0.768650] pci_hotplug: PCI Hot Plug PCI Core version: 0.5
[    0.769901] pciehp: PCI Express Hot Plug Controller Driver version: 0.4
[    0.771397] ACPI: AC Adapter [AC] (on-line)
[    0.772339] input: Power Button as /devices/LNXSYSTM:00/LNXPWRBN:00/input/input0
[    0.773927] ACPI: Power Button [PWRF]
[    0.775014] input: Sleep Button as /devices/LNXSYSTM:00/LNXSLPBN:00/input/input1
[    0.776656] ACPI: Sleep Button [SLPF]
[    0.777659] GHES: HEST is not enabled!
[    0.778228] ACPI: Battery Slot [BAT0] (battery present)
[    0.780352] Serial: 8250/16550 driver, 32 ports, IRQ sharing enabled
[    0.802988] 00:02: ttyS0 at I/O 0x3f8 (irq = 4, base_baud = 115200) is a 16550A
[    0.807185] Linux agpgart interface v0.103
[    0.809461] loop: module loaded
[    0.810775] scsi host0: ata_piix
[    0.811664] scsi host1: ata_piix
[    0.812473] ata1: PATA max UDMA/33 cmd 0x1f0 ctl 0x3f6 bmdma 0xd000 irq 14
[    0.813785] ata2: PATA max UDMA/33 cmd 0x170 ctl 0x376 bmdma 0xd008 irq 15
[    0.815410] libphy: Fixed MDIO Bus: probed
[    0.816592] tun: Universal TUN/TAP device driver, 1.6
[    0.817679] tun: (C) 1999-2004 Max Krasnyansky <maxk@qualcomm.com>
[    0.819328] PPP generic driver version 2.4.2
[    0.820374] ehci_hcd: USB 2.0 'Enhanced' Host Controller (EHCI) Driver
[    0.821908] ehci-pci: EHCI PCI platform driver
[    0.823075] ehci-platform: EHCI generic platform driver
[    0.824133] ohci_hcd: USB 1.1 'Open' Host Controller (OHCI) Driver
[    0.825663] ohci-pci: OHCI PCI platform driver
[    0.826625] ohci-platform: OHCI generic platform driver
[    0.827873] uhci_hcd: USB Universal Host Controller Interface driver
[    0.829155] i8042: PNP: PS/2 Controller [PNP0303:PS2K,PNP0f03:PS2M] at 0x60,0x64 irq 1,12
[    0.831616] serio: i8042 KBD port at 0x60,0x64 irq 1
[    0.833035] serio: i8042 AUX port at 0x60,0x64 irq 12
[    0.834265] mousedev: PS/2 mouse device common for all mice
[    0.836226] input: AT Translated Set 2 keyboard as /devices/platform/i8042/serio0/input/input2
[    0.838778] rtc_cmos rtc_cmos: rtc core: registered rtc_cmos as rtc0
[    0.840159] rtc_cmos rtc_cmos: alarms up to one day, 114 bytes nvram
[    0.841509] i2c /dev entries driver
[    0.842362] device-mapper: uevent: version 1.0.3
[    0.843946] device-mapper: ioctl: 4.34.0-ioctl (2015-10-28) initialised: dm-devel@redhat.com
[    0.845726] ledtrig-cpu: registered to indicate activity on CPUs
[    0.847502] NET: Registered protocol family 10
[    0.848773] NET: Registered protocol family 17
[    0.849809] Key type dns_resolver registered
[    0.851504] registered taskstats version 1
[    0.852596] Loading compiled-in X.509 certificates
[    0.854243] Loaded X.509 cert 'Build time autogenerated kernel key: 4e6a82653c7e3a258f066f23f1954299de63b157'
[    0.856428] zswap: loaded using pool lzo/zbud
[    0.859042] Key type trusted registered
[    0.862450] Key type encrypted registered
[    0.863390] AppArmor: AppArmor sha1 policy hashing enabled
[    0.864509] ima: No TPM chip found, activating TPM-bypass!
[    0.874525] ima: Allocated hash algorithm: sha1
[    0.875800] evm: HMAC attrs: 0x1
[    0.877103]   Magic number: 12:60:724
[    0.878025] block loop4: hash matches
[    0.879098] rtc_cmos rtc_cmos: setting system clock to 2020-03-22 07:43:04 UTC (1584862984)
[    0.881210] BIOS EDD facility v0.16 2004-Jun-25, 0 devices found
[    0.882650] EDD information not available.
[    0.995133] Freeing unused kernel memory: 1488K
[    0.996094] Write protecting the kernel read-only data: 14336k
[    0.997708] Freeing unused kernel memory: 1604K
[    0.998909] Freeing unused kernel memory: 64K
Loading, please wait...
starting version 229
[    1.009319] random: systemd-udevd: uninitialized urandom read (16 bytes read, 3 bits of entropy available)
[    1.011108] random: udevadm: uninitialized urandom read (16 bytes read, 3 bits of entropy available)
[    1.011124] random: udevadm: uninitialized urandom read (16 bytes read, 3 bits of entropy available)
[    1.015865] random: systemd-udevd: uninitialized urandom read (16 bytes read, 3 bits of entropy available)
[    1.017266] random: udevadm: uninitialized urandom read (16 bytes read, 3 bits of entropy available)
[    1.017297] random: udevadm: uninitialized urandom read (16 bytes read, 3 bits of entropy available)
[    1.017402] random: udevadm: uninitialized urandom read (16 bytes read, 3 bits of entropy available)
[    1.017438] random: udevadm: uninitialized urandom read (16 bytes read, 3 bits of entropy available)
[    1.017475] random: udevadm: uninitialized urandom read (16 bytes read, 3 bits of entropy available)
[    1.017514] random: udevadm: uninitialized urandom read (16 bytes read, 3 bits of entropy available)
[    1.052404] e1000: Intel(R) PRO/1000 Network Driver - version 7.3.21-k8-NAPI
[    1.053812] e1000: Copyright (c) 1999-2006 Intel Corporation.
[    1.056856] Fusion MPT base driver 3.04.20
[    1.057828] Copyright (c) 1999-2008 LSI Corporation
[    1.061575] Fusion MPT SPI Host driver 3.04.20
[    1.069998] AVX2 version of gcm_enc/dec engaged.
[    1.071032] AES CTR mode by8 optimization enabled
[    1.259643] input: ImExPS/2 Generic Explorer Mouse as /devices/platform/i8042/serio1/input/input4
[    1.433255] e1000 0000:00:03.0 eth0: (PCI:33MHz:32-bit) 02:0e:0c:9a:00:f0
[    1.435471] e1000 0000:00:03.0 eth0: Intel(R) PRO/1000 Network Connection
[    1.438459] mptbase: ioc0: Initiating bringup
[    1.504122] ioc0: LSI53C1030 A0: Capabilities={Initiator}
[    1.680632] scsi host2: ioc0: LSI53C1030 A0, FwRev=00000000h, Ports=1, MaxQ=256, IRQ=20
[    1.798810] scsi 2:0:0:0: Direct-Access     VBOX     HARDDISK         1.0  PQ: 0 ANSI: 5
[    1.801452] scsi target2:0:0: Beginning Domain Validation
[    1.805356] scsi target2:0:0: Domain Validation skipping write tests
[    1.806432] scsi target2:0:0: Ending Domain Validation
[    1.807437] scsi target2:0:0: asynchronous
[    1.808597] scsi 2:0:1:0: Direct-Access     VBOX     HARDDISK         1.0  PQ: 0 ANSI: 5
[    1.810115] scsi target2:0:1: Beginning Domain Validation
[    1.811774] scsi target2:0:1: Domain Validation skipping write tests
[    1.813211] scsi target2:0:1: Ending Domain Validation
[    1.814167] scsi target2:0:1: asynchronous
[    1.851002] sd 2:0:0:0: Attached scsi generic sg0 type 0
[    1.852377] sd 2:0:0:0: [sda] 20971520 512-byte logical blocks: (10.7 GB/10.0 GiB)
[    1.854973] sd 2:0:1:0: Attached scsi generic sg1 type 0
[    1.856610] sd 2:0:1:0: [sdb] 20480 512-byte logical blocks: (10.5 MB/10.0 MiB)
[    1.858415] sd 2:0:0:0: [sda] Write Protect is off
[    1.860329] sd 2:0:1:0: [sdb] Write Protect is off
[    1.862021] sd 2:0:0:0: [sda] Incomplete mode parameter data
[    1.864312] sd 2:0:0:0: [sda] Assuming drive cache: write through
[    1.866319] sd 2:0:1:0: [sdb] Incomplete mode parameter data
[    1.867458] sd 2:0:1:0: [sdb] Assuming drive cache: write through
[    1.902311]  sda: sda1
[    1.904406] sd 2:0:1:0: [sdb] Attached SCSI disk
[    1.905396] sd 2:0:0:0: [sda] Attached SCSI disk
[    2.199290] e1000 0000:00:08.0 eth1: (PCI:33MHz:32-bit) 08:00:27:fd:1c:02
[    2.200996] e1000 0000:00:08.0 eth1: Intel(R) PRO/1000 Network Connection
[    2.203428] e1000 0000:00:03.0 enp0s3: renamed from eth0
[    2.215102] e1000 0000:00:08.0 enp0s8: renamed from eth1
Begin: Loading essential drivers ... [    3.603366] md: linear personality registered for level -1
[    3.606318] md: multipath personality registered for level -4
[    3.609517] md: raid0 personality registered for level 0
[    3.613404] md: raid1 personality registered for level 1
[    3.683030] raid6: sse2x1   gen() 12096 MB/s
[    3.750303] raid6: sse2x1   xor()  8014 MB/s
[    3.818604] raid6: sse2x2   gen() 15600 MB/s
[    3.886921] raid6: sse2x2   xor() 11231 MB/s
[    3.954308] raid6: sse2x4   gen() 17660 MB/s
[    4.022590] raid6: sse2x4   xor() 12082 MB/s
[    4.090380] raid6: avx2x1   gen() 24039 MB/s
[    4.158314] raid6: avx2x2   gen() 28344 MB/s
[    4.226336] raid6: avx2x4   gen() 29515 MB/s
[    4.227326] raid6: using algorithm avx2x4 gen() 29515 MB/s
[    4.228515] raid6: using avx2x2 recovery algorithm
[    4.230636] xor: automatically using best checksumming function:
[    4.270506]    avx       : 30335.000 MB/sec
[    4.272341] async_tx: api initialized (async)
[    4.285008] md: raid6 personality registered for level 6
[    4.286169] md: raid5 personality registered for level 5
[    4.287398] md: raid4 personality registered for level 4
[    4.293608] md: raid10 personality registered for level 10
done.
Begin: Running /scripts/init-premount ... done.
Begin: Mounting root file system ... Begin: Running /scripts/local-top ... done.
Begin: Running /scripts/local-premount ... [    4.319696] Btrfs loaded
Scanning for Btrfs filesystems
done.
Warning: fsck not present, so skipping root file system
[    4.346072] EXT4-fs (sda1): mounted filesystem with ordered data mode. Opts: (null)
done.
Begin: Running /scripts/local-bottom ... done.
Begin: Running /scripts/init-bottom ... done.
[    4.437673] systemd[1]: systemd 229 running in system mode. (+PAM +AUDIT +SELINUX +IMA +APPARMOR +SMACK +SYSVINIT +UTMP +LIBCRYPTSETUP +GCRYPT +GNUTLS +ACL +XZ -LZ4 +SECCOMP +BLKID +ELFUTILS +KMOD -IDN)
[    4.441369] systemd[1]: Detected virtualization oracle.
[    4.442523] systemd[1]: Detected architecture x86-64.

Welcome to [1mUbuntu 16.04.6 LTS[0m!

[    4.446406] systemd[1]: Set hostname to <ubuntu>.
[    4.450406] systemd[1]: Initializing machine ID from random generator.
[    4.451701] systemd[1]: Installed transient /etc/machine-id file.
[    4.570499] systemd[1]: Listening on LVM2 poll daemon socket.
[[0;32m  OK  [0m] Listening on LVM2 poll daemon socket.
[    4.572277] systemd[1]: Reached target Encrypted Volumes.
[[0;32m  OK  [0m] Reached target Encrypted Volumes.
[    4.574016] systemd[1]: Reached target System Time Synchronized.
[[0;32m  OK  [0m] Reached target System Time Synchronized.
[    4.575915] systemd[1]: Listening on Journal Audit Socket.
[[0;32m  OK  [0m] Listening on Journal Audit Socket.
[    4.583354] systemd[1]: Listening on Journal Socket.
[[0;32m  OK  [0m] Listening on Journal Socket.
[    4.591339] systemd[1]: Created slice User and Session Slice.
[[0;32m  OK  [0m] Created slice User and Session Slice.
[    4.599027] systemd[1]: Started Trigger resolvconf update for networkd DNS.
[[0;32m  OK  [0m] Started Trigger resolvconf update for networkd DNS.
[    4.601330] systemd[1]: Listening on Syslog Socket.
[[0;32m  OK  [0m] Listening on Syslog Socket.
[    4.603030] systemd[1]: Listening on udev Control Socket.
[[0;32m  OK  [0m] Listening on udev Control Socket.
[    4.610881] systemd[1]: Listening on Device-mapper event daemon FIFOs.
[[0;32m  OK  [0m] Listening on Device-mapper event daemon FIFOs.
[    4.613494] systemd[1]: Listening on Journal Socket (/dev/log).
[[0;32m  OK  [0m] Listening on Journal Socket (/dev/log).
[    4.615403] systemd[1]: Started Forward Password Requests to Wall Directory Watch.
[[0;32m  OK  [0m] Started Forward Password Requests to Wall Directory Watch.
[    4.618128] systemd[1]: Set up automount Arbitrary Executable File Formats File System Automount Point.
[[0;32m  OK  [0m] Set up automount Arbitrary Executab...ats File System Automount Point.
[    4.627402] systemd[1]: Listening on /dev/initctl Compatibility Named Pipe.
[[0;32m  OK  [0m] Listening on /dev/initctl Compatibility Named Pipe.
[    4.630201] systemd[1]: Reached target User and Group Name Lookups.
[[0;32m  OK  [0m] Reached target User and Group Name Lookups.
[    4.638949] systemd[1]: Reached target Swap.
[[0;32m  OK  [0m] Reached target Swap.
[    4.646998] systemd[1]: Created slice System Slice.
[[0;32m  OK  [0m] Created slice System Slice.
[    4.658437] systemd[1]: Starting Create list of required static device nodes for the current kernel...
         Starting Create list of required st... nodes for the current kernel...
[    4.667231] systemd[1]: Reached target Slices.
[[0;32m  OK  [0m] Reached target Slices.
[    4.669218] systemd[1]: Starting Journal Service...
         Starting Journal Service...
[    4.671154] systemd[1]: Starting Set console keymap...
         Starting Set console keymap...
[    4.673237] systemd[1]: Starting Remount Root and Kernel File Systems...
         Starting Remount Root and Kernel File Systems...
[    4.677845] EXT4-fs (sda1): re-mounted. Opts: (null)
[    4.683062] systemd[1]: Mounting Debug File System...
         Mounting Debug File System...
[    4.687108] systemd[1]: Mounting Huge Pages File System...
         Mounting Huge Pages File System...
[    4.694897] systemd[1]: Starting Nameserver information manager...
         Starting Nameserver information manager...
[    4.699175] systemd[1]: Starting Load Kernel Modules...
         Starting Load Kernel Modules...
[    4.707490] systemd[1]: Starting Uncomplicated firewall...
         Starting Uncomplicated firewall...
[    4.709739] Loading iSCSI transport class v2.0-870.
[    4.711793] systemd[1]: Mounting POSIX Message Queue File System...
         Mounting POSIX Message Queue File System...
[    4.714732] systemd[1]: Listening on LVM2 metadata daemon socket.
[[0;32m  OK  [0m] Listening on LVM2 metadata daemon socket.
[    4.717329] systemd[1]: Starting Monitoring of LVM2 mirrors, snapshots etc. using dmeventd or progress polling...
         Starting Monitoring of LVM2 mirrors... dmeventd or progress polling...
[    4.722169] iscsi: registered transport (tcp)
[    4.724133] systemd[1]: Created slice system-serial\x2dgetty.slice.
[[0;32m  OK  [0m] Created slice system-serial\x2dgetty.slice.
[    4.727595] systemd[1]: Listening on udev Kernel Socket.
[[0;32m  OK  [0m] Listening on udev Kernel Socket.
[    4.735737] systemd[1]: Mounted Debug File System.
[[0;32m  OK  [0m] Mounted Debug File System.
[    4.742425] systemd[1]: Mounted Huge Pages File System.
[[0;32m  OK  [0m] Mounted Huge Pages File System.
[    4.746246] systemd[1]: Mounted POSIX Message Queue File System.
[[0;32m  OK  [0m] Mounted POSIX Message Queue File System.
[    4.753938] iscsi: registered transport (iser)
[    4.755132] systemd[1]: Started Journal Service.
[[0;32m  OK  [0m] Started Journal Service.
[[0;32m  OK  [0m] Started Create list of required sta...ce nodes for the current kernel.
[[0;32m  OK  [0m] Started Set console keymap.
[[0;32m  OK  [0m] Started Remount Root and Kernel File Systems.
[[0;32m  OK  [0m] Started Load Kernel Modules.
[[0;32m  OK  [0m] Started Uncomplicated firewall.
[[0;32m  OK  [0m] Started Nameserver information manager.
[[0;32m  OK  [0m] Started LVM2 metadata daemon.
         Starting Apply Kernel Variables...
         Mounting FUSE Control File System...
         Starting Load/Save Random Seed...
         Starting udev Coldplug all Devices...
         Starting Create Static Device Nodes in /dev...
         Starting Flush Journal to Persistent Storage...
[[0;32m  OK  [0m] Mounted FUSE Control File System.
[[0;32m  OK  [0m] Started Apply Kernel Variables.
[[0;32m  OK  [0m] Started Load/Save Random Seed.
[[0;32m  OK  [0m] Started Create Static Device Nodes in /dev.
         Starting udev Kernel Device Manager...
[[0;32m  OK  [0m] Started Flush Journal to Persistent Storage.
[[0;32m  OK  [0m] Started udev Coldplug all Devices.
[[0;32m  OK  [0m] Started udev Kernel Device Manager.
[[0;32m  OK  [0m] Started Dispatch Password Requests to Console Directory Watch.
[[0;32m  OK  [0m] Found device /dev/ttyS0.
[[0;32m  OK  [0m] Listening on Load/Save RF Kill Switch Status /dev/rfkill Watch.
[[0;32m  OK  [0m] Started Monitoring of LVM2 mirrors,...ng dmeventd or progress polling.
[[0;32m  OK  [0m] Reached target Local File Systems (Pre).
[[0;32m  OK  [0m] Reached target Local File Systems.
         Starting Set console font and keymap...
         Starting Initial cloud-init job (pre-networking)...
         Starting LSB: AppArmor initialization...
         Starting Commit a transient machine-id on disk...
         Starting Tell Plymouth To Write Out Runtime Data...
         Starting Create Volatile Files and Directories...
[[0;32m  OK  [0m] Started Create Volatile Files and Directories.
         Starting Update UTMP about System Boot/Shutdown...
[[0;32m  OK  [0m] Started Tell Plymouth To Write Out Runtime Data.
[[0;32m  OK  [0m] Started Update UTMP about System Boot/Shutdown.
[[0;32m  OK  [0m] Started Commit a transient machine-id on disk.
[[0;32m  OK  [0m] Started Set console font and keymap.
[[0;32m  OK  [0m] Created slice system-getty.slice.
[    6.593938] cloud-init[626]: Cloud-init v. 19.4-33-gbb4131a2-0ubuntu1~16.04.1 running 'init-local' at Sun, 22 Mar 2020 07:43:09 +0000. Up 6.13 seconds.
[[0;32m  OK  [0m] Started Initial cloud-init job (pre-networking).
[[0;32m  OK  [0m] Reached target Network (Pre).
[[0;32m  OK  [0m] Started LSB: AppArmor initialization.
         Starting Raise network interfaces...
[[0;32m  OK  [0m] Started Raise network interfaces.
[[0;32m  OK  [0m] Reached target Network.
         Starting Initial cloud-init job (metadata service crawler)...
[    8.330678] cloud-init[958]: Cloud-init v. 19.4-33-gbb4131a2-0ubuntu1~16.04.1 running 'init' at Sun, 22 Mar 2020 07:43:11 +0000. Up 7.55 seconds.
[    8.331894] cloud-init[958]: ci-info: ++++++++++++++++++++++++++++++++++++Net device info+++++++++++++++++++++++++++++++++++++
[    8.340615] cloud-init[958]: ci-info: +--------+-------+------------------------+---------------+--------+-------------------+
[    8.349155] cloud-init[958]: ci-info: | Device |   Up  |        Address         |      Mask     | Scope  |     Hw-Address    |
[    8.356463] cloud-init[958]: ci-info: +--------+-------+------------------------+---------------+--------+-------------------+
[    8.365063] [[0;32m  OK  [0m] Started Initial cloud-init job (metadata service crawler).
cloud-init[958]: ci-info: | enp0s3 |  True |       10.0.2.15        | 255.255.255.0 | global | 02:0e:0c:9a:00:f0 |
[    8.372511] [cloud-init[0;32m  OK  [0m[958]: ] ci-info: | enp0s3 |  True | fe80::e:cff:fe9a:f0/64 |       .       |  link  | 02:0e:0c:9a:00:f0 |Reached target Cloud-config availability.

[[0;32m  OK  [0m] Reached target System Initialization.
[[0;32m  OK  [0m] Listening on ACPID Listen Socket.
[    8.372813] cloud-init[958]: ci-info: | enp0s8 | False |           .            |       .       |   .    | 08:00:27:fd:1c:02 |
[    8.388433] [cloud-init[0;32m  OK  [0m[958]: ] ci-info: |   lo   |  True |       127.0.0.1        |   255.0.0.0   |  host  |         .         |Started ACPI Events Check.

[    8.388813] [cloud-init[0;32m  OK  [0m[958]: ] ci-info: |   lo   |  True |        ::1/128         |       .       |  host  |         .         |Reached target Paths.

[[0;32m  OK  [0m] Listening on UUID daemon activation socket.
[    8.389955] [cloud-init[0;32m  OK  [0m[958]: ] ci-info: +--------+-------+------------------------+---------------+--------+-------------------+Started Daily Cleanup of Temporary Directories.

[    8.397865]          cloud-initStarting LXD - unix socket.[958]: 
ci-info: +++++++++++++++++++++++++++Route IPv4 info++++++++++++++++++++++++++++
[    8.399037]          Starting Socket activation for snappy daemon.
[[0;32m  OK  [0m] Listening on D-Bus System Message Bus Socket.
[[0;32m  OK  [0m] Started Daily apt download activities.
[[0;32m  OK  [0m] Started Daily apt upgrade and clean activities.
[[0;32m  OK  [0m] Started Message of the Day.
[[0;32m  OK  [0m] Reached target Timers.
cloud-init[958]: ci-info: +-------+-------------+----------+---------------+-----------+-------+
[[0;32m  OK  [0m] Reached target Network is Online.
[    8.403590] cloud-init[958]: ci-info: | Route | Destination | Gateway  |    Genmask    | Interface | Flags |
[    8.405021] cloud-init[958]: ci-info: +-------+-------------+----------+---------------+-----------+-------+
[    8.406292] cloud-init[958]: ci-info: |   0   |   0.0.0.0   | 10.0.2.2 |    0.0.0.0    |   enp0s3  |   UG  |
[    8.407914] cloud-init[958]: ci-info: |   1   |   10.0.2.0  | 0.0.0.0  | 255.255.255.0 |   enp0s3  |   U   |
[    8.416723]          cloud-initStarting iSCSI initiator daemon (iscsid)...[958]: 
ci-info: +-------+-------------+----------+---------------+-----------+-------+
[    8.417721] [cloud-init[0;32m  OK  [0m[958]: ] ci-info: +++++++++++++++++++Route IPv6 info+++++++++++++++++++Listening on LXD - unix socket.

[[0;32m  OK  [0m] Listening on Socket activation for snappy daemon.
[[0;32m  OK  [0m] Reached target Sockets.
[[0;32m  OK  [0m] Reached target Basic System.
         Starting LXD - container startup/shutdown...[    8.418867] 
cloud-init[958]: ci-info: +-------+-------------+---------+-----------+-------+
[    8.423342] cloud-init[958]: ci-info: | Route | Destination | Gateway | Interface | Flags |
         Starting Accounts Service...[    8.425551] cloud-init[958]: ci-info: +-------+-------------+---------+-----------+-------+
[    8.425782] cloud-init[958]: ci-info: |   0   |  fe80::/64  |    ::   |   enp0s3  |   U   |
[    8.425967] cloud-init[958]: ci-info: |   3   |   ff00::/8  |    ::   |   enp0s3  |   U   |

[    8.426115]          Starting Virtualbox guest utils...
cloud-init[958]: ci-info: +-------+-------------+---------+-----------+-------+
[    8.430169] cloud-init[958]: Generating public/private rsa key pair.
[    8.430240] cloud-init[958]: Your identification has been saved in /etc/ssh/ssh_host_rsa_key.
[    8.430520] cloud-init[958]: Your public key has been saved in /etc/ssh/ssh_host_rsa_key.pub.
[    8.430767] cloud-init[958]: The key fingerprint is:
[    8.431014] cloud-init[958]: SHA256:FWfUlfHWL4KrWBjMeDxm5v9tT+Tp0K2wcG6V/0YZL/0 root@ubuntu-xenial
[    8.431172] cloud-init[958]: The key's randomart image is:
[    8.431409] cloud-init[958]: +---[RSA 2048]----+
[    8.431649] cloud-init[958]: |          ..+. o+|
[    8.431896]          Starting LSB: Record successful boot for GRUB...
cloud-init[958]: |           +  ..o|
[    8.437178] cloud-init[958]: |          .     +|
[    8.438083] cloud-init[958]: |     =   . .   o.|
[    8.439067] cloud-init[958]: |    . @ S . . oo=|
[    8.439249] cloud-init[958]: |     * +   . =+=+|
[    8.439504] cloud-init[958]: |      o . o +.=+o|
[    8.439754] cloud-init[958]: |       + . =o* .E|
[[0;32m  OK  [0m] Started Regular background program processing daemon.
[    8.440292] cloud-init[958]:          Starting Pollinate to seed the pseudo random number generator...
         Starting LSB: MD monitoring daemon...
[[0;32m  OK  [0m] Started Deferred execution scheduler.
         Starting /etc/rc.local Compatibility...
         Starting Login Service...
         Starting System Logging Service...
[[0;32m  OK  [0m] Started FUSE filesystem for LXC.
|      . o..o+.+.o|
         Starting Snappy daemon...
[[0;32m  OK  [0m] Started D-Bus System Message Bus.
[    8.456582] cloud-init[958]: +----[SHA256]-----+
[    8.466345] cloud-init[958]: Generating public/private dsa key pair.
[    8.468141] cloud-init[958]: Your identification has been saved in /etc/ssh/ssh_host_dsa_key.
[    8.470408] cloud-init[958]: Your public key has been saved in /etc/ssh/ssh_host_dsa_key.pub.
[    8.473520] cloud-init[958]: The key fingerprint is:
[    8.478605] cloud-init[958]: SHA256:zb5HTRHlaE0r2dTCJV9MtXjHAVIKLVf9ur5WH25eG4I root@ubuntu-xenial
[    8.480195] cloud-init[958]: The key's randomart image is:
[    8.482596] cloud-init[958]: +---[DSA 1024]----+
[    8.483596] cloud-init[958]: |         ...o==OX|
[    8.485223] cloud-init[958]: |         ..oo OXB|
[    8.496367] cloud-init[958]: |          o. +oBB|
[    8.497749] cloud-init[958]: |         o   .+ o|
[    8.498632] cloud-init[958]: |        S o  o . |
[    8.499670] cloud-init[958]: |         .  o o..|
[    8.501670] cloud-init[958]: |          .E ..++|
[    8.502610] cloud-init[958]: |           .. +o=|
[    8.504434] cloud-init[958]: |          .. o=+ |
[    8.505487] cloud-init[958]: +----[SHA256]-----+
[    8.506566] cloud-init[958]: Generating public/private ecdsa key pair.
[    8.510401] cloud-init[958]: Your identification has been saved in /etc/ssh/ssh_host_ecdsa_key.
[    8.517129] cloud-init[958]: Your public key has been saved in /etc/ssh/ssh_host_ecdsa_key.pub.
[    8.519240] cloud-init[958]: The key fingerprint is:
[    8.521713] cloud-init[958]: SHA256:yUr/QlHChRZsuMFS2aatyaiqFmxb2hZnNvNmBqinr8A root@ubuntu-xenial
[    8.522899] cloud-init[958]: The key's randomart image is:
[    8.523786] cloud-init[958]: +---[ECDSA 256]---+
[    8.532648] [[0;32m  OK  [0m] Started ACPI event daemon.
cloud-init[958]: |     o.*.+.      |
[    8.533886] [[0;32m  OK  [0m] Started System Logging Service.
cloud-init[958]: |    . = X .      |
[[0;32m  OK  [0m] Started /etc/rc.local Compatibility.
[    8.536884] cloud-init[958]: |     . O o       |
[    8.538526] [[0;32m  OK  [0m] Started iSCSI initiator daemon (iscsid).
cloud-init[958]: |      o.o.       |
[    8.544777] cloud-init[958]: |.   .o.oS.       |
[    8.546172] cloud-init[958]: |.+ +.O+o.        |
[    8.547123] cloud-init[958]: |oEB.= *..        |
[    8.549116] [[0;32m  OK  [0m] Started Login Service.
[[0;32m  OK  [0m] Started Unattended Upgrades Shutdown.
         Starting Authenticate and Authorize Users to Run Privileged Tasks...
         Starting Login to default iSCSI targets...
cloud-init[958]: |.=.+   =..       |
[    8.562533] cloud-init[958]: |=+*.  +  ..      |
[    8.563202] cloud-init[958]: +----[SHA256]-----+
[    8.567771] cloud-init[958]: Generating public/private ed25519 key pair.
[    8.571458] [[0;32m  OK  [0m] Started LSB: Record successful boot for GRUB.
cloud-init[958]: Your identification has been saved in /etc/ssh/ssh_host_ed25519_key.
[    8.585079] [[0;32m  OK  [0m] Started Login to default iSCSI targets.
[[0;32m  OK  [0m] Reached target Remote File Systems (Pre).
[[0;32m  OK  [0m] Reached target Remote File Systems.
         Starting LSB: Set the CPU Frequency Scaling governor to "ondemand"...
         Starting LSB: automatic crash report generation...
cloud-init[958]: Your public key has been saved in /etc/ssh/ssh_host_ed25519_key.pub.         Starting LSB: daemon to balance interrupts for SMP systems...
         Starting Permit User Sessions...

[    8.601855] cloud-init[958]: [[0;32m  OK  [0m] Started Permit User Sessions.
The key fingerprint is:         Starting Terminate Plymouth Boot Screen...
         Starting Hold until boot process finishes up...

[    8.613377] [cloud-init[0;32m  OK  [0m[958]: ] SHA256:pxJfL2NcuMi2MFIWgNYigYWA3IJKOhBOYTABvQgVt3g root@ubuntu-xenialStarted Hold until boot process finishes up.

[[0;32m  OK  [0m] Started LSB: MD monitoring daemon.
[    8.614164] cloud-init[958]: The key's randomart image is:
[    8.616629]          Starting Set console scheme...
[[0;32m  OK  [0m] Started Getty on tty1.
[[0;32m  OK  [0m] Started Serial Getty on ttyS0.
[[0;32m  OK  [0m] Reached target Login Prompts.
[[0;32m  OK  [0m] Started Terminate Plymouth Boot Screen.
cloud-init[958]: +--[ED25519 256]--+
[    8.627972] [cloud-init[0;32m  OK  [0m[958]: ] |^%*+o            |Started Set console scheme.

[    8.628827] cloud-init[[0;32m  OK  [0m] Started LXD - container startup/shutdown.
[958]: |%==+.o           |
[    8.633383] cloud-init[958]: |*=ooE .          |
[    8.635504] [[0;32m  OK  [0m] Started LSB: Set the CPU Frequency Scaling governor to "ondemand".
cloud-init[958]: |= ..   .   .     |
[[0;32m  OK  [0m] Started LSB: daemon to balance interrupts for SMP systems.
[    8.652909] [[0;32m  OK  [0m] Started Authenticate and Authorize Users to Run Privileged Tasks.
[[0;32m  OK  [0m] Started Accounts Service.
cloud-init[958]: | .    + S + .    |
[    8.659168] cloud-init[958]: |     o + * +     |
[    8.660391] cloud-init[958]: |    . + * * .    |
[    8.661246] cloud-init[958]: |     . = o o     |
[    8.662186] cloud-init[958]: |        .        |
[    8.666060] cloud-init[958]: +----[SHA256]-----+
[[0;32m  OK  [0m] Started LSB: automatic crash report generation.
[[0;32m  OK  [0m] Started Virtualbox guest utils.
[[0;32m  OK  [0m] Started Snappy daemon.
         Starting Wait until snapd is fully seeded...

Ubuntu 16.04.6 LTS ubuntu-xenial ttyS0

ubuntu-xenial login: [   25.209253] cloud-init[1961]: Generating locales (this might take a while)...
[   26.143043] cloud-init[1961]:   en_US.UTF-8... done
[   26.143425] cloud-init[1961]: Generation complete.
[   26.398161] cloud-init[1961]: Cloud-init v. 19.4-33-gbb4131a2-0ubuntu1~16.04.1 running 'modules:config' at Sun, 22 Mar 2020 07:43:28 +0000. Up 25.11 seconds.
ci-info: no authorized SSH keys fingerprints found for user ubuntu.
<14>Mar 22 07:43:30 ec2: 
<14>Mar 22 07:43:30 ec2: #############################################################
<14>Mar 22 07:43:30 ec2: -----BEGIN SSH HOST KEY FINGERPRINTS-----
<14>Mar 22 07:43:30 ec2: 1024 SHA256:zb5HTRHlaE0r2dTCJV9MtXjHAVIKLVf9ur5WH25eG4I root@ubuntu-xenial (DSA)
<14>Mar 22 07:43:30 ec2: 256 SHA256:yUr/QlHChRZsuMFS2aatyaiqFmxb2hZnNvNmBqinr8A root@ubuntu-xenial (ECDSA)
<14>Mar 22 07:43:30 ec2: 256 SHA256:pxJfL2NcuMi2MFIWgNYigYWA3IJKOhBOYTABvQgVt3g root@ubuntu-xenial (ED25519)
<14>Mar 22 07:43:30 ec2: 2048 SHA256:FWfUlfHWL4KrWBjMeDxm5v9tT+Tp0K2wcG6V/0YZL/0 root@ubuntu-xenial (RSA)
<14>Mar 22 07:43:30 ec2: -----END SSH HOST KEY FINGERPRINTS-----
<14>Mar 22 07:43:30 ec2: #############################################################
-----BEGIN SSH HOST KEY KEYS-----
ecdsa-sha2-nistp256 AAAAE2VjZHNhLXNoYTItbmlzdHAyNTYAAAAIbmlzdHAyNTYAAABBBItn8K5NnEVjy218svlyYNfEb+5dXgINRnYd6yQpKDtNZQZfrbMVsFqtmH7ZPtyK8KrfzLQvQktGVD0e51Aq7CU= root@ubuntu-xenial
ssh-ed25519 AAAAC3NzaC1lZDI1NTE5AAAAIHYdCZ3C0Hc+RGSqGFApXXqb8ylujLNs3pmug3eeORY5 root@ubuntu-xenial
ssh-rsa AAAAB3NzaC1yc2EAAAADAQABAAABAQCzO1L6OPVZHXYtuyisTUMPkRmDCxxt5caXOCRzuE6MzQQBByrFON9CmpuQ5sabfdpdbq5N5eoKqxiJ0Vxnv/QA//ccEkzzUsKtQTpwnTlSK1lg88xCPElTUsM1J5aTu00G9ZekzlZCxlTn6LchpUhflU/4U51ueV9+f5nWYQtg9j8zlvuSfxFvUnRtz6BHRkBOZmfQUKEdkSobtu5BlmO9IY4HH+16tx0xChdIjLkVdTvfyeDUguSLkfh8dmZxDzlziwJoFMd/5hTuVRye5IoEpDgUztJk5+Ox1fvw7zQjoyo5S0bsuOPoewr4WtX5F18I+x33ihGJ7xkDuNLKvef5 root@ubuntu-xenial
-----END SSH HOST KEY KEYS-----
[   26.992773] cloud-init[2002]: Cloud-init v. 19.4-33-gbb4131a2-0ubuntu1~16.04.1 running 'modules:final' at Sun, 22 Mar 2020 07:43:30 +0000. Up 26.75 seconds.
[   26.994238] cloud-init[2002]: ci-info: no authorized SSH keys fingerprints found for user ubuntu.
[   26.995283] cloud-init[2002]: Cloud-init v. 19.4-33-gbb4131a2-0ubuntu1~16.04.1 finished at Sun, 22 Mar 2020 07:43:30 +0000. Datasource DataSourceNoCloud [seed=/dev/sdb][dsmode=net].  Up 26.98 seconds
