[    0.000000] Initializing cgroup subsys cpuset
[    0.000000] Initializing cgroup subsys cpu
[    0.000000] Initializing cgroup subsys cpuacct
[    0.000000] Linux version 4.4.0-173-generic (buildd@lgw01-amd64-037) (gcc version 5.4.0 20160609 (Ubuntu 5.4.0-6ubuntu1~16.04.12) ) #203-Ubuntu SMP Wed Jan 15 02:55:01 UTC 2020 (Ubuntu 4.4.0-173.203-generic 4.4.208)
[    0.000000] Command line: BOOT_IMAGE=/boot/vmlinuz-4.4.0-173-generic root=LABEL=cloudimg-rootfs ro console=tty1 console=ttyS0
[    0.000000] KERNEL supported cpus:
[    0.000000]   Intel GenuineIntel
[    0.000000]   AMD AuthenticAMD
[    0.000000]   Centaur CentaurHauls
[    0.000000] x86/fpu: xstate_offset[2]:  576, xstate_sizes[2]:  256
[    0.000000] x86/fpu: Supporting XSAVE feature 0x01: 'x87 floating point registers'
[    0.000000] x86/fpu: Supporting XSAVE feature 0x02: 'SSE registers'
[    0.000000] x86/fpu: Supporting XSAVE feature 0x04: 'AVX registers'
[    0.000000] x86/fpu: Enabled xstate features 0x7, context size is 832 bytes, using 'standard' format.
[    0.000000] e820: BIOS-provided physical RAM map:
[    0.000000] BIOS-e820: [mem 0x0000000000000000-0x000000000009fbff] usable
[    0.000000] BIOS-e820: [mem 0x000000000009fc00-0x000000000009ffff] reserved
[    0.000000] BIOS-e820: [mem 0x00000000000f0000-0x00000000000fffff] reserved
[    0.000000] BIOS-e820: [mem 0x0000000000100000-0x000000001ffeffff] usable
[    0.000000] BIOS-e820: [mem 0x000000001fff0000-0x000000001fffffff] ACPI data
[    0.000000] BIOS-e820: [mem 0x00000000fec00000-0x00000000fec00fff] reserved
[    0.000000] BIOS-e820: [mem 0x00000000fee00000-0x00000000fee00fff] reserved
[    0.000000] BIOS-e820: [mem 0x00000000fffc0000-0x00000000ffffffff] reserved
[    0.000000] NX (Execute Disable) protection: active
[    0.000000] SMBIOS 2.5 present.
[    0.000000] Hypervisor detected: KVM
[    0.000000] e820: last_pfn = 0x1fff0 max_arch_pfn = 0x400000000
[    0.000000] MTRR: Disabled
[    0.000000] x86/PAT: MTRRs disabled, skipping PAT initialization too.
[    0.000000] CPU MTRRs all blank - virtualized system.
[    0.000000] x86/PAT: Configuration [0-7]: WB  WT  UC- UC  WB  WT  UC- UC  
[    0.000000] found SMP MP-table at [mem 0x0009fff0-0x0009ffff] mapped at [ffff88000009fff0]
[    0.000000] Scanning 1 areas for low memory corruption
[    0.000000] RAMDISK: [mem 0x1e8bc000-0x1f741fff]
[    0.000000] ACPI: Early table checksum verification disabled
[    0.000000] ACPI: RSDP 0x00000000000E0000 000024 (v02 VBOX  )
[    0.000000] ACPI: XSDT 0x000000001FFF0030 00003C (v01 VBOX   VBOXXSDT 00000001 ASL  00000061)
[    0.000000] ACPI: FACP 0x000000001FFF00F0 0000F4 (v04 VBOX   VBOXFACP 00000001 ASL  00000061)
[    0.000000] ACPI: DSDT 0x000000001FFF0470 002325 (v02 VBOX   VBOXBIOS 00000002 INTL 20100528)
[    0.000000] ACPI: FACS 0x000000001FFF0200 000040
[    0.000000] ACPI: FACS 0x000000001FFF0200 000040
[    0.000000] ACPI: APIC 0x000000001FFF0240 00005C (v02 VBOX   VBOXAPIC 00000001 ASL  00000061)
[    0.000000] ACPI: SSDT 0x000000001FFF02A0 0001CC (v01 VBOX   VBOXCPUT 00000002 INTL 20100528)
[    0.000000] No NUMA configuration found
[    0.000000] Faking a node at [mem 0x0000000000000000-0x000000001ffeffff]
[    0.000000] NODE_DATA(0) allocated [mem 0x1ffeb000-0x1ffeffff]
[    0.000000] kvm-clock: Using msrs 4b564d01 and 4b564d00
[    0.000000] kvm-clock: cpu 0, msr 0:1ffe3001, primary cpu clock
[    0.000000] kvm-clock: using sched offset of 3256855041 cycles
[    0.000000] clocksource: kvm-clock: mask: 0xffffffffffffffff max_cycles: 0x1cd42e4dffb, max_idle_ns: 881590591483 ns
[    0.000000] Zone ranges:
[    0.000000]   DMA      [mem 0x0000000000001000-0x0000000000ffffff]
[    0.000000]   DMA32    [mem 0x0000000001000000-0x000000001ffeffff]
[    0.000000]   Normal   empty
[    0.000000]   Device   empty
[    0.000000] Movable zone start for each node
[    0.000000] Early memory node ranges
[    0.000000]   node   0: [mem 0x0000000000001000-0x000000000009efff]
[    0.000000]   node   0: [mem 0x0000000000100000-0x000000001ffeffff]
[    0.000000] Initmem setup node 0 [mem 0x0000000000001000-0x000000001ffeffff]
[    0.000000] ACPI: PM-Timer IO Port: 0x4008
[    0.000000] IOAPIC[0]: apic_id 2, version 32, address 0xfec00000, GSI 0-23
[    0.000000] ACPI: INT_SRC_OVR (bus 0 bus_irq 0 global_irq 2 dfl dfl)
[    0.000000] ACPI: INT_SRC_OVR (bus 0 bus_irq 9 global_irq 9 low level)
[    0.000000] Using ACPI (MADT) for SMP configuration information
[    0.000000] smpboot: Allowing 2 CPUs, 0 hotplug CPUs
[    0.000000] PM: Registered nosave memory: [mem 0x00000000-0x00000fff]
[    0.000000] PM: Registered nosave memory: [mem 0x0009f000-0x0009ffff]
[    0.000000] PM: Registered nosave memory: [mem 0x000a0000-0x000effff]
[    0.000000] PM: Registered nosave memory: [mem 0x000f0000-0x000fffff]
[    0.000000] e820: [mem 0x20000000-0xfebfffff] available for PCI devices
[    0.000000] Booting paravirtualized kernel on KVM
[    0.000000] clocksource: refined-jiffies: mask: 0xffffffff max_cycles: 0xffffffff, max_idle_ns: 7645519600211568 ns
[    0.000000] setup_percpu: NR_CPUS:512 nr_cpumask_bits:512 nr_cpu_ids:2 nr_node_ids:1
[    0.000000] PERCPU: Embedded 33 pages/cpu @ffff88001fc00000 s95448 r8192 d31528 u1048576
[    0.000000] Built 1 zonelists in Node order, mobility grouping on.  Total pages: 128888
[    0.000000] Policy zone: DMA32
[    0.000000] Kernel command line: BOOT_IMAGE=/boot/vmlinuz-4.4.0-173-generic root=LABEL=cloudimg-rootfs ro console=tty1 console=ttyS0
[    0.000000] PID hash table entries: 2048 (order: 2, 16384 bytes)
[    0.000000] Memory: 481600K/523832K available (8626K kernel code, 1336K rwdata, 4032K rodata, 1488K init, 1292K bss, 42232K reserved, 0K cma-reserved)
[    0.000000] SLUB: HWalign=64, Order=0-3, MinObjects=0, CPUs=2, Nodes=1
[    0.000000] Kernel/User page tables isolation: enabled
[    0.000000] Hierarchical RCU implementation.
[    0.000000] 	Build-time adjustment of leaf fanout to 64.
[    0.000000] 	RCU restricting CPUs from NR_CPUS=512 to nr_cpu_ids=2.
[    0.000000] RCU: Adjusting geometry for rcu_fanout_leaf=64, nr_cpu_ids=2
[    0.000000] NR_IRQS:33024 nr_irqs:440 16
[    0.000000] Console: colour VGA+ 80x25
[    0.000000] console [tty1] enabled
[    0.000000] console [ttyS0] enabled
[    0.000000] tsc: Detected 2592.002 MHz processor
[    0.134736] Calibrating delay loop (skipped) preset value.. 5184.00 BogoMIPS (lpj=10368008)
[    0.136473] pid_max: default: 32768 minimum: 301
[    0.137462] ACPI: Core revision 20150930
[    0.139986] ACPI: 2 ACPI AML tables successfully acquired and loaded
[    0.141293] Security Framework initialized
[    0.142162] Yama: becoming mindful.
[    0.142940] AppArmor: AppArmor initialized
[    0.143857] Dentry cache hash table entries: 65536 (order: 7, 524288 bytes)
[    0.145231] Inode-cache hash table entries: 32768 (order: 6, 262144 bytes)
[    0.146556] Mount-cache hash table entries: 1024 (order: 1, 8192 bytes)
[    0.148050] Mountpoint-cache hash table entries: 1024 (order: 1, 8192 bytes)
[    0.149465] Initializing cgroup subsys io
[    0.150309] Initializing cgroup subsys memory
[    0.151240] Initializing cgroup subsys devices
[    0.152278] Initializing cgroup subsys freezer
[    0.153216] Initializing cgroup subsys net_cls
[    0.154200] Initializing cgroup subsys perf_event
[    0.155206] Initializing cgroup subsys net_prio
[    0.156143] Initializing cgroup subsys hugetlb
[    0.157069] Initializing cgroup subsys pids
[    0.158983] mce: CPU supports 0 MCE banks
[    0.159816] Last level iTLB entries: 4KB 64, 2MB 8, 4MB 8
[    0.160871] Last level dTLB entries: 4KB 64, 2MB 0, 4MB 0, 1GB 4
[    0.162010] Spectre V1 : Mitigation: usercopy/swapgs barriers and __user pointer sanitization
[    0.164029] Spectre V2 : Mitigation: Full generic retpoline
[    0.165150] Spectre V2 : Spectre v2 / SpectreRSB mitigation: Filling RSB on context switch
[    0.166788] Speculative Store Bypass: Vulnerable
[    0.167784] MDS: Vulnerable: Clear CPU buffers attempted, no microcode
[    0.171545] Freeing SMP alternatives memory: 36K
[    0.178165] ftrace: allocating 32304 entries in 127 pages
[    0.235679] smpboot: APIC(0) Converting physical 0 to logical package 0
[    0.236877] smpboot: Max logical packages: 1
[    0.238125] x2apic enabled
[    0.239056] Switched APIC routing to physical x2apic.
[    0.241258] ..TIMER: vector=0x30 apic1=0 pin1=2 apic2=-1 pin2=-1
[    0.350498] smpboot: CPU0: Intel(R) Core(TM) i7-9750H CPU @ 2.60GHz (family: 0x6, model: 0x9e, stepping: 0xa)
[    0.352910] Performance Events: unsupported p6 CPU model 158 no PMU driver, software events only.
[    0.362740] KVM setup paravirtual spinlock
[    0.364570] x86: Booting SMP configuration:
[    0.365543] .... node  #0, CPUs:      #1
[    0.366493] kvm-clock: cpu 1, msr 0:1ffe3041, secondary cpu clock
[    0.368427] mce: CPU supports 0 MCE banks
[    0.370990] x86: Booted up 1 node, 2 CPUs
[    0.372054] smpboot: Total of 2 processors activated (10368.00 BogoMIPS)
[    0.374113] devtmpfs: initialized
[    0.376029] evm: security.selinux
[    0.376814] evm: security.SMACK64
[    0.377574] evm: security.SMACK64EXEC
[    0.378356] evm: security.SMACK64TRANSMUTE
[    0.379330] evm: security.SMACK64MMAP
[    0.380115] evm: security.ima
[    0.381166] evm: security.capability
[    0.382198] clocksource: jiffies: mask: 0xffffffff max_cycles: 0xffffffff, max_idle_ns: 7645041785100000 ns
[    0.384234] futex hash table entries: 512 (order: 3, 32768 bytes)
[    0.385478] pinctrl core: initialized pinctrl subsystem
[    0.386564] RTC time: 11:58:19, date: 03/17/20
[    0.387645] NET: Registered protocol family 16
[    0.400069] cpuidle: using governor ladder
[    0.411764] cpuidle: using governor menu
[    0.412706] PCCT header not found.
[    0.413667] ACPI: bus type PCI registered
[    0.414486] acpiphp: ACPI Hot Plug PCI Controller Driver version: 0.5
[    0.415900] PCI: Using configuration type 1 for base access
[    0.428202] ACPI: Added _OSI(Module Device)
[    0.429225] ACPI: Added _OSI(Processor Device)
[    0.430168] ACPI: Added _OSI(3.0 _SCP Extensions)
[    0.431241] ACPI: Added _OSI(Processor Aggregator Device)
[    0.432980] ACPI: Executed 1 blocks of module-level executable AML code
[    0.436385] ACPI: Interpreter enabled
[    0.437256] ACPI: (supports S0 S5)
[    0.437997] ACPI: Using IOAPIC for interrupt routing
[    0.439116] PCI: Using host bridge windows from ACPI; if necessary, use "pci=nocrs" and report a bug
[    0.444231] ACPI: PCI Root Bridge [PCI0] (domain 0000 [bus 00-ff])
[    0.445380] acpi PNP0A03:00: _OSC: OS supports [ASPM ClockPM Segments MSI]
[    0.447090] acpi PNP0A03:00: _OSC: not requesting OS control; OS requires [ExtendedConfig ASPM ClockPM MSI]
[    0.449352] acpi PNP0A03:00: fail to add MMCONFIG information, can't access extended PCI configuration space under this bridge.
[    0.451959] PCI host bridge to bus 0000:00
[    0.452794] pci_bus 0000:00: root bus resource [io  0x0000-0x0cf7 window]
[    0.453993] pci_bus 0000:00: root bus resource [io  0x0d00-0xffff window]
[    0.455196] pci_bus 0000:00: root bus resource [mem 0x000a0000-0x000bffff window]
[    0.456716] pci_bus 0000:00: root bus resource [mem 0x20000000-0xfdffffff window]
[    0.458220] pci_bus 0000:00: root bus resource [bus 00-ff]
[    0.460882] pci 0000:00:01.1: legacy IDE quirk: reg 0x10: [io  0x01f0-0x01f7]
[    0.462131] pci 0000:00:01.1: legacy IDE quirk: reg 0x14: [io  0x03f6]
[    0.463306] pci 0000:00:01.1: legacy IDE quirk: reg 0x18: [io  0x0170-0x0177]
[    0.464563] pci 0000:00:01.1: legacy IDE quirk: reg 0x1c: [io  0x0376]
[    0.484030] pci 0000:00:07.0: quirk: [io  0x4000-0x403f] claimed by PIIX4 ACPI
[    0.485665] pci 0000:00:07.0: quirk: [io  0x4100-0x410f] claimed by PIIX4 SMB
[    0.491534] ACPI: PCI Interrupt Link [LNKA] (IRQs 5 9 10 *11)
[    0.493293] ACPI: PCI Interrupt Link [LNKB] (IRQs 5 9 *10 11)
[    0.494866] ACPI: PCI Interrupt Link [LNKC] (IRQs 5 *9 10 11)
[    0.496322] ACPI: PCI Interrupt Link [LNKD] (IRQs 5 9 10 *11)
[    0.497799] ACPI: Enabled 2 GPEs in block 00 to 07
[    0.498993] vgaarb: setting as boot device: PCI:0000:00:02.0
[    0.500042] vgaarb: device added: PCI:0000:00:02.0,decodes=io+mem,owns=io+mem,locks=none
[    0.501632] vgaarb: loaded
[    0.502270] vgaarb: bridge control possible 0000:00:02.0
[    0.503426] SCSI subsystem initialized
[    0.504279] ACPI: bus type USB registered
[    0.505117] usbcore: registered new interface driver usbfs
[    0.506138] usbcore: registered new interface driver hub
[    0.507156] usbcore: registered new device driver usb
[    0.508273] PCI: Using ACPI for IRQ routing
[    0.509365] NetLabel: Initializing
[    0.510102] NetLabel:  domain hash size = 128
[    0.510968] NetLabel:  protocols = UNLABELED CIPSOv4
[    0.511946] NetLabel:  unlabeled traffic allowed by default
[    0.513063] amd_nb: Cannot enumerate AMD northbridges
[    0.514052] clocksource: Switched to clocksource kvm-clock
[    0.519777] AppArmor: AppArmor Filesystem Enabled
[    0.520813] pnp: PnP ACPI init
[    0.522213] pnp: PnP ACPI: found 3 devices
[    0.532319] clocksource: acpi_pm: mask: 0xffffff max_cycles: 0xffffff, max_idle_ns: 2085701024 ns
[    0.534139] NET: Registered protocol family 2
[    0.535157] TCP established hash table entries: 4096 (order: 3, 32768 bytes)
[    0.536495] TCP bind hash table entries: 4096 (order: 4, 65536 bytes)
[    0.537754] TCP: Hash tables configured (established 4096 bind 4096)
[    0.538920] UDP hash table entries: 256 (order: 1, 8192 bytes)
[    0.540054] UDP-Lite hash table entries: 256 (order: 1, 8192 bytes)
[    0.541257] NET: Registered protocol family 1
[    0.542188] pci 0000:00:00.0: Limiting direct PCI/PCI transfers
[    0.543310] pci 0000:00:01.0: Activating ISA DMA hang workarounds
[    0.545022] Unpacking initramfs...
[    0.701101] Freeing initrd memory: 14872K
[    0.702147] clocksource: tsc: mask: 0xffffffffffffffff max_cycles: 0x255cb8d7d74, max_idle_ns: 440795265546 ns
[    0.704025] platform rtc_cmos: registered platform RTC device (no PNP device found)
[    0.705770] Scanning for low memory corruption every 60 seconds
[    0.707218] audit: initializing netlink subsys (disabled)
[    0.708421] audit: type=2000 audit(1584446304.988:1): initialized
[    0.709824] Initialise system trusted keyring
[    0.710998] HugeTLB registered 2 MB page size, pre-allocated 0 pages
[    0.713332] zbud: loaded
[    0.714329] VFS: Disk quotas dquot_6.6.0
[    0.715215] VFS: Dquot-cache hash table entries: 512 (order 0, 4096 bytes)
[    0.716659] squashfs: version 4.0 (2009/01/31) Phillip Lougher
[    0.717973] fuse init (API version 7.23)
[    0.719105] Key type big_key registered
[    0.719974] Allocating IMA MOK and blacklist keyrings.
[    0.722124] Key type asymmetric registered
[    0.723008] Asymmetric key parser 'x509' registered
[    0.724021] Block layer SCSI generic (bsg) driver version 0.4 loaded (major 249)
[    0.725529] io scheduler noop registered
[    0.726369] io scheduler deadline registered (default)
[    0.727639] io scheduler cfq registered
[    0.728584] pci_hotplug: PCI Hot Plug PCI Core version: 0.5
[    0.729708] pciehp: PCI Express Hot Plug Controller Driver version: 0.4
[    0.731038] ACPI: AC Adapter [AC] (on-line)
[    0.731905] input: Power Button as /devices/LNXSYSTM:00/LNXPWRBN:00/input/input0
[    0.733462] ACPI: Power Button [PWRF]
[    0.734316] input: Sleep Button as /devices/LNXSYSTM:00/LNXSLPBN:00/input/input1
[    0.735842] ACPI: Sleep Button [SLPF]
[    0.736719] GHES: HEST is not enabled!
[    0.737450] ACPI: Battery Slot [BAT0] (battery present)
[    0.738970] Serial: 8250/16550 driver, 32 ports, IRQ sharing enabled
[    0.760701] 00:02: ttyS0 at I/O 0x3f8 (irq = 4, base_baud = 115200) is a 16550A
[    0.764846] Linux agpgart interface v0.103
[    0.767237] loop: module loaded
[    0.768500] scsi host0: ata_piix
[    0.769479] scsi host1: ata_piix
[    0.770271] ata1: PATA max UDMA/33 cmd 0x1f0 ctl 0x3f6 bmdma 0xd000 irq 14
[    0.771611] ata2: PATA max UDMA/33 cmd 0x170 ctl 0x376 bmdma 0xd008 irq 15
[    0.773069] libphy: Fixed MDIO Bus: probed
[    0.773949] tun: Universal TUN/TAP device driver, 1.6
[    0.775012] tun: (C) 1999-2004 Max Krasnyansky <maxk@qualcomm.com>
[    0.776420] PPP generic driver version 2.4.2
[    0.777409] ehci_hcd: USB 2.0 'Enhanced' Host Controller (EHCI) Driver
[    0.778613] ehci-pci: EHCI PCI platform driver
[    0.779493] ehci-platform: EHCI generic platform driver
[    0.780723] ohci_hcd: USB 1.1 'Open' Host Controller (OHCI) Driver
[    0.781832] ohci-pci: OHCI PCI platform driver
[    0.782736] ohci-platform: OHCI generic platform driver
[    0.783722] uhci_hcd: USB Universal Host Controller Interface driver
[    0.784902] i8042: PNP: PS/2 Controller [PNP0303:PS2K,PNP0f03:PS2M] at 0x60,0x64 irq 1,12
[    0.787004] serio: i8042 KBD port at 0x60,0x64 irq 1
[    0.788117] serio: i8042 AUX port at 0x60,0x64 irq 12
[    0.789279] mousedev: PS/2 mouse device common for all mice
[    0.790680] input: AT Translated Set 2 keyboard as /devices/platform/i8042/serio0/input/input2
[    0.792783] rtc_cmos rtc_cmos: rtc core: registered rtc_cmos as rtc0
[    0.794067] rtc_cmos rtc_cmos: alarms up to one day, 114 bytes nvram
[    0.795293] i2c /dev entries driver
[    0.796140] device-mapper: uevent: version 1.0.3
[    0.797458] device-mapper: ioctl: 4.34.0-ioctl (2015-10-28) initialised: dm-devel@redhat.com
[    0.799283] ledtrig-cpu: registered to indicate activity on CPUs
[    0.800994] NET: Registered protocol family 10
[    0.802128] NET: Registered protocol family 17
[    0.803107] Key type dns_resolver registered
[    0.804411] registered taskstats version 1
[    0.805353] Loading compiled-in X.509 certificates
[    0.806817] Loaded X.509 cert 'Build time autogenerated kernel key: 4e6a82653c7e3a258f066f23f1954299de63b157'
[    0.808787] zswap: loaded using pool lzo/zbud
[    0.811203] Key type trusted registered
[    0.814841] Key type encrypted registered
[    0.815680] AppArmor: AppArmor sha1 policy hashing enabled
[    0.816731] ima: No TPM chip found, activating TPM-bypass!
[    0.817856] ima: Allocated hash algorithm: sha1
[    0.818790] evm: HMAC attrs: 0x1
[    0.819829]   Magic number: 12:865:984
[    0.821123] rtc_cmos rtc_cmos: setting system clock to 2020-03-17 11:58:20 UTC (1584446300)
[    0.822957] BIOS EDD facility v0.16 2004-Jun-25, 0 devices found
[    0.824079] EDD information not available.
[    0.953572] Freeing unused kernel memory: 1488K
[    0.954553] Write protecting the kernel read-only data: 14336k
[    0.956035] Freeing unused kernel memory: 1604K
[    0.957128] Freeing unused kernel memory: 64K
Loading, please wait...
starting version 229
[    0.968035] random: systemd-udevd: uninitialized urandom read (16 bytes read, 3 bits of entropy available)
[    0.968342] random: udevadm: uninitialized urandom read (16 bytes read, 3 bits of entropy available)
[    0.968357] random: udevadm: uninitialized urandom read (16 bytes read, 3 bits of entropy available)
[    0.974165] random: systemd-udevd: uninitialized urandom read (16 bytes read, 3 bits of entropy available)
[    0.975161] random: udevadm: uninitialized urandom read (16 bytes read, 3 bits of entropy available)
[    0.975191] random: udevadm: uninitialized urandom read (16 bytes read, 3 bits of entropy available)
[    0.975298] random: udevadm: uninitialized urandom read (16 bytes read, 3 bits of entropy available)
[    0.975354] random: udevadm: uninitialized urandom read (16 bytes read, 3 bits of entropy available)
[    0.975392] random: udevadm: uninitialized urandom read (16 bytes read, 3 bits of entropy available)
[    0.975430] random: udevadm: uninitialized urandom read (16 bytes read, 3 bits of entropy available)
[    1.006696] e1000: Intel(R) PRO/1000 Network Driver - version 7.3.21-k8-NAPI
[    1.007957] e1000: Copyright (c) 1999-2006 Intel Corporation.
[    1.009178] Fusion MPT base driver 3.04.20
[    1.010123] Copyright (c) 1999-2008 LSI Corporation
[    1.014230] Fusion MPT SPI Host driver 3.04.20
[    1.027072] AVX2 version of gcm_enc/dec engaged.
[    1.028102] AES CTR mode by8 optimization enabled
[    1.219383] input: ImExPS/2 Generic Explorer Mouse as /devices/platform/i8042/serio1/input/input4
[    1.372058] e1000 0000:00:03.0 eth0: (PCI:33MHz:32-bit) 02:0e:0c:9a:00:f0
[    1.373277] e1000 0000:00:03.0 eth0: Intel(R) PRO/1000 Network Connection
[    1.744501] e1000 0000:00:08.0 eth1: (PCI:33MHz:32-bit) 08:00:27:94:99:91
[    1.745776] e1000 0000:00:08.0 eth1: Intel(R) PRO/1000 Network Connection
[    1.748682] e1000 0000:00:03.0 enp0s3: renamed from eth0
[    1.750238] mptbase: ioc0: Initiating bringup
[    1.758661] e1000 0000:00:08.0 enp0s8: renamed from eth1
[    2.183171] ioc0: LSI53C1030 A0: Capabilities={Initiator}
[    4.708335] scsi host2: ioc0: LSI53C1030 A0, FwRev=00000000h, Ports=1, MaxQ=256, IRQ=20
[    6.748251] scsi 2:0:0:0: Direct-Access     VBOX     HARDDISK         1.0  PQ: 0 ANSI: 5
[    6.750333] scsi target2:0:0: Beginning Domain Validation
[    6.753252] scsi target2:0:0: Domain Validation skipping write tests
[    6.754381] scsi target2:0:0: Ending Domain Validation
[    6.755537] scsi target2:0:0: asynchronous
[    6.757310] scsi 2:0:1:0: Direct-Access     VBOX     HARDDISK         1.0  PQ: 0 ANSI: 5
[    6.759210] scsi target2:0:1: Beginning Domain Validation
[    6.774037] scsi target2:0:1: Domain Validation skipping write tests
[    6.775224] scsi target2:0:1: Ending Domain Validation
[    6.776227] scsi target2:0:1: asynchronous
[    6.782669] sd 2:0:0:0: [sda] 20971520 512-byte logical blocks: (10.7 GB/10.0 GiB)
[    6.782836] sd 2:0:0:0: Attached scsi generic sg0 type 0
[    6.783219] sd 2:0:1:0: Attached scsi generic sg1 type 0
[    6.783398] sd 2:0:1:0: [sdb] 20480 512-byte logical blocks: (10.5 MB/10.0 MiB)
[    6.783590] sd 2:0:1:0: [sdb] Write Protect is off
[    6.783696] sd 2:0:1:0: [sdb] Incomplete mode parameter data
[    6.783697] sd 2:0:1:0: [sdb] Assuming drive cache: write through
[    6.787318] sd 2:0:1:0: [sdb] Attached SCSI disk
[    6.792326] sd 2:0:0:0: [sda] Write Protect is off
[    6.793520] sd 2:0:0:0: [sda] Incomplete mode parameter data
[    6.794603] sd 2:0:0:0: [sda] Assuming drive cache: write through
[    6.797692]  sda: sda1
[    6.799246] sd 2:0:0:0: [sda] Attached SCSI disk
Begin: Loading essential drivers ... [    8.176087] md: linear personality registered for level -1
[    8.179057] md: multipath personality registered for level -4
[    8.182182] md: raid0 personality registered for level 0
[    8.186186] md: raid1 personality registered for level 1
[    8.258258] raid6: sse2x1   gen() 14061 MB/s
[    8.326555] raid6: sse2x1   xor() 10501 MB/s
[    8.394402] raid6: sse2x2   gen() 17233 MB/s
[    8.462233] raid6: sse2x2   xor() 11951 MB/s
[    8.530630] raid6: sse2x4   gen() 19564 MB/s
[    8.598376] raid6: sse2x4   xor() 12816 MB/s
[    8.666217] raid6: avx2x1   gen() 27646 MB/s
[    8.734517] raid6: avx2x2   gen() 31162 MB/s
[    8.802352] raid6: avx2x4   gen() 32736 MB/s
[    8.803334] raid6: using algorithm avx2x4 gen() 32736 MB/s
[    8.804466] raid6: using avx2x2 recovery algorithm
[    8.806539] xor: automatically using best checksumming function:
[    8.854088]    avx       : 28636.000 MB/sec
[    8.856039] async_tx: api initialized (async)
[    8.865562] md: raid6 personality registered for level 6
[    8.866707] md: raid5 personality registered for level 5
[    8.867796] md: raid4 personality registered for level 4
[    8.874240] md: raid10 personality registered for level 10
done.
Begin: Running /scripts/init-premount ... done.
Begin: Mounting root file system ... Begin: Running /scripts/local-top ... done.
Begin: Running /scripts/local-premount ... [    8.901126] Btrfs loaded
Scanning for Btrfs filesystems
done.
Warning: fsck not present, so skipping root file system
[    8.960433] EXT4-fs (sda1): mounted filesystem with ordered data mode. Opts: (null)
done.
Begin: Running /scripts/local-bottom ... done.
Begin: Running /scripts/init-bottom ... done.
[    9.052761] systemd[1]: systemd 229 running in system mode. (+PAM +AUDIT +SELINUX +IMA +APPARMOR +SMACK +SYSVINIT +UTMP +LIBCRYPTSETUP +GCRYPT +GNUTLS +ACL +XZ -LZ4 +SECCOMP +BLKID +ELFUTILS +KMOD -IDN)
[    9.056385] systemd[1]: Detected virtualization oracle.
[    9.057448] systemd[1]: Detected architecture x86-64.

Welcome to [1mUbuntu 16.04.6 LTS[0m!

[    9.060906] systemd[1]: Set hostname to <ubuntu>.
[    9.064583] systemd[1]: Initializing machine ID from random generator.
[    9.065936] systemd[1]: Installed transient /etc/machine-id file.
[    9.174503] systemd[1]: Reached target Encrypted Volumes.
[[0;32m  OK  [0m] Reached target Encrypted Volumes.
[    9.176351] systemd[1]: Listening on udev Kernel Socket.
[[0;32m  OK  [0m] Listening on udev Kernel Socket.
[    9.178048] systemd[1]: Listening on Syslog Socket.
[[0;32m  OK  [0m] Listening on Syslog Socket.
[    9.179911] systemd[1]: Created slice User and Session Slice.
[[0;32m  OK  [0m] Created slice User and Session Slice.
[    9.181676] systemd[1]: Reached target Swap.
[[0;32m  OK  [0m] Reached target Swap.
[    9.183234] systemd[1]: Listening on Journal Socket (/dev/log).
[[0;32m  OK  [0m] Listening on Journal Socket (/dev/log).
[    9.185063] systemd[1]: Listening on LVM2 metadata daemon socket.
[[0;32m  OK  [0m] Listening on LVM2 metadata daemon socket.
[    9.187170] systemd[1]: Set up automount Arbitrary Executable File Formats File System Automount Point.
[[0;32m  OK  [0m] Set up automount Arbitrary Executab...ats File System Automount Point.
[    9.190113] systemd[1]: Created slice System Slice.
[[0;32m  OK  [0m] Created slice System Slice.
[    9.191758] systemd[1]: Reached target Slices.
[[0;32m  OK  [0m] Reached target Slices.
[    9.193445] systemd[1]: Listening on Journal Socket.
[[0;32m  OK  [0m] Listening on Journal Socket.
[    9.210512] systemd[1]: Starting Create list of required static device nodes for the current kernel...
         Starting Create list of required st... nodes for the current kernel...
[    9.214070] systemd[1]: Starting Nameserver information manager...
         Starting Nameserver information manager...
[    9.216435] systemd[1]: Starting Uncomplicated firewall...
         Starting Uncomplicated firewall...
[    9.218205] systemd[1]: Listening on LVM2 poll daemon socket.
[[0;32m  OK  [0m] Listening on LVM2 poll daemon socket.
[    9.219985] systemd[1]: Reached target System Time Synchronized.
[[0;32m  OK  [0m] Reached target System Time Synchronized.
[    9.227505] systemd[1]: Started Forward Password Requests to Wall Directory Watch.
[[0;32m  OK  [0m] Started Forward Password Requests to Wall Directory Watch.
[    9.229953] systemd[1]: Started Trigger resolvconf update for networkd DNS.
[[0;32m  OK  [0m] Started Trigger resolvconf update for networkd DNS.
[    9.242304] systemd[1]: Mounting POSIX Message Queue File System...
         Mounting POSIX Message Queue File System...
[    9.244393] systemd[1]: Listening on Journal Audit Socket.
[[0;32m  OK  [0m] Listening on Journal Audit Socket.
[    9.246665] systemd[1]: Starting Journal Service...
         Starting Journal Service...
[    9.254661] systemd[1]: Reached target User and Group Name Lookups.
[[0;32m  OK  [0m] Reached target User and Group Name Lookups.
[    9.258221] systemd[1]: Mounting Debug File System...
         Mounting Debug File System...
[    9.266196] systemd[1]: Listening on Device-mapper event daemon FIFOs.
[[0;32m  OK  [0m] Listening on Device-mapper event daemon FIFOs.
[    9.286413] systemd[1]: Starting Monitoring of LVM2 mirrors, snapshots etc. using dmeventd or progress polling...
         Starting Monitoring of LVM2 mirrors... dmeventd or progress polling...
[    9.289457] systemd[1]: Listening on udev Control Socket.
[[0;32m  OK  [0m] Listening on udev Control Socket.
[    9.291513] systemd[1]: Created slice system-serial\x2dgetty.slice.
[[0;32m  OK  [0m] Created slice system-serial\x2dgetty.slice.
[    9.300363] systemd[1]: Starting Load Kernel Modules...
         Starting Load Kernel Modules...
[    9.302324] systemd[1]: Mounting Huge Pages File System...
         Mounting Huge Pages File System...
[    9.303887] systemd[1]: Listening on /dev/initctl Compatibility Named Pipe.
[[0;32m  OK  [0m] Listening on /dev/initctl Compatibility Named Pipe.
[    9.306185] systemd[1]: Starting Set console keymap...
         Starting Set console keymap...
[    9.308565] Loading iSCSI transport class v2.0-870.
[    9.314536] iscsi: registered transport (tcp)
[    9.315457] systemd[1]: Starting Remount Root and Kernel File Systems...
         Starting Remount Root and Kernel File Systems...
[    9.320081] EXT4-fs (sda1): re-mounted. Opts: (null)
[    9.323444] systemd[1]: Mounted Debug File System.
[[0;32m  OK  [0m] Mounted Debug File System.
[    9.330394] systemd[1]: Mounted Huge Pages File System.
[[0;32m  OK  [0m] Mounted Huge Pages File System.
[    9.332191] systemd[1]: Mounted POSIX Message Queue File System.
[[0;32m  OK  [0m] Mounted POSIX Message Queue File System.
[    9.338620] systemd[1]: Started Journal Service.
[[0;32m  OK  [0m] Started Journal Service.
[    9.342640] iscsi: registered transport (iser)
[[0;32m  OK  [0m] Started Create list of required sta...ce nodes for the current kernel.
[[0;32m  OK  [0m] Started Uncomplicated firewall.
[[0;32m  OK  [0m] Started Load Kernel Modules.
[[0;32m  OK  [0m] Started Set console keymap.
[[0;32m  OK  [0m] Started Remount Root and Kernel File Systems.
[[0;32m  OK  [0m] Started Nameserver information manager.
[[0;32m  OK  [0m] Started LVM2 metadata daemon.
         Starting Load/Save Random Seed...
         Starting udev Coldplug all Devices...
         Mounting FUSE Control File System...
         Starting Apply Kernel Variables...
         Starting Create Static Device Nodes in /dev...
         Starting Flush Journal to Persistent Storage...
[[0;32m  OK  [0m] Mounted FUSE Control File System.
[[0;32m  OK  [0m] Started Load/Save Random Seed.
[    9.809840] systemd-journald[380]: Received request to flush runtime journal from PID 1
[[0;32m  OK  [0m] Started Apply Kernel Variables.
[[0;32m  OK  [0m] Started Flush Journal to Persistent Storage.
[[0;32m  OK  [0m] Started Create Static Device Nodes in /dev.
         Starting udev Kernel Device Manager...
[[0;32m  OK  [0m] Started udev Coldplug all Devices.
[[0;32m  OK  [0m] Started udev Kernel Device Manager.
[[0;32m  OK  [0m] Started Dispatch Password Requests to Console Directory Watch.
[[0;32m  OK  [0m] Found device /dev/ttyS0.
[[0;32m  OK  [0m] Listening on Load/Save RF Kill Switch Status /dev/rfkill Watch.
[[0;32m  OK  [0m] Started Monitoring of LVM2 mirrors,...ng dmeventd or progress polling.
[[0;32m  OK  [0m] Reached target Local File Systems (Pre).
[[0;32m  OK  [0m] Reached target Local File Systems.
         Starting Set console font and keymap...
         Starting Create Volatile Files and Directories...
         Starting Initial cloud-init job (pre-networking)...
         Starting Commit a transient machine-id on disk...
         Starting Tell Plymouth To Write Out Runtime Data...
         Starting LSB: AppArmor initialization...
[[0;32m  OK  [0m] Started Create Volatile Files and Directories.
[[0;32m  OK  [0m] Started Tell Plymouth To Write Out Runtime Data.
         Starting Update UTMP about System Boot/Shutdown...
[[0;32m  OK  [0m] Started Update UTMP about System Boot/Shutdown.
[[0;32m  OK  [0m] Started Commit a transient machine-id on disk.
[[0;32m  OK  [0m] Started Set console font and keymap.
[[0;32m  OK  [0m] Created slice system-getty.slice.
[   11.552508] cloud-init[638]: Cloud-init v. 19.4-33-gbb4131a2-0ubuntu1~16.04.1 running 'init-local' at Tue, 17 Mar 2020 11:58:31 +0000. Up 11.14 seconds.
[[0;32m  OK  [0m] Started Initial cloud-init job (pre-networking).
[[0;32m  OK  [0m] Reached target Network (Pre).
[[0;32m  OK  [0m] Started LSB: AppArmor initialization.
         Starting Raise network interfaces...
[[0;32m  OK  [0m] Started Raise network interfaces.
         Starting Initial cloud-init job (metadata service crawler)...
[[0;32m  OK  [0m] Reached target Network.
[   12.849907] cloud-init[959]: Cloud-init v. 19.4-33-gbb4131a2-0ubuntu1~16.04.1 running 'init' at Tue, 17 Mar 2020 11:58:32 +0000. Up 12.33 seconds.
[   12.851247] cloud-init[959]: ci-info: ++++++++++++++++++++++++++++++++++++Net device info+++++++++++++++++++++++++++++++++++++
[   12.852479] cloud-init[959]: ci-info: +--------+-------+------------------------+---------------+--------+-------------------+
[   12.854122] cloud-init[959]: ci-info: | Device |   Up  |        Address         |      Mask     | Scope  |     Hw-Address    |
[   12.855720] cloud-init[959]: ci-info: +--------+-------+------------------------+---------------+--------+-------------------+
[   12.857281] cloud-init[959]: ci-info: | enp0s3 |  True |       10.0.2.15        | 255.255.255.0 | global | 02:0e:0c:9a:00:f0 |
[   12.858813] cloud-init[959]: ci-info: | enp0s3 |  True | fe80::e:cff:fe9a:f0/64 |       .       |  link  | 02:0e:0c:9a:00:f0 |
[   12.860197] cloud-init[959]: ci-info: | enp0s8 | False |           .            |       .       |   .    | 08:00:27:94:99:91 |
[   12.861870] cloud-init[959]: ci-info: |   lo   |  True |       127.0.0.1        |   255.0.0.0   |  host  |         .         |
[   12.863550] cloud-init[959]: ci-info: |   lo   |  True |        ::1/128         |       .       |  host  |         .         |
[   12.866034] cloud-init[959]: ci-info: +--------+-------+------------------------+---------------+--------+-------------------+
[   12.868251] cloud-init[959]: ci-info: +++++++++++++++++++++++++++Route IPv4 info++++++++++++++++++++++++++++
[   12.870372] cloud-init[959]: ci-info: +-------+-------------+----------+---------------+-----------+-------+
[   12.871709] cloud-init[959]: ci-info: | Route | Destination | Gateway  |    Genmask    | Interface | Flags |
[   12.873185] cloud-init[959]: ci-info: +-------+-------------+----------+---------------+-----------+-------+
[   12.880463] cloud-init[959]: ci-info: |   0   |   0.0.0.0   | 10.0.2.2 |    0.0.0.0    |   enp0s3  |   UG  |
[   12.888328] cloud-init[959]: ci-info: |   1   |   10.0.2.0  | 0.0.0.0  | 255.255.255.0 |   enp0s3  |   U   |
[   12.889761] cloud-init[959]: ci-info: +-------+-------------+----------+---------------+-----------+-------+
[   12.890956] cloud-init[[0;32m  OK  [0m] Started Initial cloud-init job (metadata service crawler).
[[0;32m  OK  [0m] Reached target System Initialization.
[[0;32m  OK  [0m] Listening on ACPID Listen Socket.
[959]: ci-info: +++++++++++++++++++Route IPv6 info+++++++++++++++++++
[   12.893648] [[0;32m  OK  [0m] Started ACPI Events Check.
[[0;32m  OK  [0m] Reached target Paths.
         Starting Socket activation for snappy daemon.
[[0;32m  OK  [0m] Started Daily Cleanup of Temporary Directories.
[[0;32m  OK  [0m] Listening on UUID daemon activation socket.
[[0;32m  OK  [0m] Started Message of the Day.
[[0;32m  OK  [0m] Started Daily apt download activities.
[[0;32m  OK  [0m] Started Daily apt upgrade and clean activities.
[[0;32m  OK  [0m] Reached target Timers.
[[0;32m  OK  [0m] Listening on D-Bus System Message Bus Socket.
         Starting LXD - unix socket.
[[0;32m  OK  [0m] Reached target Network is Online.
cloud-init[959]: ci-info: +-------+-------------+---------+-----------+-------+
[   12.900782] cloud-init[959]: ci-info: | Route | Destination | Gateway | Interface | Flags |
[   12.901890] cloud-init[959]: ci-info: +-------+-------------+---------+-----------+-------+
[   12.903071] cloud-init[959]: ci-info: |   0   |  fe80::/64  |    ::   |   enp0s3  |   U   |
[   12.904281] cloud-init[959]: ci-info: |   3   |   ff00::/8  |    ::   |   enp0s3  |   U   |
         Starting iSCSI initiator daemon (iscsid)...
[   12.909617] [cloud-init[0;32m  OK  [0m[959]: ] ci-info: +-------+-------------+---------+-----------+-------+Reached target Cloud-config availability.

[   12.910312] cloud-init[959]: Generating public/private rsa key pair.
[   12.911948] [cloud-init[0;32m  OK  [0m[959]: ] Your identification has been saved in /etc/ssh/ssh_host_rsa_key.Listening on Socket activation for snappy daemon.

[[0;32m  OK  [0m] Listening on LXD - unix socket.
[   12.912560] cloud-init[959]: Your public key has been saved in /etc/ssh/ssh_host_rsa_key.pub.
[[0;32m  OK  [0m] Reached target Sockets.
[[0;32m  OK  [0m] Reached target Basic System.
[   12.915222] cloud-init[959]: The key fingerprint is:
[   12.921947]          Starting /etc/rc.local Compatibility...
cloud-init[959]: SHA256:WrLygY31oEhzB+Ff+x0dBTmET+jPtOUmDuXUAqL/E3M root@ubuntu-xenial
[   12.923408] cloud-init[959]: The key's randomart image is:
         Starting LSB: MD monitoring daemon...
[   12.927097] cloud-init[959]: +---[RSA 2048]----+
         [   12.928807] cloud-init[959]: |    .        +oo.|
[   12.929121] cloud-init[959]: |   . .    . + +. |
[   12.929391] cloud-init[959]: |    o   .. o +.o |
Starting Login Service...
[   12.929654] cloud-init[959]: |     o ...  ..*.o|
[   12.930956] cloud-init[959]: |  o . * S.  .B.= |
         Starting System Logging Service...[   12.932398] 
cloud-init[959]: | . + B B ...+.E o|
         Starting Virtualbox guest utils...
[   12.935394] cloud-init[959]: |  . = = . ...* o |
[   12.937154] cloud-init[959]: |     o .    o .  |
[   12.940347] cloud-init[959]: |      .      .   |
[   12.941197] cloud-init[959]: +----[SHA256]-----+
[   12.941397] cloud-init[959]: Generating public/private dsa key pair.
[   12.941661] cloud-init[959]: Your identification has been saved in /etc/ssh/ssh_host_dsa_key.
[   12.941921] cloud-init[959]: Your public key has been saved in /etc/ssh/ssh_host_dsa_key.pub.
[   12.942186] cloud-init[959]: The key fingerprint is:
[   12.942440] cloud-init[959]: SHA256:FPwCfvC9kwIu+EAbwD9QOtFHbLCWxqq7fmdo165S3QE root@ubuntu-xenial
[   12.942699] cloud-init[959]: The key's randomart image is:
[   12.942973] cloud-init[959]: +---[DSA 1024]----+
[   12.943243] cloud-init[959]: |..oo+. ..        |
[   12.943490] cloud-init[959]: |.o+.o+oE..       |
[   12.943808] cloud-init[959]: | +o*o. +oo       |
[   12.944379] cloud-init[959]: |  Bo  o.+.o      |
[   12.944624] cloud-init[959]: | o +...oS..o     |
[   12.944874] cloud-init[959]: |. + ......+      |
[   12.945005] cloud-init[959]: |.  oo..  . .     |
[   12.945448] cloud-init[959]: | . =.+ .         |
[   12.945806] cloud-init[959]: |+oo =.o.         |
[   12.946087] cloud-init[959]: +----[SHA256]-----+
[   12.946405] cloud-init[959]: Generating public/private ecdsa key pair.
[   12.946468] cloud-init[959]: Your identification has been saved in /etc/ssh/ssh_host_ecdsa_key.
[   12.946806] cloud-init[959]: Your public key has been saved in /etc/ssh/ssh_host_ecdsa_key.pub.
[   12.947148] cloud-init[959]: The key fingerprint is:
[   12.947268] cloud-init[959]: SHA256:/zh1jYNGy3NFko04qdGoaWO0hLhGrOVknR+w/t9T7xE root@ubuntu-xenial
[   12.947432] cloud-init[959]: The key's randomart image is:
[   12.947690] cloud-init[959]: +---[ECDSA 256]---+
[   12.948359] cloud-init[959]: |   . o.+   o o + |
[   12.948441] cloud-init[959]: |    B +.+ o = + o|
[   12.948833] cloud-init[959]: |   B ..+ = o . o |
[   12.949131] cloud-init[959]: |  . +.  O . .   .|
[   12.949376] cloud-init[959]: |   .  .oS. o o E |
[   12.949658] cloud-init[959]: |       . .  B * o|
[   12.949943] cloud-init[959]: |        . .o = + |
[   12.950049] cloud-init[959]: |         ..+.   o|
[   12.950313] cloud-init[959]: |          o.o. ..|
[   12.950435] cloud-init[959]: +----[SHA256]-----+
[   12.950710] cloud-init[959]: Generating public/private ed25519 key pair.
[   12.950982] cloud-init[959]: Your identification has been saved in /etc/ssh/ssh_host_ed25519_key.
[   12.951259] cloud-init[959]: Your public key has been saved in /etc/ssh/ssh_host_ed25519_key.pub.
[   12.951513] cloud-init[959]: The key fingerprint is:
[   12.951809] cloud-init[959]: SHA256:r/73XeH8KZeUCA8ykb4/kt/HsTePx01a8GbgvxeUrQI root@ubuntu-xenial
[   12.952330] cloud-init[959]: The key's randomart image is:
[   12.952623] cloud-init[959]: +--[ED25519 256]--+
[   12.952892] cloud-init[959]: |          .      |
[   12.953171] cloud-init[959]: |         o       |
[   12.953494] cloud-init[959]: |        . .     o|
[   12.953882] cloud-init[959]: |         +Eo  oo.|
[   12.954199] cloud-init[959]: |        S +.+.o*.|
[   12.954990] cloud-init[959]: |         o  .o==B|
[   12.955194] cloud-init[959]: |          +  .o@B|
[   12.955496] cloud-init[959]: |         + oo..X@|
[   12.955763] cloud-init[959]: |       .o.+o.o*+X|
[   12.956018] cloud-init[959]: +----[SHA256]-----+
         Starting Pollinate to seed the pseudo random number generator...
[[0;32m  OK  [0m] Started ACPI event daemon.
[[0;32m  OK  [0m] Started Deferred execution scheduler.
         Starting Accounts Service...
[[0;32m  OK  [0m] Started FUSE filesystem for LXC.
[[0;32m  OK  [0m] Started D-Bus System Message Bus.
         Starting LXD - container startup/shutdown...
         Starting LSB: Record successful boot for GRUB...
[[0;32m  OK  [0m] Started Regular background program processing daemon.
         Starting Snappy daemon...
[[0;32m  OK  [0m] Started System Logging Service.
[[0;32m  OK  [0m] Started /etc/rc.local Compatibility.
[[0;32m  OK  [0m] Started iSCSI initiator daemon (iscsid).
         Starting Authenticate and Authorize Users to Run Privileged Tasks...
         Starting Login to default iSCSI targets...
[[0;32m  OK  [0m] Started LSB: MD monitoring daemon.
[[0;32m  OK  [0m] Started Login Service.
[[0;32m  OK  [0m] Started Unattended Upgrades Shutdown.
[[0;32m  OK  [0m] Started Login to default iSCSI targets.
[[0;32m  OK  [0m] Reached target Remote File Systems (Pre).
[[0;32m  OK  [0m] Reached target Remote File Systems.
         Starting LSB: Set the CPU Frequency Scaling governor to "ondemand"...
         Starting Permit User Sessions...
         Starting LSB: daemon to balance interrupts for SMP systems...
         Starting LSB: automatic crash report generation...
[[0;32m  OK  [0m] Started Permit User Sessions.
         Starting Terminate Plymouth Boot Screen...
         Starting Hold until boot process finishes up...
[[0;32m  OK  [0m] Started LSB: Set the CPU Frequency Scaling governor to "ondemand".
[[0;32m  OK  [0m] Started Terminate Plymouth Boot Screen.
[[0;32m  OK  [0m] Started Hold until boot process finishes up.
[[0;32m  OK  [0m] Started Authenticate and Authorize Users to Run Privileged Tasks.
[[0;32m  OK  [0m] Started LSB: Record successful boot for GRUB.
[[0;32m  OK  [0m] Started LSB: daemon to balance interrupts for SMP systems.
[[0;32m  OK  [0m] Started LSB: automatic crash report generation.
[[0;32m  OK  [0m] Started Accounts Service.
[[0;32m  OK  [0m] Started Getty on tty1.
         Starting Set console scheme...
[[0;32m  OK  [0m] Started Serial Getty on ttyS0.
[[0;32m  OK  [0m] Reached target Login Prompts.
[[0;32m  OK  [0m] Started Virtualbox guest utils.
[[0;32m  OK  [0m] Started Set console scheme.
[[0;32m  OK  [0m] Started LXD - container startup/shutdown.
[[0;32m  OK  [0m] Started Snappy daemon.
         Starting Wait until snapd is fully seeded...
[[0;32m  OK  [0m] Started Pollinate to seed the pseudo random number generator.
         Starting OpenBSD Secure Shell server...
[[0;32m  OK  [0m] Started OpenBSD Secure Shell server.
[[0;32m  OK  [0m] Created slice User Slice of vagrant.
         Starting User Manager for UID 1000...
[[0;32m  OK  [0m] Started Session 1 of user vagrant.
[[0;32m  OK  [0m] Started User Manager for UID 1000.
[[0;32m  OK  [0m] Started Wait until snapd is fully seeded.
         Starting Apply the settings specified in cloud-config...
[[0;32m  OK  [0m] Reached target Multi-User System.
[[0;32m  OK  [0m] Reached target Graphical Interface.
         Starting Update UTMP about System Runlevel Changes...
[[0;32m  OK  [0m] Started Update UTMP about System Runlevel Changes.
[   14.878864] cloud-init[1385]: Generating locales (this might take a while)...
[   15.915877] cloud-init[1385]:   en_US.UTF-8... done
[   15.925020] cloud-init[1385]: Generation complete.
[   16.201218] cloud-init[1385]: Cloud-init v. 19.4-33-gbb4131a2-0ubuntu1~16.04.1 running 'modules:config' at Tue, 17 Mar 2020 11:58:34 +0000. Up 14.76 seconds.
[[0;32m  OK  [0m] Started Apply the settings specified in cloud-config.
         Starting Execute cloud user/final scripts...
         Stopping User Manager for UID 1000...
[[0;32m  OK  [0m] Stopped User Manager for UID 1000.
[[0;32m  OK  [0m] Removed slice User Slice of vagrant.
ci-info: no authorized SSH keys fingerprints found for user ubuntu.
<14>Mar 17 11:58:36 ec2: 
<14>Mar 17 11:58:36 ec2: #############################################################
<14>Mar 17 11:58:36 ec2: -----BEGIN SSH HOST KEY FINGERPRINTS-----
<14>Mar 17 11:58:36 ec2: 1024 SHA256:FPwCfvC9kwIu+EAbwD9QOtFHbLCWxqq7fmdo165S3QE root@ubuntu-xenial (DSA)
<14>Mar 17 11:58:36 ec2: 256 SHA256:/zh1jYNGy3NFko04qdGoaWO0hLhGrOVknR+w/t9T7xE root@ubuntu-xenial (ECDSA)
<14>Mar 17 11:58:36 ec2: 256 SHA256:r/73XeH8KZeUCA8ykb4/kt/HsTePx01a8GbgvxeUrQI root@ubuntu-xenial (ED25519)
<14>Mar 17 11:58:36 ec2: 2048 SHA256:WrLygY31oEhzB+Ff+x0dBTmET+jPtOUmDuXUAqL/E3M root@ubuntu-xenial (RSA)
<14>Mar 17 11:58:36 ec2: -----END SSH HOST KEY FINGERPRINTS-----
<14>Mar 17 11:58:36 ec2: #############################################################
-----BEGIN SSH HOST KEY KEYS-----
ecdsa-sha2-nistp256 AAAAE2VjZHNhLXNoYTItbmlzdHAyNTYAAAAIbmlzdHAyNTYAAABBBF9JRgFyDMj/42GnBm9lYTDdho3nZ82ElmLE5n8xlemfnl2eIPP6ZBolF48f7lvThBnmwkZwCKQXiW1pciSMGNU= root@ubuntu-xenial
ssh-ed25519 AAAAC3NzaC1lZDI1NTE5AAAAINPDMvPpSvqi/OUnoEwU7g3cSZuCK0utx8IHnnkm8NPe root@ubuntu-xenial
ssh-rsa AAAAB3NzaC1yc2EAAAADAQABAAABAQDFSPhOcA7dfTgJi2iwv6ZT9n8eJtt0VdhdWfEctVFmFHxF+hKoyrJPNcUo9hdpVSrbyQTchLKX4PJjVY+EdAvr59r6jAL32Zb5ySF1GBBZ4t4nx5bGTkd+J+1lVavQXTNFmi2HOfzkHZ3im7fs984mmk9iBCDD7cJQfKozfxFlao3nAODg24LLrBxfeEm/nRO9xNwes80ZYbwcYm1lRLR9ANx1kPi6jWR6VLmbSdih29xC79xXqetwO/mPkIGslS9xyfST0lmXZ5kZeVl3Vprm9KWVh7R7lO9UA+dHUrv/x36bnskOSYFIxRUyWcWdhsUQmmvx38qO9eCNv8wuYlN9 root@ubuntu-xenial
-----END SSH HOST KEY KEYS-----
[   16.754264] cloud-init[1545]: Cloud-init v. 19.4-33-gbb4131a2-0ubuntu1~16.04.1 running 'modules:final' at Tue, 17 Mar 2020 11:58:36 +0000. Up 16.58 seconds.
[   16.764817] cloud-init[1545]: ci-info: no authorized SSH keys fingerprints found for user ubuntu.
[   16.765708] cloud-init[1545]: Cloud-init v. 19.4-33-gbb4131a2-0ubuntu1~16.04.1 finished at Tue, 17 Mar 2020 11:58:36 +0000. Datasource DataSourceNoCloud [seed=/dev/sdb][dsmode=net].  Up 16.74 seconds
[[0;32m  OK  [0m] Started Execute cloud user/final scripts.
[[0;32m  OK  [0m] Reached target Cloud-init target.

Ubuntu 16.04.6 LTS ubuntu-xenial ttyS0

ubuntu-xenial login: 